Archive member included because of file (symbol)

build/hardware_drivers//libhardware_drivers.a(sync_init.o)
                              build/sync/main.o (ViaSync::init())
build/hardware_drivers//libhardware_drivers.a(sync_interrupt_handlers.o)
                              build/sync/interrupt_link.o (ViaSync::mainRisingEdgeCallback())
build/hardware_drivers//libhardware_drivers.a(sync_scales.o)
                              build/hardware_drivers//libhardware_drivers.a(sync_init.o) (ViaSync::initializeScales())
build/hardware_drivers//libhardware_drivers.a(sync_table_init.o)
                              build/hardware_drivers//libhardware_drivers.a(sync_init.o) (ViaSync::fillWavetableArray())
build/hardware_drivers//libhardware_drivers.a(sync_ui_implementation.o)
                              build/hardware_drivers//libhardware_drivers.a(sync_init.o) (ViaSync::ViaSyncUI::initialize())
build/hardware_drivers//libhardware_drivers.a(pll_controller.o)
                              build/hardware_drivers//libhardware_drivers.a(sync_interrupt_handlers.o) (PllController::parseControls(ViaControls*, ViaInputStreams*))
build/hardware_drivers//libhardware_drivers.a(sync_wavetable.o)
                              build/hardware_drivers//libhardware_drivers.a(sync_interrupt_handlers.o) (SyncWavetable::parseControls(ViaControls*))
build/hardware_drivers//libhardware_drivers.a(ui_helpers.o)
                              build/sync/main.o (linkUI)
build/hardware_drivers//libhardware_drivers.a(ui_main.o)
                              build/hardware_drivers//libhardware_drivers.a(sync_ui_implementation.o) (ViaUI::transition(void (ViaUI::*)(long)))
build/hardware_drivers//libhardware_drivers.a(ui_menus.o)
                              build/hardware_drivers//libhardware_drivers.a(ui_main.o) (ViaUI::aux2MenuAlt(long))
build/hardware_drivers//libhardware_drivers.a(ui_presets.o)
                              build/hardware_drivers//libhardware_drivers.a(ui_main.o) (ViaUI::presetMenu(long))
build/hardware_drivers//libhardware_drivers.a(ui_save_recall.o)
                              build/hardware_drivers//libhardware_drivers.a(ui_main.o) (ViaUI::initialize())
build/hardware_drivers//libhardware_drivers.a(adc.o)
                              build/sync/main.o (MX_ADC1_Init)
build/hardware_drivers//libhardware_drivers.a(dac.o)
                              build/sync/main.o (MX_DAC1_Init)
build/hardware_drivers//libhardware_drivers.a(dma.o)
                              build/sync/main.o (MX_DMA_Init)
build/hardware_drivers//libhardware_drivers.a(eeprom.o)
                              build/hardware_drivers//libhardware_drivers.a(sync_ui_implementation.o) (EE_Init)
build/hardware_drivers//libhardware_drivers.a(gpio.o)
                              build/sync/main.o (MX_GPIO_Init)
build/hardware_drivers//libhardware_drivers.a(sdadc.o)
                              build/sync/main.o (MX_SDADC1_Init)
build/hardware_drivers//libhardware_drivers.a(system_stm32f3xx.o)
                              build/sync/startup_stm32f373xc.o (SystemInit)
build/hardware_drivers//libhardware_drivers.a(tim.o)
                              build/sync/main.o (MX_TIM2_Init)
build/hardware_drivers//libhardware_drivers.a(touchsensing.o)
                              build/sync/main.o (MX_TOUCHSENSING_Init)
build/hardware_drivers//libhardware_drivers.a(tsc.o)
                              build/sync/main.o (MX_TSC_Init)
build/hardware_drivers//libhardware_drivers.a(tsl_user.o)
                              build/hardware_drivers//libhardware_drivers.a(sync_ui_implementation.o) (tsl_user_Init)
build/hardware_drivers//libhardware_drivers.a(tsl_acq.o)
                              build/hardware_drivers//libhardware_drivers.a(tsl_user.o) (TSL_acq_BankGetResult)
build/hardware_drivers//libhardware_drivers.a(tsl_acq_tsc.o)
                              build/hardware_drivers//libhardware_drivers.a(tsl_user.o) (TSL_acq_BankConfig)
build/hardware_drivers//libhardware_drivers.a(tsl.o)
                              build/hardware_drivers//libhardware_drivers.a(tsl_user.o) (TSL_Init)
build/hardware_drivers//libhardware_drivers.a(tsl_dxs.o)
                              build/hardware_drivers//libhardware_drivers.a(tsl_user.o) (TSL_dxs_FirstObj)
build/hardware_drivers//libhardware_drivers.a(tsl_ecs.o)
                              build/hardware_drivers//libhardware_drivers.a(tsl_user.o) (TSL_ecs_Process)
build/hardware_drivers//libhardware_drivers.a(tsl_globals.o)
                              build/hardware_drivers//libhardware_drivers.a(tsl_acq.o) (TSL_Globals)
build/hardware_drivers//libhardware_drivers.a(tsl_object.o)
                              build/hardware_drivers//libhardware_drivers.a(tsl_user.o) (TSL_obj_GroupInit)
build/hardware_drivers//libhardware_drivers.a(tsl_time.o)
                              build/hardware_drivers//libhardware_drivers.a(tsl_user.o) (TSL_tim_CheckDelay_ms)
build/hardware_drivers//libhardware_drivers.a(tsl_touchkey.o)
[...]
Memory Configuration

Name             Origin             Length             Attributes
RAM              0x20000000         0x00008000         xrw
FLASH            0x08000000         0x00040000         xr
*default*        0x00000000         0xffffffff

Linker script and memory map

LOAD /usr/local/gcc-arm-none-eabi-4_8-2014q1/bin/../lib/gcc/arm-none-eabi/4.8.3/armv7e-m/fpu/crti.o
LOAD /usr/local/gcc-arm-none-eabi-4_8-2014q1/bin/../lib/gcc/arm-none-eabi/4.8.3/armv7e-m/fpu/crtbegin.o
LOAD /usr/local/gcc-arm-none-eabi-4_8-2014q1/bin/../lib/gcc/arm-none-eabi/4.8.3/../../../../arm-none-eabi/lib/armv7e-m/fpu/crt0.o
LOAD build/sync/interrupt_link.o
LOAD build/sync/main.o
LOAD build/sync/main_hardware_init.o
LOAD build/sync/stm32f3xx_it.o
LOAD build/sync/stm32f3xx_hal_adc.o
LOAD build/sync/stm32f3xx_hal_adc_ex.o
LOAD build/sync/stm32f3xx_hal.o
LOAD build/sync/stm32f3xx_hal_cortex.o
LOAD build/sync/stm32f3xx_hal_dac.o
LOAD build/sync/stm32f3xx_hal_dac_ex.o
LOAD build/sync/stm32f3xx_hal_dma.o
LOAD build/sync/stm32f3xx_hal_flash.o
LOAD build/sync/stm32f3xx_hal_flash_ex.o
LOAD build/sync/stm32f3xx_hal_gpio.o
LOAD build/sync/stm32f3xx_hal_pwr.o
LOAD build/sync/stm32f3xx_hal_pwr_ex.o
LOAD build/sync/stm32f3xx_hal_rcc.o
LOAD build/sync/stm32f3xx_hal_rcc_ex.o
LOAD build/sync/stm32f3xx_hal_sdadc.o
LOAD build/sync/stm32f3xx_hal_tim.o
LOAD build/sync/stm32f3xx_hal_tim_ex.o
LOAD build/sync/stm32f3xx_hal_tsc.o
LOAD build/sync/user_interrupts.o
LOAD build/sync/startup_stm32f373xc.o
LOAD build/hardware_drivers//libhardware_drivers.a
LOAD /usr/local/gcc-arm-none-eabi-4_8-2014q1/bin/../lib/gcc/arm-none-eabi/4.8.3/../../../../arm-none-eabi/lib/armv7e-m/fpu/libstdc++_s.a
LOAD /usr/local/gcc-arm-none-eabi-4_8-2014q1/bin/../lib/gcc/arm-none-eabi/4.8.3/../../../../arm-none-eabi/lib/armv7e-m/fpu/libm.a
START GROUP
LOAD /usr/local/gcc-arm-none-eabi-4_8-2014q1/bin/../lib/gcc/arm-none-eabi/4.8.3/armv7e-m/fpu/libgcc.a
LOAD /usr/local/gcc-arm-none-eabi-4_8-2014q1/bin/../lib/gcc/arm-none-eabi/4.8.3/../../../../arm-none-eabi/lib/armv7e-m/fpu/libc_s.a
END GROUP
START GROUP
LOAD /usr/local/gcc-arm-none-eabi-4_8-2014q1/bin/../lib/gcc/arm-none-eabi/4.8.3/armv7e-m/fpu/libgcc.a
LOAD /usr/local/gcc-arm-none-eabi-4_8-2014q1/bin/../lib/gcc/arm-none-eabi/4.8.3/../../../../arm-none-eabi/lib/armv7e-m/fpu/libc_s.a
LOAD /usr/local/gcc-arm-none-eabi-4_8-2014q1/bin/../lib/gcc/arm-none-eabi/4.8.3/../../../../arm-none-eabi/lib/armv7e-m/fpu/libnosys.a
END GROUP
START GROUP
LOAD /usr/local/gcc-arm-none-eabi-4_8-2014q1/bin/../lib/gcc/arm-none-eabi/4.8.3/armv7e-m/fpu/libgcc.a
LOAD /usr/local/gcc-arm-none-eabi-4_8-2014q1/bin/../lib/gcc/arm-none-eabi/4.8.3/../../../../arm-none-eabi/lib/armv7e-m/fpu/libc_s.a
LOAD /usr/local/gcc-arm-none-eabi-4_8-2014q1/bin/../lib/gcc/arm-none-eabi/4.8.3/../../../../arm-none-eabi/lib/armv7e-m/fpu/libnosys.a
END GROUP
LOAD /usr/local/gcc-arm-none-eabi-4_8-2014q1/bin/../lib/gcc/arm-none-eabi/4.8.3/armv7e-m/fpu/crtend.o
LOAD /usr/local/gcc-arm-none-eabi-4_8-2014q1/bin/../lib/gcc/arm-none-eabi/4.8.3/armv7e-m/fpu/crtn.o
                0x20008000                _estack = 0x20008000
                0x00000200                _Min_Heap_Size = 0x200
                0x00000400                _Min_Stack_Size = 0x400

.isr_vector     0x08000000      0x188
                0x08000000                . = ALIGN (0x4)
 *(.isr_vector)
 .isr_vector    0x08000000      0x188 build/sync/startup_stm32f373xc.o
                0x08000000                g_pfnVectors
                0x08000188                . = ALIGN (0x4)

.text           0x08000188     0xc340
                0x08000188                . = ALIGN (0x4)
 *(.text)
 .text          0x08000188       0x54 /usr/local/gcc-arm-none-eabi-4_8-2014q1/bin/../lib/gcc/arm-none-eabi/4.8.3/armv7e-m/fpu/crtbegin.o
 .text          0x080001dc       0x2c /usr/local/gcc-arm-none-eabi-4_8-2014q1/bin/../lib/gcc/arm-none-eabi/4.8.3/armv7e-m/fpu/libgcc.a(_aeabi_uldivmod.o)
                0x080001dc                __aeabi_uldivmod
 .text          0x08000208       0x60 /usr/local/gcc-arm-none-eabi-4_8-2014q1/bin/../lib/gcc/arm-none-eabi/4.8.3/armv7e-m/fpu/libgcc.a(bpabi.o)
                0x08000208                __gnu_ldivmod_helper
                0x08000238                __gnu_uldivmod_helper
 .text          0x08000268        0x4 /usr/local/gcc-arm-none-eabi-4_8-2014q1/bin/../lib/gcc/arm-none-eabi/4.8.3/armv7e-m/fpu/libgcc.a(_dvmd_tls.o)
                0x08000268                __aeabi_ldiv0
                0x08000268                __aeabi_idiv0
 .text          0x0800026c      0x298 /usr/local/gcc-arm-none-eabi-4_8-2014q1/bin/../lib/gcc/arm-none-eabi/4.8.3/armv7e-m/fpu/libgcc.a(_divdi3.o)
                0x0800026c                __divdi3
 .text          0x08000504      0x284 /usr/local/gcc-arm-none-eabi-4_8-2014q1/bin/../lib/gcc/arm-none-eabi/4.8.3/armv7e-m/fpu/libgcc.a(_udivdi3.o)
                0x08000504                __udivdi3
 *(.text*)
 .text._Z15dacTimerHandlerPv
                0x08000788        0x4 build/sync/interrupt_link.o
                0x08000788                dacTimerHandler(void*)
 .text._Z14uiTimerHandlerPv
                0x0800078c        0xc build/sync/interrupt_link.o
                0x0800078c                uiTimerHandler(void*)
 .text._Z21mainRisingEdgeHandlerPv
                0x08000798        0x4 build/sync/interrupt_link.o
                0x08000798                mainRisingEdgeHandler(void*)
 .text._Z22mainFallingEdgeHandlerPv
                0x0800079c        0x4 build/sync/interrupt_link.o
                0x0800079c                mainFallingEdgeHandler(void*)
 .text._Z20auxRisingEdgeHandlerPv
                0x080007a0        0x4 build/sync/interrupt_link.o
                0x080007a0                auxRisingEdgeHandler(void*)
 .text._Z21auxFallingEdgeHandlerPv
                0x080007a4        0x4 build/sync/interrupt_link.o
                0x080007a4                auxFallingEdgeHandler(void*)
 .text._Z20buttonPressedHandlerPv
                0x080007a8        0x4 build/sync/interrupt_link.o
                0x080007a8                buttonPressedHandler(void*)
 .text._Z21buttonReleasedHandlerPv
                0x080007ac        0x4 build/sync/interrupt_link.o
                0x080007ac                buttonReleasedHandler(void*)
 .text._Z28adcConversionCompleteHandlerPv
                0x080007b0        0x4 build/sync/interrupt_link.o
                0x080007b0                adcConversionCompleteHandler(void*)
 .text._Z22dacHalfTransferHandlerPv
                0x080007b4        0x4 build/sync/interrupt_link.o
                0x080007b4                dacHalfTransferHandler(void*)
 .text._Z26dacTransferCompleteHandlerPv
                0x080007b8        0x4 build/sync/interrupt_link.o
                0x080007b8                dacTransferCompleteHandler(void*)
 .text._Z25auxTimer1InterruptHandlerPv
                0x080007bc        0x4 build/sync/interrupt_link.o
                0x080007bc                auxTimer1InterruptHandler(void*)
 .text._Z25auxTimer2InterruptHandlerPv
                0x080007c0        0x4 build/sync/interrupt_link.o
                0x080007c0                auxTimer2InterruptHandler(void*)
 .text._Z31sdaadcConversionCompleteHandlerPv
                0x080007c4        0x4 build/sync/interrupt_link.o
                0x080007c4                sdaadcConversionCompleteHandler(void*)
 .text._Z14linkInterruptsP7ViaSync
                0x080007c8       0x80 build/sync/interrupt_link.o
                0x080007c8                linkInterrupts(ViaSync*)
 .text._ZN9ViaModule12ioStreamInitEv
                0x08000848       0xcc build/sync/main.o
                0x08000848                ViaModule::ioStreamInit()
 .text._Z18SystemClock_Configv
                0x08000914       0x9c build/sync/main.o
                0x08000914                SystemClock_Config()
 .text.startup.main
                0x080009b0      0x4ec build/sync/main.o
                0x080009b0                main
 .text._Error_Handler
                0x08000e9c        0x4 build/sync/main.o
                0x08000e9c                _Error_Handler
 .text._Z16mainHardwareInitv
                0x08000ea0       0xf8 build/sync/main_hardware_init.o
                0x08000ea0                mainHardwareInit()
 .text.NMI_Handler
                0x08000f98        0x4 build/sync/stm32f3xx_it.o
                0x08000f98                NMI_Handler
 .text.HardFault_Handler
                0x08000f9c        0x4 build/sync/stm32f3xx_it.o
                0x08000f9c                HardFault_Handler
 .text.MemManage_Handler
                0x08000fa0        0x4 build/sync/stm32f3xx_it.o
                0x08000fa0                MemManage_Handler
 .text.BusFault_Handler
                0x08000fa4        0x4 build/sync/stm32f3xx_it.o
                0x08000fa4                BusFault_Handler
 .text.UsageFault_Handler
                0x08000fa8        0x4 build/sync/stm32f3xx_it.o
                0x08000fa8                UsageFault_Handler
 .text.SVC_Handler
                0x08000fac        0x4 build/sync/stm32f3xx_it.o
                0x08000fac                SVC_Handler
 .text.DebugMon_Handler
                0x08000fb0        0x4 build/sync/stm32f3xx_it.o
                0x08000fb0                DebugMon_Handler
 .text.PendSV_Handler
                0x08000fb4        0x4 build/sync/stm32f3xx_it.o
                0x08000fb4                PendSV_Handler
 .text.SysTick_Handler
                0x08000fb8        0x4 build/sync/stm32f3xx_it.o
                0x08000fb8                SysTick_Handler
 .text.DMA1_Channel3_IRQHandler
                0x08000fbc       0x24 build/sync/stm32f3xx_it.o
                0x08000fbc                DMA1_Channel3_IRQHandler
 .text.DMA1_Channel4_IRQHandler
                0x08000fe0       0x24 build/sync/stm32f3xx_it.o
                0x08000fe0                DMA1_Channel4_IRQHandler
 .text.DMA2_Channel3_IRQHandler
                0x08001004       0x14 build/sync/stm32f3xx_it.o
                0x08001004                DMA2_Channel3_IRQHandler
 .text.DMA2_Channel4_IRQHandler
                0x08001018       0x14 build/sync/stm32f3xx_it.o
                0x08001018                DMA2_Channel4_IRQHandler
 .text.HAL_ADC_ConvCpltCallback
                0x0800102c        0x4 build/sync/stm32f3xx_hal_adc.o
                0x0800102c                HAL_ADC_ConvCpltCallback
 .text.HAL_ADC_ConvHalfCpltCallback
                0x08001030        0x4 build/sync/stm32f3xx_hal_adc.o
                0x08001030                HAL_ADC_ConvHalfCpltCallback
 .text.HAL_ADC_ErrorCallback
                0x08001034        0x4 build/sync/stm32f3xx_hal_adc.o
                0x08001034                HAL_ADC_ErrorCallback
 .text.ADC_DMAError
                0x08001038       0x18 build/sync/stm32f3xx_hal_adc_ex.o
 .text.ADC_DMAHalfConvCplt
                0x08001050        0x8 build/sync/stm32f3xx_hal_adc_ex.o
 .text.ADC_DMAConvCplt
                0x08001058       0x4c build/sync/stm32f3xx_hal_adc_ex.o
 .text.HAL_ADC_Init
                0x080010a4      0x180 build/sync/stm32f3xx_hal_adc_ex.o
                0x080010a4                HAL_ADC_Init
 .text.HAL_ADC_Start_DMA
                0x08001224      0x124 build/sync/stm32f3xx_hal_adc_ex.o
                0x08001224                HAL_ADC_Start_DMA
 .text.HAL_ADC_ConfigChannel
                0x08001348      0x110 build/sync/stm32f3xx_hal_adc_ex.o
                0x08001348                HAL_ADC_ConfigChannel
 .text.HAL_MspInit
                0x08001458        0x4 build/sync/stm32f3xx_hal.o
                0x08001458                HAL_MspInit
 .text.HAL_InitTick
                0x0800145c       0x2c build/sync/stm32f3xx_hal.o
                0x0800145c                HAL_InitTick
 .text.HAL_Init
                0x08001488       0x24 build/sync/stm32f3xx_hal.o
                0x08001488                HAL_Init
 .text.HAL_IncTick
                0x080014ac       0x10 build/sync/stm32f3xx_hal.o
                0x080014ac                HAL_IncTick
 .text.HAL_GetTick
                0x080014bc        0xc build/sync/stm32f3xx_hal.o
                0x080014bc                HAL_GetTick
 .text.HAL_Delay
                0x080014c8       0x24 build/sync/stm32f3xx_hal.o
                0x080014c8                HAL_Delay
 .text.HAL_NVIC_SetPriorityGrouping
                0x080014ec       0x24 build/sync/stm32f3xx_hal_cortex.o
                0x080014ec                HAL_NVIC_SetPriorityGrouping
 .text.HAL_NVIC_SetPriority
                0x08001510       0x6c build/sync/stm32f3xx_hal_cortex.o
                0x08001510                HAL_NVIC_SetPriority
 .text.HAL_NVIC_EnableIRQ
                0x0800157c       0x18 build/sync/stm32f3xx_hal_cortex.o
                0x0800157c                HAL_NVIC_EnableIRQ
 .text.HAL_SYSTICK_Config
                0x08001594       0x34 build/sync/stm32f3xx_hal_cortex.o
                0x08001594                HAL_SYSTICK_Config
 .text.HAL_SYSTICK_CLKSourceConfig
                0x080015c8       0x18 build/sync/stm32f3xx_hal_cortex.o
                0x080015c8                HAL_SYSTICK_CLKSourceConfig
 .text.HAL_DAC_Init
                0x080015e0       0x2c build/sync/stm32f3xx_hal_dac.o
                0x080015e0                HAL_DAC_Init
 .text.HAL_DAC_ConvCpltCallbackCh1
                0x0800160c        0x4 build/sync/stm32f3xx_hal_dac.o
                0x0800160c                HAL_DAC_ConvCpltCallbackCh1
 .text.HAL_DAC_ConvHalfCpltCallbackCh1
                0x08001610        0x4 build/sync/stm32f3xx_hal_dac.o
                0x08001610                HAL_DAC_ConvHalfCpltCallbackCh1
 .text.HAL_DAC_ErrorCallbackCh1
                0x08001614        0x4 build/sync/stm32f3xx_hal_dac.o
                0x08001614                HAL_DAC_ErrorCallbackCh1
 .text.DAC_DMAErrorCh1
                0x08001618       0x18 build/sync/stm32f3xx_hal_dac_ex.o
 .text.DAC_DMAHalfConvCpltCh1
                0x08001630        0x8 build/sync/stm32f3xx_hal_dac_ex.o
 .text.DAC_DMAConvCpltCh1
                0x08001638       0x10 build/sync/stm32f3xx_hal_dac_ex.o
 .text.HAL_DAC_Start_DMA
                0x08001648       0xec build/sync/stm32f3xx_hal_dac_ex.o
                0x08001648                HAL_DAC_Start_DMA
 .text.HAL_DAC_ConfigChannel
                0x08001734       0x48 build/sync/stm32f3xx_hal_dac_ex.o
                0x08001734                HAL_DAC_ConfigChannel
 .text.HAL_DACEx_ConvCpltCallbackCh2
                0x0800177c        0x4 build/sync/stm32f3xx_hal_dac_ex.o
                0x0800177c                HAL_DACEx_ConvCpltCallbackCh2
 .text.DAC_DMAConvCpltCh2
                0x08001780       0x10 build/sync/stm32f3xx_hal_dac_ex.o
 .text.HAL_DACEx_ConvHalfCpltCallbackCh2
                0x08001790        0x4 build/sync/stm32f3xx_hal_dac_ex.o
                0x08001790                HAL_DACEx_ConvHalfCpltCallbackCh2
 .text.DAC_DMAHalfConvCpltCh2
                0x08001794        0xc build/sync/stm32f3xx_hal_dac_ex.o
 .text.HAL_DACEx_ErrorCallbackCh2
                0x080017a0        0x4 build/sync/stm32f3xx_hal_dac_ex.o
                0x080017a0                HAL_DACEx_ErrorCallbackCh2
 .text.DAC_DMAErrorCh2
                0x080017a4       0x18 build/sync/stm32f3xx_hal_dac_ex.o
 .text.HAL_DMA_Init
                0x080017bc       0x94 build/sync/stm32f3xx_hal_dma.o
                0x080017bc                HAL_DMA_Init
 .text.HAL_DMA_Start_IT
                0x08001850       0x80 build/sync/stm32f3xx_hal_dma.o
                0x08001850                HAL_DMA_Start_IT
 .text.HAL_FLASH_Program
                0x080018d0      0x194 build/sync/stm32f3xx_hal_flash.o
                0x080018d0                HAL_FLASH_Program
 .text.HAL_FLASH_Unlock
                0x08001a64       0x24 build/sync/stm32f3xx_hal_flash.o
                0x08001a64                HAL_FLASH_Unlock
 .text.HAL_FLASH_Lock
                0x08001a88       0x14 build/sync/stm32f3xx_hal_flash.o
                0x08001a88                HAL_FLASH_Lock
 .text.HAL_FLASH_OB_Unlock
                0x08001a9c       0x24 build/sync/stm32f3xx_hal_flash.o
                0x08001a9c                HAL_FLASH_OB_Unlock
 .text.HAL_FLASH_OB_Launch
                0x08001ac0       0x88 build/sync/stm32f3xx_hal_flash.o
                0x08001ac0                HAL_FLASH_OB_Launch
 .text.FLASH_WaitForLastOperation
                0x08001b48       0x8c build/sync/stm32f3xx_hal_flash.o
                0x08001b48                FLASH_WaitForLastOperation
 .text.HAL_FLASHEx_Erase
                0x08001bd4       0xcc build/sync/stm32f3xx_hal_flash_ex.o
                0x08001bd4                HAL_FLASHEx_Erase
 .text.HAL_FLASHEx_OBErase
                0x08001ca0       0xac build/sync/stm32f3xx_hal_flash_ex.o
                0x08001ca0                HAL_FLASHEx_OBErase
 .text.HAL_FLASHEx_OBProgram
                0x08001d4c      0x2a8 build/sync/stm32f3xx_hal_flash_ex.o
                0x08001d4c                HAL_FLASHEx_OBProgram
 .text.HAL_FLASHEx_OBGetConfig
                0x08001ff4       0x40 build/sync/stm32f3xx_hal_flash_ex.o
                0x08001ff4                HAL_FLASHEx_OBGetConfig
 .text.HAL_FLASHEx_OBGetUserData
                0x08002034       0x3c build/sync/stm32f3xx_hal_flash_ex.o
                0x08002034                HAL_FLASHEx_OBGetUserData
 .text.HAL_GPIO_Init
                0x08002070      0x1b8 build/sync/stm32f3xx_hal_gpio.o
                0x08002070                HAL_GPIO_Init
 .text.HAL_GPIO_DeInit
                0x08002228      0x128 build/sync/stm32f3xx_hal_gpio.o
                0x08002228                HAL_GPIO_DeInit
 .text.HAL_GPIO_WritePin
                0x08002350        0xc build/sync/stm32f3xx_hal_gpio.o
                0x08002350                HAL_GPIO_WritePin
 .text.HAL_GPIO_EXTI_Callback
                0x0800235c        0x4 build/sync/stm32f3xx_hal_gpio.o
                0x0800235c                HAL_GPIO_EXTI_Callback
 .text.HAL_GPIO_EXTI_IRQHandler
                0x08002360       0x18 build/sync/stm32f3xx_hal_gpio.o
                0x08002360                HAL_GPIO_EXTI_IRQHandler
 .text.HAL_PWREx_EnableSDADC
                0x08002378       0x2c build/sync/stm32f3xx_hal_pwr_ex.o
                0x08002378                HAL_PWREx_EnableSDADC
 .text.HAL_RCC_OscConfig
                0x080023a4      0x59c build/sync/stm32f3xx_hal_rcc.o
                0x080023a4                HAL_RCC_OscConfig
 .text.HAL_RCC_ClockConfig
                0x08002940      0x1fc build/sync/stm32f3xx_hal_rcc.o
                0x08002940                HAL_RCC_ClockConfig
 .text.HAL_RCC_GetHCLKFreq
                0x08002b3c        0xc build/sync/stm32f3xx_hal_rcc.o
                0x08002b3c                HAL_RCC_GetHCLKFreq
 .text.HAL_RCCEx_PeriphCLKConfig
                0x08002b48      0x1d8 build/sync/stm32f3xx_hal_rcc_ex.o
                0x08002b48                HAL_RCCEx_PeriphCLKConfig
 .text.HAL_SDADC_Init
                0x08002d20       0x98 build/sync/stm32f3xx_hal_sdadc.o
                0x08002d20                HAL_SDADC_Init
 .text.HAL_SDADC_PrepareChannelConfig
                0x08002db8       0x6c build/sync/stm32f3xx_hal_sdadc.o
                0x08002db8                HAL_SDADC_PrepareChannelConfig
 .text.HAL_SDADC_AssociateChannelConfig
                0x08002e24       0x80 build/sync/stm32f3xx_hal_sdadc.o
                0x08002e24                HAL_SDADC_AssociateChannelConfig
 .text.HAL_SDADC_ConfigChannel
                0x08002ea4       0x4c build/sync/stm32f3xx_hal_sdadc.o
                0x08002ea4                HAL_SDADC_ConfigChannel
 .text.HAL_SDADC_SelectRegularTrigger
                0x08002ef0       0x2c build/sync/stm32f3xx_hal_sdadc.o
                0x08002ef0                HAL_SDADC_SelectRegularTrigger
 .text.HAL_SDADC_CalibrationStart
                0x08002f1c       0x68 build/sync/stm32f3xx_hal_sdadc.o
                0x08002f1c                HAL_SDADC_CalibrationStart
 .text.HAL_SDADC_PollForCalibEvent
                0x08002f84       0x4c build/sync/stm32f3xx_hal_sdadc.o
                0x08002f84                HAL_SDADC_PollForCalibEvent
 .text.HAL_SDADC_Start_DMA
                0x08002fd0      0x104 build/sync/stm32f3xx_hal_sdadc.o
                0x08002fd0                HAL_SDADC_Start_DMA
 .text.HAL_SDADC_ConvHalfCpltCallback
                0x080030d4        0x4 build/sync/stm32f3xx_hal_sdadc.o
                0x080030d4                HAL_SDADC_ConvHalfCpltCallback
 .text.SDADC_DMARegularHalfConvCplt
                0x080030d8        0xc build/sync/stm32f3xx_hal_sdadc.o
 .text.HAL_SDADC_ConvCpltCallback
                0x080030e4        0x4 build/sync/stm32f3xx_hal_sdadc.o
                0x080030e4                HAL_SDADC_ConvCpltCallback
 .text.SDADC_DMARegularConvCplt
                0x080030e8        0xc build/sync/stm32f3xx_hal_sdadc.o
 .text.HAL_SDADC_ErrorCallback
                0x080030f4        0x4 build/sync/stm32f3xx_hal_sdadc.o
                0x080030f4                HAL_SDADC_ErrorCallback
 .text.SDADC_DMAError
                0x080030f8       0x10 build/sync/stm32f3xx_hal_sdadc.o
 .text.HAL_TIM_Base_Init
                0x08003108       0xe4 build/sync/stm32f3xx_hal_tim.o
                0x08003108                HAL_TIM_Base_Init
 .text.HAL_TIM_Base_Start
                0x080031ec       0x20 build/sync/stm32f3xx_hal_tim.o
                0x080031ec                HAL_TIM_Base_Start
 .text.HAL_TIM_Base_Start_IT
                0x0800320c       0x18 build/sync/stm32f3xx_hal_tim.o
                0x0800320c                HAL_TIM_Base_Start_IT
 .text.HAL_TIM_PWM_Init
                0x08003224       0xe4 build/sync/stm32f3xx_hal_tim.o
                0x08003224                HAL_TIM_PWM_Init
 .text.HAL_TIM_PWM_Start
                0x08003308       0x4c build/sync/stm32f3xx_hal_tim.o
                0x08003308                HAL_TIM_PWM_Start
 .text.HAL_TIM_IC_Init
                0x08003354       0xe4 build/sync/stm32f3xx_hal_tim.o
                0x08003354                HAL_TIM_IC_Init
 .text.HAL_TIM_IC_Start_IT
                0x08003438       0x60 build/sync/stm32f3xx_hal_tim.o
                0x08003438                HAL_TIM_IC_Start_IT
 .text.HAL_TIM_IC_ConfigChannel
                0x08003498      0x184 build/sync/stm32f3xx_hal_tim.o
                0x08003498                HAL_TIM_IC_ConfigChannel
 .text.HAL_TIM_PWM_ConfigChannel
                0x0800361c      0x214 build/sync/stm32f3xx_hal_tim.o
                0x0800361c                HAL_TIM_PWM_ConfigChannel
 .text.HAL_TIM_ConfigClockSource
                0x08003830      0x184 build/sync/stm32f3xx_hal_tim.o
                0x08003830                HAL_TIM_ConfigClockSource
 .text.HAL_TIM_PeriodElapsedCallback
                0x080039b4        0x4 build/sync/stm32f3xx_hal_tim.o
                0x080039b4                HAL_TIM_PeriodElapsedCallback
 .text.HAL_TIM_OC_DelayElapsedCallback
                0x080039b8        0x4 build/sync/stm32f3xx_hal_tim.o
                0x080039b8                HAL_TIM_OC_DelayElapsedCallback
 .text.HAL_TIM_IC_CaptureCallback
                0x080039bc        0x4 build/sync/stm32f3xx_hal_tim.o
                0x080039bc                HAL_TIM_IC_CaptureCallback
 .text.HAL_TIM_PWM_PulseFinishedCallback
                0x080039c0        0x4 build/sync/stm32f3xx_hal_tim.o
                0x080039c0                HAL_TIM_PWM_PulseFinishedCallback
 .text.HAL_TIM_TriggerCallback
                0x080039c4        0x4 build/sync/stm32f3xx_hal_tim.o
                0x080039c4                HAL_TIM_TriggerCallback
 .text.HAL_TIM_IRQHandler
                0x080039c8      0x154 build/sync/stm32f3xx_hal_tim.o
                0x080039c8                HAL_TIM_IRQHandler
 .text.HAL_TIMEx_MasterConfigSynchronization
                0x08003b1c       0x4c build/sync/stm32f3xx_hal_tim_ex.o
                0x08003b1c                HAL_TIMEx_MasterConfigSynchronization
 .text.HAL_TIMEx_CommutationCallback
                0x08003b68        0x4 build/sync/stm32f3xx_hal_tim_ex.o
                0x08003b68                HAL_TIMEx_CommutationCallback
 .text.HAL_TIMEx_BreakCallback
                0x08003b6c        0x4 build/sync/stm32f3xx_hal_tim_ex.o
                0x08003b6c                HAL_TIMEx_BreakCallback
 .text.HAL_TSC_Init
                0x08003b70       0xdc build/sync/stm32f3xx_hal_tsc.o
                0x08003b70                HAL_TSC_Init
 .text.TIM12_IRQHandler
                0x08003c4c       0x34 build/sync/user_interrupts.o
                0x08003c4c                TIM12_IRQHandler
 .text.EXTI15_10_IRQHandler
                0x08003c80       0x30 build/sync/user_interrupts.o
                0x08003c80                EXTI15_10_IRQHandler
 .text.EXTI1_IRQHandler
                0x08003cb0       0x60 build/sync/user_interrupts.o
                0x08003cb0                EXTI1_IRQHandler
 .text.TIM16_IRQHandler
                0x08003d10       0x80 build/sync/user_interrupts.o
                0x08003d10                TIM16_IRQHandler
 .text.TIM17_IRQHandler
                0x08003d90       0x40 build/sync/user_interrupts.o
                0x08003d90                TIM17_IRQHandler
 .text.TIM18_DAC2_IRQHandler
                0x08003dd0       0x24 build/sync/user_interrupts.o
                0x08003dd0                TIM18_DAC2_IRQHandler
 .text.TIM13_IRQHandler
                0x08003df4       0x18 build/sync/user_interrupts.o
                0x08003df4                TIM13_IRQHandler
 .text.TIM7_IRQHandler
                0x08003e0c       0x24 build/sync/user_interrupts.o
                0x08003e0c                TIM7_IRQHandler
 .text.DMA1_Channel1_IRQHandler
                0x08003e30       0x28 build/sync/user_interrupts.o
                0x08003e30                DMA1_Channel1_IRQHandler
 .text.DMA1_Channel5_IRQHandler
                0x08003e58       0x38 build/sync/user_interrupts.o
                0x08003e58                DMA1_Channel5_IRQHandler
 .text.Reset_Handler
                0x08003e90       0x5c build/sync/startup_stm32f373xc.o
                0x08003e90                Reset_Handler
 .text.Default_Handler
                0x08003eec        0x4 build/sync/startup_stm32f373xc.o
                0x08003eec                RTC_Alarm_IRQHandler
                0x08003eec                USB_HP_IRQHandler
                0x08003eec                PVD_IRQHandler
                0x08003eec                TAMP_STAMP_IRQHandler
                0x08003eec                EXTI3_IRQHandler
                0x08003eec                EXTI0_IRQHandler
                0x08003eec                I2C2_EV_IRQHandler
                0x08003eec                FPU_IRQHandler
                0x08003eec                CAN_TX_IRQHandler
                0x08003eec                SPI1_IRQHandler
                0x08003eec                CAN_SCE_IRQHandler
                0x08003eec                DMA2_Channel2_IRQHandler
                0x08003eec                ADC1_IRQHandler
                0x08003eec                USART3_IRQHandler
                0x08003eec                DMA1_Channel7_IRQHandler
                0x08003eec                TIM4_IRQHandler
                0x08003eec                CAN_RX1_IRQHandler
                0x08003eec                DMA2_Channel1_IRQHandler
                0x08003eec                I2C1_EV_IRQHandler
                0x08003eec                DMA1_Channel6_IRQHandler
                0x08003eec                TIM3_IRQHandler
                0x08003eec                RCC_IRQHandler
                0x08003eec                Default_Handler
                0x08003eec                CEC_IRQHandler
                0x08003eec                TIM14_IRQHandler
                0x08003eec                TIM5_IRQHandler
                0x08003eec                SDADC2_IRQHandler
                0x08003eec                TIM15_IRQHandler
                0x08003eec                TIM6_DAC1_IRQHandler
                0x08003eec                EXTI9_5_IRQHandler
                0x08003eec                RTC_WKUP_IRQHandler
                0x08003eec                SPI2_IRQHandler
                0x08003eec                DMA2_Channel5_IRQHandler
                0x08003eec                USB_LP_IRQHandler
                0x08003eec                EXTI4_IRQHandler
                0x08003eec                COMP1_2_IRQHandler
                0x08003eec                WWDG_IRQHandler
                0x08003eec                SDADC1_IRQHandler
                0x08003eec                TIM2_IRQHandler
                0x08003eec                SDADC3_IRQHandler
                0x08003eec                USART2_IRQHandler
                0x08003eec                TIM19_IRQHandler
                0x08003eec                I2C2_ER_IRQHandler
                0x08003eec                DMA1_Channel2_IRQHandler
                0x08003eec                FLASH_IRQHandler
                0x08003eec                USART1_IRQHandler
                0x08003eec                SPI3_IRQHandler
                0x08003eec                CAN_RX0_IRQHandler
                0x08003eec                I2C1_ER_IRQHandler
                0x08003eec                USBWakeUp_IRQHandler
                0x08003eec                EXTI2_TSC_IRQHandler
 .text._ZN7ViaSync4initEv
                0x08003ef0      0x4a0 build/hardware_drivers//libhardware_drivers.a(sync_init.o)
                0x08003ef0                ViaSync::init()
 .text._ZN7ViaSync22mainRisingEdgeCallbackEv
                0x08004390       0xc0 build/hardware_drivers//libhardware_drivers.a(sync_interrupt_handlers.o)
                0x08004390                ViaSync::mainRisingEdgeCallback()
 .text._ZN7ViaSync23mainFallingEdgeCallbackEv
                0x08004450       0x1c build/hardware_drivers//libhardware_drivers.a(sync_interrupt_handlers.o)
                0x08004450                ViaSync::mainFallingEdgeCallback()
 .text._ZN7ViaSync21auxRisingEdgeCallbackEv
                0x0800446c       0x5c build/hardware_drivers//libhardware_drivers.a(sync_interrupt_handlers.o)
                0x0800446c                ViaSync::auxRisingEdgeCallback()
 .text._ZN7ViaSync22auxFallingEdgeCallbackEv
                0x080044c8        0x4 build/hardware_drivers//libhardware_drivers.a(sync_interrupt_handlers.o)
                0x080044c8                ViaSync::auxFallingEdgeCallback()
 .text._ZN7ViaSync21buttonPressedCallbackEv
                0x080044cc       0xa8 build/hardware_drivers//libhardware_drivers.a(sync_interrupt_handlers.o)
                0x080044cc                ViaSync::buttonPressedCallback()
 .text._ZN7ViaSync22buttonReleasedCallbackEv
                0x08004574        0xc build/hardware_drivers//libhardware_drivers.a(sync_interrupt_handlers.o)
                0x08004574                ViaSync::buttonReleasedCallback()
 .text._ZN7ViaSync26auxTimer1InterruptCallbackEv
                0x08004580       0x18 build/hardware_drivers//libhardware_drivers.a(sync_interrupt_handlers.o)
                0x08004580                ViaSync::auxTimer1InterruptCallback()
 .text._ZN7ViaSync26auxTimer2InterruptCallbackEv
                0x08004598       0x1c build/hardware_drivers//libhardware_drivers.a(sync_interrupt_handlers.o)
                0x08004598                ViaSync::auxTimer2InterruptCallback()
 .text._ZN7ViaSync20halfTransferCallbackEv
                0x080045b4      0x294 build/hardware_drivers//libhardware_drivers.a(sync_interrupt_handlers.o)
                0x080045b4                ViaSync::halfTransferCallback()
 .text._ZN7ViaSync24transferCompleteCallbackEv
                0x08004848      0x298 build/hardware_drivers//libhardware_drivers.a(sync_interrupt_handlers.o)
                0x08004848                ViaSync::transferCompleteCallback()
 .text._ZN7ViaSync22slowConversionCallbackEv
                0x08004ae0      0x108 build/hardware_drivers//libhardware_drivers.a(sync_interrupt_handlers.o)
                0x08004ae0                ViaSync::slowConversionCallback()
 .text._ZN7ViaSync16initializeScalesEv
                0x08004be8       0xcc build/hardware_drivers//libhardware_drivers.a(sync_scales.o)
                0x08004be8                ViaSync::initializeScales()
 .text._ZN7ViaSync18fillWavetableArrayEv
                0x08004cb4      0x100 build/hardware_drivers//libhardware_drivers.a(sync_table_init.o)
                0x08004cb4                ViaSync::fillWavetableArray()
 .text._ZN7ViaSync15switchWavetableEPK9Wavetable
                0x08004db4      0x244 build/hardware_drivers//libhardware_drivers.a(sync_table_init.o)
                0x08004db4                ViaSync::switchWavetable(Wavetable const*)
 .text._ZN7ViaSync21switchWavetableGlobalEPK9Wavetable
                0x08004ff8      0x244 build/hardware_drivers//libhardware_drivers.a(sync_table_init.o)
                0x08004ff8                ViaSync::switchWavetableGlobal(Wavetable const*)
 .text._ZN5ViaUI19specialMenuCallbackEv
                0x0800523c        0x4 build/hardware_drivers//libhardware_drivers.a(sync_ui_implementation.o)
                0x0800523c                ViaUI::specialMenuCallback()
 .text._ZN7ViaSync9ViaSyncUI15blinkOnCallbackEv
                0x08005240       0x28 build/hardware_drivers//libhardware_drivers.a(sync_ui_implementation.o)
                0x08005240                ViaSync::ViaSyncUI::blinkOnCallback()
 .text._ZN7ViaSync9ViaSyncUI16blinkOffCallbackEv
                0x08005268       0x1c build/hardware_drivers//libhardware_drivers.a(sync_ui_implementation.o)
                0x08005268                ViaSync::ViaSyncUI::blinkOffCallback()
 .text._ZN7ViaSync9ViaSyncUI24defaultEnterMenuCallbackEv
                0x08005284       0x38 build/hardware_drivers//libhardware_drivers.a(sync_ui_implementation.o)
                0x08005284                ViaSync::ViaSyncUI::defaultEnterMenuCallback()
 .text._ZN7ViaSync9ViaSyncUI24newModeEnterMenuCallbackEv
                0x080052bc        0x4 build/hardware_drivers//libhardware_drivers.a(sync_ui_implementation.o)
                0x080052bc                ViaSync::ViaSyncUI::newAuxModeEnterMenuCallback()
                0x080052bc                ViaSync::ViaSyncUI::newModeEnterMenuCallback()
 .text._ZN7ViaSync9ViaSyncUI23presetEnterMenuCallbackEv
                0x080052c0       0x48 build/hardware_drivers//libhardware_drivers.a(sync_ui_implementation.o)
                0x080052c0                ViaSync::ViaSyncUI::presetEnterMenuCallback()
 .text._ZN7ViaSync9ViaSyncUI18aux2AltTapCallbackEv
                0x08005308       0x20 build/hardware_drivers//libhardware_drivers.a(sync_ui_implementation.o)
                0x08005308                ViaSync::ViaSyncUI::aux2AltEnterMenuCallback()
                0x08005308                ViaSync::ViaSyncUI::aux2AltTapCallback()
 .text._ZN7ViaSync9ViaSyncUI19button1HoldCallbackEv
                0x08005328       0x20 build/hardware_drivers//libhardware_drivers.a(sync_ui_implementation.o)
                0x08005328                ViaSync::ViaSyncUI::button4HoldCallback()
                0x08005328                ViaSync::ViaSyncUI::aux4HoldCallback()
                0x08005328                ViaSync::ViaSyncUI::aux3HoldCallback()
                0x08005328                ViaSync::ViaSyncUI::aux1HoldCallback()
                0x08005328                ViaSync::ViaSyncUI::aux2AltHoldCallback()
                0x08005328                ViaSync::ViaSyncUI::aux2HoldCallback()
                0x08005328                ViaSync::ViaSyncUI::button1HoldCallback()
                0x08005328                ViaSync::ViaSyncUI::button2HoldCallback()
                0x08005328                ViaSync::ViaSyncUI::button5HoldCallback()
                0x08005328                ViaSync::ViaSyncUI::button6HoldCallback()
                0x08005328                ViaSync::ViaSyncUI::button3HoldCallback()
 .text._ZN7ViaSync9ViaSyncUID2Ev
                0x08005348        0x4 build/hardware_drivers//libhardware_drivers.a(sync_ui_implementation.o)
                0x08005348                ViaSync::ViaSyncUI::~ViaSyncUI()
                0x08005348                ViaSync::ViaSyncUI::~ViaSyncUI()
 .text._ZN7ViaSync9ViaSyncUI10initializeEv
                0x0800534c       0x68 build/hardware_drivers//libhardware_drivers.a(sync_ui_implementation.o)
                0x0800534c                ViaSync::ViaSyncUI::initialize()
 .text._ZN7ViaSync9ViaSyncUI17recallModuleStateEv
                0x080053b4      0x180 build/hardware_drivers//libhardware_drivers.a(sync_ui_implementation.o)
                0x080053b4                ViaSync::ViaSyncUI::recallModuleState()
 .text._ZN7ViaSync9ViaSyncUI17writeStockPresetsEv
                0x08005534       0x6c build/hardware_drivers//libhardware_drivers.a(sync_ui_implementation.o)
                0x08005534                ViaSync::ViaSyncUI::writeStockPresets()
 .text._ZN7ViaSync9ViaSyncUID0Ev
                0x080055a0        0xc build/hardware_drivers//libhardware_drivers.a(sync_ui_implementation.o)
                0x080055a0                ViaSync::ViaSyncUI::~ViaSyncUI()
 .text._ZN7ViaSync9ViaSyncUI24button2EnterMenuCallbackEv
                0x080055ac      0x120 build/hardware_drivers//libhardware_drivers.a(sync_ui_implementation.o)
                0x080055ac                ViaSync::ViaSyncUI::button2EnterMenuCallback()
 .text._ZN7ViaSync9ViaSyncUI9uiSetLEDsEi
                0x080056cc       0xd8 build/hardware_drivers//libhardware_drivers.a(sync_ui_implementation.o)
                0x080056cc                ViaSync::ViaSyncUI::uiSetLEDs(int)
 .text._ZN7ViaSync9ViaSyncUI21aux4EnterMenuCallbackEv
                0x080057a4       0xc4 build/hardware_drivers//libhardware_drivers.a(sync_ui_implementation.o)
                0x080057a4                ViaSync::ViaSyncUI::aux4EnterMenuCallback()
 .text._ZN7ViaSync9ViaSyncUI21aux1EnterMenuCallbackEv
                0x08005868       0xc0 build/hardware_drivers//libhardware_drivers.a(sync_ui_implementation.o)
                0x08005868                ViaSync::ViaSyncUI::aux1EnterMenuCallback()
 .text._ZN7ViaSync9ViaSyncUI21aux2EnterMenuCallbackEv
                0x08005928       0xc4 build/hardware_drivers//libhardware_drivers.a(sync_ui_implementation.o)
                0x08005928                ViaSync::ViaSyncUI::aux2EnterMenuCallback()
 .text._ZN7ViaSync9ViaSyncUI21aux3EnterMenuCallbackEv
                0x080059ec       0xc4 build/hardware_drivers//libhardware_drivers.a(sync_ui_implementation.o)
                0x080059ec                ViaSync::ViaSyncUI::aux3EnterMenuCallback()
 .text._ZN7ViaSync9ViaSyncUI24button4EnterMenuCallbackEv
                0x08005ab0       0xe4 build/hardware_drivers//libhardware_drivers.a(sync_ui_implementation.o)
                0x08005ab0                ViaSync::ViaSyncUI::button4EnterMenuCallback()
 .text._ZN7ViaSync9ViaSyncUI24button6EnterMenuCallbackEv
                0x08005b94       0xe4 build/hardware_drivers//libhardware_drivers.a(sync_ui_implementation.o)
                0x08005b94                ViaSync::ViaSyncUI::button6EnterMenuCallback()
 .text._ZN7ViaSync9ViaSyncUI24button1EnterMenuCallbackEv
                0x08005c78       0xe4 build/hardware_drivers//libhardware_drivers.a(sync_ui_implementation.o)
                0x08005c78                ViaSync::ViaSyncUI::button1EnterMenuCallback()
 .text._ZN7ViaSync9ViaSyncUI24button3EnterMenuCallbackEv
                0x08005d5c       0xe4 build/hardware_drivers//libhardware_drivers.a(sync_ui_implementation.o)
                0x08005d5c                ViaSync::ViaSyncUI::button3EnterMenuCallback()
 .text._ZN7ViaSync9ViaSyncUI24button5EnterMenuCallbackEv
                0x08005e40      0x124 build/hardware_drivers//libhardware_drivers.a(sync_ui_implementation.o)
                0x08005e40                ViaSync::ViaSyncUI::button5EnterMenuCallback()
 .text._ZN7ViaSync9ViaSyncUI15aux4TapCallbackEv
                0x08005f64       0xf8 build/hardware_drivers//libhardware_drivers.a(sync_ui_implementation.o)
                0x08005f64                ViaSync::ViaSyncUI::aux4TapCallback()
 .text._ZN7ViaSync9ViaSyncUI18button1TapCallbackEv
                0x0800605c       0xf0 build/hardware_drivers//libhardware_drivers.a(sync_ui_implementation.o)
                0x0800605c                ViaSync::ViaSyncUI::button1TapCallback()
 .text._ZN7ViaSync9ViaSyncUI18button2TapCallbackEv
                0x0800614c       0xf0 build/hardware_drivers//libhardware_drivers.a(sync_ui_implementation.o)
                0x0800614c                ViaSync::ViaSyncUI::button2TapCallback()
 .text._ZN7ViaSync9ViaSyncUI15aux3TapCallbackEv
                0x0800623c       0xf8 build/hardware_drivers//libhardware_drivers.a(sync_ui_implementation.o)
                0x0800623c                ViaSync::ViaSyncUI::aux3TapCallback()
 .text._ZN7ViaSync9ViaSyncUI15aux1TapCallbackEv
                0x08006334       0xf4 build/hardware_drivers//libhardware_drivers.a(sync_ui_implementation.o)
                0x08006334                ViaSync::ViaSyncUI::aux1TapCallback()
 .text._ZN7ViaSync9ViaSyncUI15aux2TapCallbackEv
                0x08006428       0xf8 build/hardware_drivers//libhardware_drivers.a(sync_ui_implementation.o)
                0x08006428                ViaSync::ViaSyncUI::aux2TapCallback()
 .text._ZN7ViaSync9ViaSyncUI18button3TapCallbackEv
                0x08006520       0xf4 build/hardware_drivers//libhardware_drivers.a(sync_ui_implementation.o)
                0x08006520                ViaSync::ViaSyncUI::button3TapCallback()
 .text._ZN7ViaSync9ViaSyncUI18button4TapCallbackEv
                0x08006614       0xf4 build/hardware_drivers//libhardware_drivers.a(sync_ui_implementation.o)
                0x08006614                ViaSync::ViaSyncUI::button4TapCallback()
 .text._ZN7ViaSync9ViaSyncUI18button5TapCallbackEv
                0x08006708       0xf4 build/hardware_drivers//libhardware_drivers.a(sync_ui_implementation.o)
                0x08006708                ViaSync::ViaSyncUI::button5TapCallback()
 .text._ZN7ViaSync9ViaSyncUI18button6TapCallbackEv
                0x080067fc       0xf4 build/hardware_drivers//libhardware_drivers.a(sync_ui_implementation.o)
                0x080067fc                ViaSync::ViaSyncUI::button6TapCallback()
 .text._Z13syncTouchLinkPv
                0x080068f0        0x8 build/hardware_drivers//libhardware_drivers.a(sync_ui_implementation.o)
                0x080068f0                syncTouchLink(void*)
 .text._ZN13PllController13parseControlsEP11ViaControlsP15ViaInputStreams
                0x080068f8       0xdc build/hardware_drivers//libhardware_drivers.a(pll_controller.o)
                0x080068f8                PllController::parseControls(ViaControls*, ViaInputStreams*)
 .text._ZN13PllController5doPLLEv
                0x080069d4      0x150 build/hardware_drivers//libhardware_drivers.a(pll_controller.o)
                0x080069d4                PllController::doPLL()
 .text._ZN13PllController17generateFrequencyEv
                0x08006b24       0x60 build/hardware_drivers//libhardware_drivers.a(pll_controller.o)
                0x08006b24                PllController::generateFrequency()
 .text._ZN13SyncWavetable13parseControlsEP11ViaControls
                0x08006b84        0xc build/hardware_drivers//libhardware_drivers.a(sync_wavetable.o)
                0x08006b84                SyncWavetable::parseControls(ViaControls*)
 .text._ZN13SyncWavetable6splineEPmS0_
                0x08006b90      0x2e0 build/hardware_drivers//libhardware_drivers.a(sync_wavetable.o)
                0x08006b90                SyncWavetable::spline(unsigned long*, unsigned long*)
 .text._ZN13SyncWavetable10oversampleEPmS0_
                0x08006e70      0x298 build/hardware_drivers//libhardware_drivers.a(sync_wavetable.o)
                0x08006e70                SyncWavetable::oversample(unsigned long*, unsigned long*)
 .text.linkUI   0x08007108       0x14 build/hardware_drivers//libhardware_drivers.a(ui_helpers.o)
                0x08007108                linkUI
 .text._ZN5ViaUI21incrementModeAndStoreEllll
                0x0800711c       0x28 build/hardware_drivers//libhardware_drivers.a(ui_helpers.o)
                0x0800711c                ViaUI::incrementModeAndStore(long, long, long, long)
 .text._ZN5ViaUI24defaultEnterMenuCallbackEv
                0x08007144        0x4 build/hardware_drivers//libhardware_drivers.a(ui_main.o)
                0x08007144                ViaUI::defaultEnterMenuCallback()
 .text._ZN5ViaUI24newModeEnterMenuCallbackEv
                0x08007148        0x4 build/hardware_drivers//libhardware_drivers.a(ui_main.o)
                0x08007148                ViaUI::newModeEnterMenuCallback()
 .text._ZN5ViaUI27newAuxModeEnterMenuCallbackEv
                0x0800714c        0x4 build/hardware_drivers//libhardware_drivers.a(ui_main.o)
                0x0800714c                ViaUI::newAuxModeEnterMenuCallback()
 .text._ZN5ViaUI23presetEnterMenuCallbackEv
                0x08007150        0x4 build/hardware_drivers//libhardware_drivers.a(ui_main.o)
                0x08007150                ViaUI::presetEnterMenuCallback()
 .text._ZN5ViaUI24button1EnterMenuCallbackEv
                0x08007154        0x4 build/hardware_drivers//libhardware_drivers.a(ui_main.o)
                0x08007154                ViaUI::button1EnterMenuCallback()
 .text._ZN5ViaUI24button2EnterMenuCallbackEv
                0x08007158        0x4 build/hardware_drivers//libhardware_drivers.a(ui_main.o)
                0x08007158                ViaUI::button2EnterMenuCallback()
 .text._ZN5ViaUI24button3EnterMenuCallbackEv
                0x0800715c        0x4 build/hardware_drivers//libhardware_drivers.a(ui_main.o)
                0x0800715c                ViaUI::button3EnterMenuCallback()
 .text._ZN5ViaUI24button4EnterMenuCallbackEv
                0x08007160        0x4 build/hardware_drivers//libhardware_drivers.a(ui_main.o)
                0x08007160                ViaUI::button4EnterMenuCallback()
 .text._ZN5ViaUI24button5EnterMenuCallbackEv
                0x08007164        0x4 build/hardware_drivers//libhardware_drivers.a(ui_main.o)
                0x08007164                ViaUI::button5EnterMenuCallback()
 .text._ZN5ViaUI24button6EnterMenuCallbackEv
                0x08007168        0x4 build/hardware_drivers//libhardware_drivers.a(ui_main.o)
                0x08007168                ViaUI::button6EnterMenuCallback()
 .text._ZN5ViaUI21aux1EnterMenuCallbackEv
                0x0800716c        0x4 build/hardware_drivers//libhardware_drivers.a(ui_main.o)
                0x0800716c                ViaUI::aux1EnterMenuCallback()
 .text._ZN5ViaUI21aux2EnterMenuCallbackEv
                0x08007170        0x4 build/hardware_drivers//libhardware_drivers.a(ui_main.o)
                0x08007170                ViaUI::aux2EnterMenuCallback()
 .text._ZN5ViaUI24aux2AltEnterMenuCallbackEv
                0x08007174        0x4 build/hardware_drivers//libhardware_drivers.a(ui_main.o)
                0x08007174                ViaUI::aux2AltEnterMenuCallback()
 .text._ZN5ViaUI21aux3EnterMenuCallbackEv
                0x08007178        0x4 build/hardware_drivers//libhardware_drivers.a(ui_main.o)
                0x08007178                ViaUI::aux3EnterMenuCallback()
 .text._ZN5ViaUI21aux4EnterMenuCallbackEv
                0x0800717c        0x4 build/hardware_drivers//libhardware_drivers.a(ui_main.o)
                0x0800717c                ViaUI::aux4EnterMenuCallback()
 .text._ZN5ViaUI15blinkOnCallbackEv
                0x08007180        0x4 build/hardware_drivers//libhardware_drivers.a(ui_main.o)
                0x08007180                ViaUI::blinkOnCallback()
 .text._ZN5ViaUI16blinkOffCallbackEv
                0x08007184        0x4 build/hardware_drivers//libhardware_drivers.a(ui_main.o)
                0x08007184                ViaUI::blinkOffCallback()
 .text._ZN5ViaUI9uiSetLEDsEi
                0x08007188        0x4 build/hardware_drivers//libhardware_drivers.a(ui_main.o)
                0x08007188                ViaUI::uiSetLEDs(int)
 .text._ZN5ViaUI17recallModuleStateEv
                0x0800718c        0x4 build/hardware_drivers//libhardware_drivers.a(ui_main.o)
                0x0800718c                ViaUI::recallModuleState()
 .text._ZN5ViaUI10transitionEMS_FvlE
                0x08007190       0x4c build/hardware_drivers//libhardware_drivers.a(ui_main.o)
                0x08007190                ViaUI::transition(void (ViaUI::*)(long))
 .text._ZN5ViaUI15aux4TapCallbackEv
                0x080071dc       0x60 build/hardware_drivers//libhardware_drivers.a(ui_main.o)
                0x080071dc                ViaUI::aux4TapCallback()
 .text._ZN5ViaUI16aux4HoldCallbackEv
                0x0800723c       0x60 build/hardware_drivers//libhardware_drivers.a(ui_main.o)
                0x0800723c                ViaUI::aux4HoldCallback()
 .text._ZN5ViaUI18button1TapCallbackEv
                0x0800729c       0x60 build/hardware_drivers//libhardware_drivers.a(ui_main.o)
                0x0800729c                ViaUI::button1TapCallback()
 .text._ZN5ViaUI19button1HoldCallbackEv
                0x080072fc       0x60 build/hardware_drivers//libhardware_drivers.a(ui_main.o)
                0x080072fc                ViaUI::button1HoldCallback()
 .text._ZN5ViaUI18button2TapCallbackEv
                0x0800735c       0x60 build/hardware_drivers//libhardware_drivers.a(ui_main.o)
                0x0800735c                ViaUI::button2TapCallback()
 .text._ZN5ViaUI19button2HoldCallbackEv
                0x080073bc       0x60 build/hardware_drivers//libhardware_drivers.a(ui_main.o)
                0x080073bc                ViaUI::button2HoldCallback()
 .text._ZN5ViaUI18button3TapCallbackEv
                0x0800741c       0x60 build/hardware_drivers//libhardware_drivers.a(ui_main.o)
                0x0800741c                ViaUI::button3TapCallback()
 .text._ZN5ViaUI19button3HoldCallbackEv
                0x0800747c       0x60 build/hardware_drivers//libhardware_drivers.a(ui_main.o)
                0x0800747c                ViaUI::button3HoldCallback()
 .text._ZN5ViaUI18button4TapCallbackEv
                0x080074dc       0x60 build/hardware_drivers//libhardware_drivers.a(ui_main.o)
                0x080074dc                ViaUI::button4TapCallback()
 .text._ZN5ViaUI19button4HoldCallbackEv
                0x0800753c       0x60 build/hardware_drivers//libhardware_drivers.a(ui_main.o)
                0x0800753c                ViaUI::button4HoldCallback()
 .text._ZN5ViaUI18aux2AltTapCallbackEv
                0x0800759c       0x60 build/hardware_drivers//libhardware_drivers.a(ui_main.o)
                0x0800759c                ViaUI::aux2AltTapCallback()
 .text._ZN5ViaUI19aux2AltHoldCallbackEv
                0x080075fc       0x60 build/hardware_drivers//libhardware_drivers.a(ui_main.o)
                0x080075fc                ViaUI::aux2AltHoldCallback()
 .text._ZN5ViaUI15aux3TapCallbackEv
                0x0800765c       0x60 build/hardware_drivers//libhardware_drivers.a(ui_main.o)
                0x0800765c                ViaUI::aux3TapCallback()
 .text._ZN5ViaUI16aux3HoldCallbackEv
                0x080076bc       0x60 build/hardware_drivers//libhardware_drivers.a(ui_main.o)
                0x080076bc                ViaUI::aux3HoldCallback()
 .text._ZN5ViaUI18button5TapCallbackEv
                0x0800771c       0x60 build/hardware_drivers//libhardware_drivers.a(ui_main.o)
                0x0800771c                ViaUI::button5TapCallback()
 .text._ZN5ViaUI19button5HoldCallbackEv
                0x0800777c       0x60 build/hardware_drivers//libhardware_drivers.a(ui_main.o)
                0x0800777c                ViaUI::button5HoldCallback()
 .text._ZN5ViaUI18button6TapCallbackEv
                0x080077dc       0x60 build/hardware_drivers//libhardware_drivers.a(ui_main.o)
                0x080077dc                ViaUI::button6TapCallback()
 .text._ZN5ViaUI19button6HoldCallbackEv
                0x0800783c       0x60 build/hardware_drivers//libhardware_drivers.a(ui_main.o)
                0x0800783c                ViaUI::button6HoldCallback()
 .text._ZN5ViaUI15aux1TapCallbackEv
                0x0800789c       0x60 build/hardware_drivers//libhardware_drivers.a(ui_main.o)
                0x0800789c                ViaUI::aux1TapCallback()
 .text._ZN5ViaUI16aux1HoldCallbackEv
                0x080078fc       0x60 build/hardware_drivers//libhardware_drivers.a(ui_main.o)
                0x080078fc                ViaUI::aux1HoldCallback()
 .text._ZN5ViaUI15aux2TapCallbackEv
                0x0800795c       0x60 build/hardware_drivers//libhardware_drivers.a(ui_main.o)
                0x0800795c                ViaUI::aux2TapCallback()
 .text._ZN5ViaUI16aux2HoldCallbackEv
                0x080079bc       0x60 build/hardware_drivers//libhardware_drivers.a(ui_main.o)
                0x080079bc                ViaUI::aux2HoldCallback()
 .text._ZN5ViaUI11defaultMenuEl
                0x08007a1c      0x290 build/hardware_drivers//libhardware_drivers.a(ui_main.o)
                0x08007a1c                ViaUI::defaultMenu(long)
 .text._ZN5ViaUI8dispatchEl
                0x08007cac       0x1c build/hardware_drivers//libhardware_drivers.a(ui_main.o)
                0x08007cac                ViaUI::dispatch(long)
 .text._ZN5ViaUI11newModeMenuEl
                0x08007cc8      0x310 build/hardware_drivers//libhardware_drivers.a(ui_main.o)
                0x08007cc8                ViaUI::newModeMenu(long)
 .text._ZN5ViaUI14newAuxModeMenuEl
                0x08007fd8      0x250 build/hardware_drivers//libhardware_drivers.a(ui_main.o)
                0x08007fd8                ViaUI::newAuxModeMenu(long)
 .text._ZN5ViaUI11aux2MenuAltEl
                0x08008228      0x110 build/hardware_drivers//libhardware_drivers.a(ui_menus.o)
                0x08008228                ViaUI::aux2MenuAlt(long)
 .text._ZN5ViaUI8aux2MenuEl
                0x08008338      0x13c build/hardware_drivers//libhardware_drivers.a(ui_menus.o)
                0x08008338                ViaUI::aux2Menu(long)
 .text._ZN5ViaUI8aux1MenuEl
                0x08008474      0x13c build/hardware_drivers//libhardware_drivers.a(ui_menus.o)
                0x08008474                ViaUI::aux1Menu(long)
 .text._ZN5ViaUI8aux3MenuEl
                0x080085b0      0x13c build/hardware_drivers//libhardware_drivers.a(ui_menus.o)
                0x080085b0                ViaUI::aux3Menu(long)
 .text._ZN5ViaUI8aux4MenuEl
                0x080086ec      0x13c build/hardware_drivers//libhardware_drivers.a(ui_menus.o)
                0x080086ec                ViaUI::aux4Menu(long)
 .text._ZN5ViaUI11button1MenuEl
                0x08008828      0x138 build/hardware_drivers//libhardware_drivers.a(ui_menus.o)
                0x08008828                ViaUI::button1Menu(long)
 .text._ZN5ViaUI11button2MenuEl
                0x08008960      0x110 build/hardware_drivers//libhardware_drivers.a(ui_menus.o)
                0x08008960                ViaUI::button2Menu(long)
 .text._ZN5ViaUI11button3MenuEl
                0x08008a70      0x138 build/hardware_drivers//libhardware_drivers.a(ui_menus.o)
                0x08008a70                ViaUI::button3Menu(long)
 .text._ZN5ViaUI11button4MenuEl
                0x08008ba8      0x138 build/hardware_drivers//libhardware_drivers.a(ui_menus.o)
                0x08008ba8                ViaUI::button4Menu(long)
 .text._ZN5ViaUI11button5MenuEl
                0x08008ce0      0x1d8 build/hardware_drivers//libhardware_drivers.a(ui_menus.o)
                0x08008ce0                ViaUI::button5Menu(long)
 .text._ZN5ViaUI11button6MenuEl
                0x08008eb8      0x13c build/hardware_drivers//libhardware_drivers.a(ui_menus.o)
                0x08008eb8                ViaUI::button6Menu(long)
 .text._ZN5ViaUI17presetPressedMenuEl
                0x08008ff4      0x148 build/hardware_drivers//libhardware_drivers.a(ui_presets.o)
                0x08008ff4                ViaUI::presetPressedMenu(long)
 .text._ZN5ViaUI12switchPresetEl
                0x0800913c       0xa4 build/hardware_drivers//libhardware_drivers.a(ui_presets.o)
                0x0800913c                ViaUI::switchPreset(long)
 .text._ZN5ViaUI9newPresetEl
                0x080091e0       0x84 build/hardware_drivers//libhardware_drivers.a(ui_presets.o)
                0x080091e0                ViaUI::newPreset(long)
 .text._ZN5ViaUI10presetMenuEl
                0x08009264      0x12c build/hardware_drivers//libhardware_drivers.a(ui_presets.o)
                0x08009264                ViaUI::presetMenu(long)
 .text._ZN5ViaUI22presetDoubleTappedMenuEl
                0x08009390      0x1f4 build/hardware_drivers//libhardware_drivers.a(ui_presets.o)
                0x08009390                ViaUI::presetDoubleTappedMenu(long)
 .text._ZN5ViaUI16overwritePresetsEl
                0x08009584       0x84 build/hardware_drivers//libhardware_drivers.a(ui_presets.o)
                0x08009584                ViaUI::overwritePresets(long)
 .text._ZN5ViaUI14loadFromEEPROMEl
                0x08009608       0xac build/hardware_drivers//libhardware_drivers.a(ui_save_recall.o)
                0x08009608                ViaUI::loadFromEEPROM(long)
 .text._ZN5ViaUI18storeStateToEEPROMEl
                0x080096b4       0x34 build/hardware_drivers//libhardware_drivers.a(ui_save_recall.o)
                0x080096b4                ViaUI::storeStateToEEPROM(long)
 .text._ZN5ViaUI13storeToEEPROMElm
                0x080096e8       0x30 build/hardware_drivers//libhardware_drivers.a(ui_save_recall.o)
                0x080096e8                ViaUI::storeToEEPROM(long, unsigned long)
 .text.MX_ADC1_Init
                0x08009718       0xb8 build/hardware_drivers//libhardware_drivers.a(adc.o)
                0x08009718                MX_ADC1_Init
 .text.HAL_ADC_MspInit
                0x080097d0       0x9c build/hardware_drivers//libhardware_drivers.a(adc.o)
                0x080097d0                HAL_ADC_MspInit
 .text.MX_DAC1_Init
                0x0800986c       0x5c build/hardware_drivers//libhardware_drivers.a(dac.o)
                0x0800986c                MX_DAC1_Init
 .text.MX_DAC2_Init
                0x080098c8       0x48 build/hardware_drivers//libhardware_drivers.a(dac.o)
                0x080098c8                MX_DAC2_Init
 .text.HAL_DAC_MspInit
                0x08009910      0x174 build/hardware_drivers//libhardware_drivers.a(dac.o)
                0x08009910                HAL_DAC_MspInit
 .text.MX_DMA_Init
                0x08009a84       0x94 build/hardware_drivers//libhardware_drivers.a(dma.o)
                0x08009a84                MX_DMA_Init
 .text.EE_Init  0x08009b18      0x3e0 build/hardware_drivers//libhardware_drivers.a(eeprom.o)
                0x08009b18                EE_Init
 .text.EE_ReadVariable
                0x08009ef8       0x74 build/hardware_drivers//libhardware_drivers.a(eeprom.o)
                0x08009ef8                EE_ReadVariable
 .text.EE_WriteVariable
                0x08009f6c      0x268 build/hardware_drivers//libhardware_drivers.a(eeprom.o)
                0x08009f6c                EE_WriteVariable
 .text.MX_GPIO_Init
                0x0800a1d4      0x140 build/hardware_drivers//libhardware_drivers.a(gpio.o)
                0x0800a1d4                MX_GPIO_Init
 .text.MX_SDADC1_Init
                0x0800a314       0xac build/hardware_drivers//libhardware_drivers.a(sdadc.o)
                0x0800a314                MX_SDADC1_Init
 .text.MX_SDADC2_Init
                0x0800a3c0       0xa8 build/hardware_drivers//libhardware_drivers.a(sdadc.o)
                0x0800a3c0                MX_SDADC2_Init
 .text.HAL_SDADC_MspInit
                0x0800a468       0xf8 build/hardware_drivers//libhardware_drivers.a(sdadc.o)
                0x0800a468                HAL_SDADC_MspInit
 .text.SystemInit
                0x0800a560       0x70 build/hardware_drivers//libhardware_drivers.a(system_stm32f3xx.o)
                0x0800a560                SystemInit
 .text.MX_TIM2_Init
                0x0800a5d0       0x70 build/hardware_drivers//libhardware_drivers.a(tim.o)
                0x0800a5d0                MX_TIM2_Init
 .text.MX_TIM3_Init
                0x0800a640       0xd4 build/hardware_drivers//libhardware_drivers.a(tim.o)
                0x0800a640                MX_TIM3_Init
 .text.MX_TIM4_Init
                0x0800a714       0xd4 build/hardware_drivers//libhardware_drivers.a(tim.o)
                0x0800a714                MX_TIM4_Init
 .text.MX_TIM5_Init
                0x0800a7e8       0xd4 build/hardware_drivers//libhardware_drivers.a(tim.o)
                0x0800a7e8                MX_TIM5_Init
 .text.MX_TIM6_Init
                0x0800a8bc       0x5c build/hardware_drivers//libhardware_drivers.a(tim.o)
                0x0800a8bc                MX_TIM6_Init
 .text.MX_TIM7_Init
                0x0800a918       0x5c build/hardware_drivers//libhardware_drivers.a(tim.o)
                0x0800a918                MX_TIM7_Init
 .text.MX_TIM12_Init
                0x0800a974       0x60 build/hardware_drivers//libhardware_drivers.a(tim.o)
                0x0800a974                MX_TIM12_Init
 .text.MX_TIM13_Init
                0x0800a9d4       0x40 build/hardware_drivers//libhardware_drivers.a(tim.o)
                0x0800a9d4                MX_TIM13_Init
 .text.MX_TIM16_Init
                0x0800aa14       0x44 build/hardware_drivers//libhardware_drivers.a(tim.o)
                0x0800aa14                MX_TIM16_Init
 .text.MX_TIM17_Init
                0x0800aa58       0x40 build/hardware_drivers//libhardware_drivers.a(tim.o)
                0x0800aa58                MX_TIM17_Init
 .text.MX_TIM18_Init
                0x0800aa98       0x5c build/hardware_drivers//libhardware_drivers.a(tim.o)
                0x0800aa98                MX_TIM18_Init
 .text.HAL_TIM_PWM_MspInit
                0x0800aaf4       0x74 build/hardware_drivers//libhardware_drivers.a(tim.o)
                0x0800aaf4                HAL_TIM_PWM_MspInit
 .text.HAL_TIM_Base_MspInit
                0x0800ab68      0x16c build/hardware_drivers//libhardware_drivers.a(tim.o)
                0x0800ab68                HAL_TIM_Base_MspInit
 .text.HAL_TIM_IC_MspInit
                0x0800acd4       0x5c build/hardware_drivers//libhardware_drivers.a(tim.o)
                0x0800acd4                HAL_TIM_IC_MspInit
 .text.MX_TOUCHSENSING_Init
                0x0800ad30        0x4 build/hardware_drivers//libhardware_drivers.a(touchsensing.o)
                0x0800ad30                MX_TOUCHSENSING_Init
 .text.MX_TSC_Init
                0x0800ad34       0x64 build/hardware_drivers//libhardware_drivers.a(tsc.o)
                0x0800ad34                MX_TSC_Init
 .text.HAL_TSC_MspInit
                0x0800ad98       0xb0 build/hardware_drivers//libhardware_drivers.a(tsc.o)
                0x0800ad98                HAL_TSC_MspInit
 .text.HAL_TSC_MspDeInit
                0x0800ae48       0x4c build/hardware_drivers//libhardware_drivers.a(tsc.o)
                0x0800ae48                HAL_TSC_MspDeInit
 .text.MyTKeys_OffStateProcess
                0x0800ae94        0x4 build/hardware_drivers//libhardware_drivers.a(tsl_user.o)
                0x0800ae94                MyTKeys_OffStateProcess
 .text.MyTKeys_ErrorStateProcess
                0x0800ae98        0x4 build/hardware_drivers//libhardware_drivers.a(tsl_user.o)
                0x0800ae98                MyTKeys_ErrorStateProcess
 .text.tsl_user_Init
                0x0800ae9c       0x1c build/hardware_drivers//libhardware_drivers.a(tsl_user.o)
                0x0800ae9c                tsl_user_Init
 .text.tsl_user_Exec
                0x0800aeb8       0xb0 build/hardware_drivers//libhardware_drivers.a(tsl_user.o)
                0x0800aeb8                tsl_user_Exec
 .text.TSL_acq_BankGetResult
                0x0800af68      0x188 build/hardware_drivers//libhardware_drivers.a(tsl_acq.o)
                0x0800af68                TSL_acq_BankGetResult
 .text.TSL_acq_BankConfig
                0x0800b0f0       0x78 build/hardware_drivers//libhardware_drivers.a(tsl_acq_tsc.o)
                0x0800b0f0                TSL_acq_BankConfig
 .text.TSL_acq_BankStartAcq
                0x0800b168       0x30 build/hardware_drivers//libhardware_drivers.a(tsl_acq_tsc.o)
                0x0800b168                TSL_acq_BankStartAcq
 .text.TSL_acq_BankWaitEOC
                0x0800b198       0x18 build/hardware_drivers//libhardware_drivers.a(tsl_acq_tsc.o)
                0x0800b198                TSL_acq_BankWaitEOC
 .text.TSL_acq_GetMeas
                0x0800b1b0       0x18 build/hardware_drivers//libhardware_drivers.a(tsl_acq_tsc.o)
                0x0800b1b0                TSL_acq_GetMeas
 .text.TSL_acq_ComputeDelta
                0x0800b1c8        0x8 build/hardware_drivers//libhardware_drivers.a(tsl_acq_tsc.o)
                0x0800b1c8                TSL_acq_ComputeDelta
 .text.TSL_acq_ComputeMeas
                0x0800b1d0        0x8 build/hardware_drivers//libhardware_drivers.a(tsl_acq_tsc.o)
                0x0800b1d0                TSL_acq_ComputeMeas
 .text.TSL_acq_CheckNoise
                0x0800b1d8        0x4 build/hardware_drivers//libhardware_drivers.a(tsl_acq_tsc.o)
                0x0800b1d8                TSL_acq_CheckNoise
 .text.TSL_acq_UseFilter
                0x0800b1dc        0x4 build/hardware_drivers//libhardware_drivers.a(tsl_acq_tsc.o)
                0x0800b1dc                TSL_acq_UseFilter
 .text.TSL_acq_TestReferenceOutOfRange
                0x0800b1e0        0x4 build/hardware_drivers//libhardware_drivers.a(tsl_acq_tsc.o)
                0x0800b1e0                TSL_acq_TestReferenceOutOfRange
 .text.TSL_acq_TestFirstReferenceIsValid
                0x0800b1e4        0x4 build/hardware_drivers//libhardware_drivers.a(tsl_acq_tsc.o)
                0x0800b1e4                TSL_acq_TestFirstReferenceIsValid
 .text.SoftDelay
                0x0800b1e8       0x28 build/hardware_drivers//libhardware_drivers.a(tsl_acq_tsc.o)
 .text.TSL_Init
                0x0800b210       0x3c build/hardware_drivers//libhardware_drivers.a(tsl.o)
                0x0800b210                TSL_Init
 .text.TSL_dxs_FirstObj
                0x0800b24c        0x4 build/hardware_drivers//libhardware_drivers.a(tsl_dxs.o)
                0x0800b24c                TSL_dxs_FirstObj
 .text.TSL_ecs_ProcessK
                0x0800b250       0xd0 build/hardware_drivers//libhardware_drivers.a(tsl_ecs.o)
                0x0800b250                TSL_ecs_ProcessK
 .text.TSL_ecs_Process
                0x0800b320      0x114 build/hardware_drivers//libhardware_drivers.a(tsl_ecs.o)
                0x0800b320                TSL_ecs_Process
 .text.TSL_obj_GroupInit
                0x0800b434       0x78 build/hardware_drivers//libhardware_drivers.a(tsl_object.o)
                0x0800b434                TSL_obj_GroupInit
 .text.TSL_obj_GroupProcess
                0x0800b4ac       0x78 build/hardware_drivers//libhardware_drivers.a(tsl_object.o)
                0x0800b4ac                TSL_obj_GroupProcess
 .text.TSL_obj_SetGlobalObj
                0x0800b524       0x18 build/hardware_drivers//libhardware_drivers.a(tsl_object.o)
                0x0800b524                TSL_obj_SetGlobalObj
 .text.TSL_tim_CheckDelay_ms
                0x0800b53c       0x50 build/hardware_drivers//libhardware_drivers.a(tsl_time.o)
                0x0800b53c                TSL_tim_CheckDelay_ms
 .text.TSL_tkey_Init
                0x0800b58c       0x80 build/hardware_drivers//libhardware_drivers.a(tsl_touchkey.o)
                0x0800b58c                TSL_tkey_Init
 .text.TSL_tkey_Process
                0x0800b60c       0x6c build/hardware_drivers//libhardware_drivers.a(tsl_touchkey.o)
                0x0800b60c                TSL_tkey_Process
 .text.TSL_tkey_SetStateCalibration
                0x0800b678       0x5c build/hardware_drivers//libhardware_drivers.a(tsl_touchkey.o)
                0x0800b678                TSL_tkey_SetStateCalibration
 .text.TSL_tkey_DebReleaseDetectStateProcess
                0x0800b6d4       0x3c build/hardware_drivers//libhardware_drivers.a(tsl_touchkey.o)
                0x0800b6d4                TSL_tkey_DebReleaseDetectStateProcess
 .text.TSL_tkey_DebReleaseTouchStateProcess
                0x0800b710       0x3c build/hardware_drivers//libhardware_drivers.a(tsl_touchkey.o)
                0x0800b710                TSL_tkey_DebReleaseTouchStateProcess
 .text.TSL_tkey_ReleaseStateProcess
                0x0800b74c       0xac build/hardware_drivers//libhardware_drivers.a(tsl_touchkey.o)
                0x0800b74c                TSL_tkey_ReleaseStateProcess
 .text.TSL_tkey_DebCalibrationStateProcess
                0x0800b7f8       0x88 build/hardware_drivers//libhardware_drivers.a(tsl_touchkey.o)
                0x0800b7f8                TSL_tkey_DebCalibrationStateProcess
 .text.TSL_tkey_CalibrationStateProcess
                0x0800b880       0xcc build/hardware_drivers//libhardware_drivers.a(tsl_touchkey.o)
                0x0800b880                TSL_tkey_CalibrationStateProcess
 .text.TSL_tkey_DebDetectStateProcess
                0x0800b94c       0x3c build/hardware_drivers//libhardware_drivers.a(tsl_touchkey.o)
                0x0800b94c                TSL_tkey_DebDetectStateProcess
 .text.TSL_tkey_DetectStateProcess
                0x0800b988       0x48 build/hardware_drivers//libhardware_drivers.a(tsl_touchkey.o)
                0x0800b988                TSL_tkey_DetectStateProcess
 .text.TSL_tkey_TouchStateProcess
                0x0800b9d0       0x48 build/hardware_drivers//libhardware_drivers.a(tsl_touchkey.o)
                0x0800b9d0                TSL_tkey_TouchStateProcess
 .text.TSL_tkey_DebErrorStateProcess
                0x0800ba18       0xe8 build/hardware_drivers//libhardware_drivers.a(tsl_touchkey.o)
                0x0800ba18                TSL_tkey_DebErrorStateProcess
 .text._ZN11ViaControls6updateEv
                0x0800bb00      0x148 build/hardware_drivers//libhardware_drivers.a(via_global_signals.o)
                0x0800bb00                ViaControls::update()
 .text._ZN7ViaSync19calculateLogicAGateEl
                0x0800bc48       0x1c build/hardware_drivers//libhardware_drivers.a(sync_aux_outputs.o)
                0x0800bc48                ViaSync::calculateLogicAGate(long)
 .text._ZN7ViaSync20calculateLogicADeltaEl
                0x0800bc64       0x8c build/hardware_drivers//libhardware_drivers.a(sync_aux_outputs.o)
                0x0800bc64                ViaSync::calculateLogicADelta(long)
 .text._ZN7ViaSync19calculateDac3PhasorEl
                0x0800bcf0       0xb4 build/hardware_drivers//libhardware_drivers.a(sync_aux_outputs.o)
                0x0800bcf0                ViaSync::calculateDac3Phasor(long)
 .text._ZN7ViaSync20calculateDac3ContourEl
                0x0800bda4       0xc4 build/hardware_drivers//libhardware_drivers.a(sync_aux_outputs.o)
                0x0800bda4                ViaSync::calculateDac3Contour(long)
 .text._ZN7ViaSync16calculateSHMode1El
                0x0800be68       0x24 build/hardware_drivers//libhardware_drivers.a(sync_aux_outputs.o)
                0x0800be68                ViaSync::calculateSHMode1(long)
 .text._ZN7ViaSync16calculateSHMode2El
                0x0800be8c       0x38 build/hardware_drivers//libhardware_drivers.a(sync_aux_outputs.o)
                0x0800be8c                ViaSync::calculateSHMode2(long)
 .text._ZN7ViaSync16calculateSHMode3El
                0x0800bec4       0x58 build/hardware_drivers//libhardware_drivers.a(sync_aux_outputs.o)
                0x0800bec4                ViaSync::calculateSHMode3(long)
 .text._ZN7ViaSync23handleButton1ModeChangeEl
                0x0800bf1c       0x58 build/hardware_drivers//libhardware_drivers.a(sync_modes.o)
                0x0800bf1c                ViaSync::handleButton1ModeChange(long)
 .text._ZN7ViaSync23handleButton2ModeChangeEl
                0x0800bf74       0x68 build/hardware_drivers//libhardware_drivers.a(sync_modes.o)
                0x0800bf74                ViaSync::handleButton2ModeChange(long)
 .text._ZN7ViaSync23handleButton3ModeChangeEl
                0x0800bfdc       0x98 build/hardware_drivers//libhardware_drivers.a(sync_modes.o)
                0x0800bfdc                ViaSync::handleButton3ModeChange(long)
 .text._ZN7ViaSync23handleButton4ModeChangeEl
                0x0800c074       0x84 build/hardware_drivers//libhardware_drivers.a(sync_modes.o)
                0x0800c074                ViaSync::handleButton4ModeChange(long)
 .text._ZN7ViaSync23handleButton5ModeChangeEl
                0x0800c0f8       0x90 build/hardware_drivers//libhardware_drivers.a(sync_modes.o)
                0x0800c0f8                ViaSync::handleButton5ModeChange(long)
 .text._ZN7ViaSync23handleButton6ModeChangeEl
                0x0800c188       0x2c build/hardware_drivers//libhardware_drivers.a(sync_modes.o)
                0x0800c188                ViaSync::handleButton6ModeChange(long)
 .text._ZN7ViaSync20handleAux1ModeChangeEl
                0x0800c1b4       0x3c build/hardware_drivers//libhardware_drivers.a(sync_modes.o)
                0x0800c1b4                ViaSync::handleAux1ModeChange(long)
 .text._ZN7ViaSync20handleAux2ModeChangeEl
                0x0800c1f0       0x3c build/hardware_drivers//libhardware_drivers.a(sync_modes.o)
                0x0800c1f0                ViaSync::handleAux2ModeChange(long)
 .text._ZN7ViaSync20handleAux3ModeChangeEl
                0x0800c22c       0x3c build/hardware_drivers//libhardware_drivers.a(sync_modes.o)
                0x0800c22c                ViaSync::handleAux3ModeChange(long)
 .text._ZN7ViaSync20handleAux4ModeChangeEl
                0x0800c268       0x2c build/hardware_drivers//libhardware_drivers.a(sync_modes.o)
                0x0800c268                ViaSync::handleAux4ModeChange(long)
 .text._ZdlPv   0x0800c294        0x8 /usr/local/gcc-arm-none-eabi-4_8-2014q1/bin/../lib/gcc/arm-none-eabi/4.8.3/../../../../arm-none-eabi/lib/armv7e-m/fpu/libstdc++_s.a(del_op.o)
                0x0800c294                operator delete(void*)
 .text.__libc_init_array
                0x0800c29c       0x4c /usr/local/gcc-arm-none-eabi-4_8-2014q1/bin/../lib/gcc/arm-none-eabi/4.8.3/../../../../arm-none-eabi/lib/armv7e-m/fpu/libc_s.a(lib_a-init.o)
                0x0800c29c                __libc_init_array
 .text.malloc   0x0800c2e8       0x10 /usr/local/gcc-arm-none-eabi-4_8-2014q1/bin/../lib/gcc/arm-none-eabi/4.8.3/../../../../arm-none-eabi/lib/armv7e-m/fpu/libc_s.a(lib_a-malloc.o)
                0x0800c2e8                malloc
 .text.free     0x0800c2f8       0x10 /usr/local/gcc-arm-none-eabi-4_8-2014q1/bin/../lib/gcc/arm-none-eabi/4.8.3/../../../../arm-none-eabi/lib/armv7e-m/fpu/libc_s.a(lib_a-malloc.o)
                0x0800c2f8                free
 .text.memcpy   0x0800c308       0x12 /usr/local/gcc-arm-none-eabi-4_8-2014q1/bin/../lib/gcc/arm-none-eabi/4.8.3/../../../../arm-none-eabi/lib/armv7e-m/fpu/libc_s.a(lib_a-memcpy-stub.o)
                0x0800c308                memcpy
 .text.memset   0x0800c31a       0x10 /usr/local/gcc-arm-none-eabi-4_8-2014q1/bin/../lib/gcc/arm-none-eabi/4.8.3/../../../../arm-none-eabi/lib/armv7e-m/fpu/libc_s.a(lib_a-memset.o)
                0x0800c31a                memset
 *fill*         0x0800c32a        0x2 
 .text._free_r  0x0800c32c       0x88 /usr/local/gcc-arm-none-eabi-4_8-2014q1/bin/../lib/gcc/arm-none-eabi/4.8.3/../../../../arm-none-eabi/lib/armv7e-m/fpu/libc_s.a(lib_a-nano-freer.o)
                0x0800c32c                _free_r
 .text._malloc_r
                0x0800c3b4       0xa8 /usr/local/gcc-arm-none-eabi-4_8-2014q1/bin/../lib/gcc/arm-none-eabi/4.8.3/../../../../arm-none-eabi/lib/armv7e-m/fpu/libc_s.a(lib_a-nano-mallocr.o)
                0x0800c3b4                _malloc_r
 .text._sbrk_r  0x0800c45c       0x20 /usr/local/gcc-arm-none-eabi-4_8-2014q1/bin/../lib/gcc/arm-none-eabi/4.8.3/../../../../arm-none-eabi/lib/armv7e-m/fpu/libc_s.a(lib_a-sbrkr.o)
                0x0800c45c                _sbrk_r
 .text._sbrk    0x0800c47c       0x34 /usr/local/gcc-arm-none-eabi-4_8-2014q1/bin/../lib/gcc/arm-none-eabi/4.8.3/../../../../arm-none-eabi/lib/armv7e-m/fpu/libnosys.a(sbrk.o)
                0x0800c47c                _sbrk
 *(.glue_7)
 .glue_7        0x00000000        0x0 linker stubs
 *(.glue_7t)
 .glue_7t       0x00000000        0x0 linker stubs
 *(.eh_frame)
 .eh_frame      0x0800c4b0        0x0 /usr/local/gcc-arm-none-eabi-4_8-2014q1/bin/../lib/gcc/arm-none-eabi/4.8.3/armv7e-m/fpu/crtbegin.o
 *(.init)
 .init          0x0800c4b0        0x4 /usr/local/gcc-arm-none-eabi-4_8-2014q1/bin/../lib/gcc/arm-none-eabi/4.8.3/armv7e-m/fpu/crti.o
                0x0800c4b0                _init
 .init          0x0800c4b4        0x8 /usr/local/gcc-arm-none-eabi-4_8-2014q1/bin/../lib/gcc/arm-none-eabi/4.8.3/armv7e-m/fpu/crtn.o
 *(.fini)
 .fini          0x0800c4bc        0x4 /usr/local/gcc-arm-none-eabi-4_8-2014q1/bin/../lib/gcc/arm-none-eabi/4.8.3/armv7e-m/fpu/crti.o
                0x0800c4bc                _fini
 .fini          0x0800c4c0        0x8 /usr/local/gcc-arm-none-eabi-4_8-2014q1/bin/../lib/gcc/arm-none-eabi/4.8.3/armv7e-m/fpu/crtn.o
                0x0800c4c8                . = ALIGN (0x4)
                0x0800c4c8                _etext = .

.vfp11_veneer   0x0800c4c8        0x0
 .vfp11_veneer  0x00000000        0x0 linker stubs

.v4_bx          0x0800c4c8        0x0
 .v4_bx         0x00000000        0x0 linker stubs

.iplt           0x0800c4c8        0x0
 .iplt          0x00000000        0x0 /usr/local/gcc-arm-none-eabi-4_8-2014q1/bin/../lib/gcc/arm-none-eabi/4.8.3/armv7e-m/fpu/crtbegin.o

.rodata         0x0800c4c8    0x31260
                0x0800c4c8                . = ALIGN (0x4)
 *(.rodata)
 .rodata        0x0800c4c8      0x128 build/sync/main.o
 .rodata        0x0800c5f0       0x20 build/sync/stm32f3xx_hal_rcc.o
                0x0800c5f0                aPLLMULFactorTable
                0x0800c600                aPredivFactorTable
 *(.rodata*)
 .rodata._ZL17phaseModPWMTables
                0x0800c610     0x2184 build/hardware_drivers//libhardware_drivers.a(sync_interrupt_handlers.o)
 .rodata._ZL10ratio112_5
                0x0800e794        0xc build/hardware_drivers//libhardware_drivers.a(sync_scales.o)
 .rodata._ZL10ratio11_13
                0x0800e7a0        0xc build/hardware_drivers//libhardware_drivers.a(sync_scales.o)
 .rodata._ZL10ratio11_14
                0x0800e7ac        0xc build/hardware_drivers//libhardware_drivers.a(sync_scales.o)
 .rodata._ZL10ratio11_15
                0x0800e7b8        0xc build/hardware_drivers//libhardware_drivers.a(sync_scales.o)
 .rodata._ZL10ratio11_16
                0x0800e7c4        0xc build/hardware_drivers//libhardware_drivers.a(sync_scales.o)
 .rodata._ZL10ratio11_17
                0x0800e7d0        0xc build/hardware_drivers//libhardware_drivers.a(sync_scales.o)
 .rodata._ZL10ratio11_28
                0x0800e7dc        0xc build/hardware_drivers//libhardware_drivers.a(sync_scales.o)
 .rodata._ZL10ratio11_32
                0x0800e7e8        0xc build/hardware_drivers//libhardware_drivers.a(sync_scales.o)
 .rodata._ZL10ratio11_56
                0x0800e7f4        0xc build/hardware_drivers//libhardware_drivers.a(sync_scales.o)
 .rodata._ZL10ratio11_64
                0x0800e800        0xc build/hardware_drivers//libhardware_drivers.a(sync_scales.o)
 .rodata._ZL10ratio128_3
                0x0800e80c        0xc build/hardware_drivers//libhardware_drivers.a(sync_scales.o)
 .rodata._ZL10ratio128_5
                0x0800e818        0xc build/hardware_drivers//libhardware_drivers.a(sync_scales.o)
 .rodata._ZL10ratio128_9
                0x0800e824        0xc build/hardware_drivers//libhardware_drivers.a(sync_scales.o)
 .rodata._ZL10ratio135_4
                0x0800e830        0xc build/hardware_drivers//libhardware_drivers.a(sync_scales.o)
 .rodata._ZL10ratio135_7
                0x0800e83c        0xc build/hardware_drivers//libhardware_drivers.a(sync_scales.o)
 .rodata._ZL10ratio13_11
                0x0800e848        0xc build/hardware_drivers//libhardware_drivers.a(sync_scales.o)
 .rodata._ZL10ratio13_15
                0x0800e854        0xc build/hardware_drivers//libhardware_drivers.a(sync_scales.o)
 .rodata._ZL10ratio13_16
                0x0800e860        0xc build/hardware_drivers//libhardware_drivers.a(sync_scales.o)
 .rodata._ZL10ratio13_17
                0x0800e86c        0xc build/hardware_drivers//libhardware_drivers.a(sync_scales.o)
 .rodata._ZL10ratio13_32
                0x0800e878        0xc build/hardware_drivers//libhardware_drivers.a(sync_scales.o)
 .rodata._ZL10ratio13_64
                0x0800e884        0xc build/hardware_drivers//libhardware_drivers.a(sync_scales.o)
 .rodata._ZL10ratio144_5
                0x0800e890        0xc build/hardware_drivers//libhardware_drivers.a(sync_scales.o)
 .rodata._ZL10ratio144_7
                0x0800e89c        0xc build/hardware_drivers//libhardware_drivers.a(sync_scales.o)
 .rodata._ZL10ratio15_11
                0x0800e8a8        0xc build/hardware_drivers//libhardware_drivers.a(sync_scales.o)
 .rodata._ZL10ratio15_13
                0x0800e8b4        0xc build/hardware_drivers//libhardware_drivers.a(sync_scales.o)
 .rodata._ZL10ratio15_16
                0x0800e8c0        0xc build/hardware_drivers//libhardware_drivers.a(sync_scales.o)
 .rodata._ZL10ratio15_17
                0x0800e8cc        0xc build/hardware_drivers//libhardware_drivers.a(sync_scales.o)
 .rodata._ZL10ratio15_32
                0x0800e8d8        0xc build/hardware_drivers//libhardware_drivers.a(sync_scales.o)
 .rodata._ZL10ratio15_64
                0x0800e8e4        0xc build/hardware_drivers//libhardware_drivers.a(sync_scales.o)
 .rodata._ZL10ratio160_7
                0x0800e8f0        0xc build/hardware_drivers//libhardware_drivers.a(sync_scales.o)
 .rodata._ZL10ratio160_9
                0x0800e8fc        0xc build/hardware_drivers//libhardware_drivers.a(sync_scales.o)
 .rodata._ZL10ratio176_7
                0x0800e908        0xc build/hardware_drivers//libhardware_drivers.a(sync_scales.o)
 .rodata._ZL10ratio17_11
                0x0800e914        0xc build/hardware_drivers//libhardware_drivers.a(sync_scales.o)
 .rodata._ZL10ratio17_13
                0x0800e920        0xc build/hardware_drivers//libhardware_drivers.a(sync_scales.o)
 .rodata._ZL10ratio17_15
                0x0800e92c        0xc build/hardware_drivers//libhardware_drivers.a(sync_scales.o)
 .rodata._ZL10ratio17_16
                0x0800e938        0xc build/hardware_drivers//libhardware_drivers.a(sync_scales.o)
 .rodata._ZL10ratio17_32
                0x0800e944        0xc build/hardware_drivers//libhardware_drivers.a(sync_scales.o)
 .rodata._ZL10ratio17_64
                0x0800e950        0xc build/hardware_drivers//libhardware_drivers.a(sync_scales.o)
 .rodata._ZL10ratio189_5
                0x0800e95c        0xc build/hardware_drivers//libhardware_drivers.a(sync_scales.o)
 .rodata._ZL10ratio192_5
                0x0800e968        0xc build/hardware_drivers//libhardware_drivers.a(sync_scales.o)
 .rodata._ZL10ratio192_7
                0x0800e974        0xc build/hardware_drivers//libhardware_drivers.a(sync_scales.o)
 .rodata._ZL10ratio19_16
                0x0800e980        0xc build/hardware_drivers//libhardware_drivers.a(sync_scales.o)
 .rodata._ZL10ratio19_32
                0x0800e98c        0xc build/hardware_drivers//libhardware_drivers.a(sync_scales.o)
 .rodata._ZL10ratio19_64
                0x0800e998        0xc build/hardware_drivers//libhardware_drivers.a(sync_scales.o)
 .rodata._ZL10ratio1_1_4
                0x0800e9a4        0xc build/hardware_drivers//libhardware_drivers.a(sync_scales.o)
 .rodata._ZL10ratio1_1_8
                0x0800e9b0        0xc build/hardware_drivers//libhardware_drivers.a(sync_scales.o)
 .rodata._ZL10ratio1_2_4
                0x0800e9bc        0xc build/hardware_drivers//libhardware_drivers.a(sync_scales.o)
 .rodata._ZL10ratio1_2_8
                0x0800e9c8        0xc build/hardware_drivers//libhardware_drivers.a(sync_scales.o)
 .rodata._ZL10ratio1_3_8
                0x0800e9d4        0xc build/hardware_drivers//libhardware_drivers.a(sync_scales.o)
 .rodata._ZL10ratio1_4_8
                0x0800e9e0        0xc build/hardware_drivers//libhardware_drivers.a(sync_scales.o)
 .rodata._ZL10ratio21_25
                0x0800e9ec        0xc build/hardware_drivers//libhardware_drivers.a(sync_scales.o)
 .rodata._ZL10ratio225_7
                0x0800e9f8        0xc build/hardware_drivers//libhardware_drivers.a(sync_scales.o)
 .rodata._ZL10ratio243_7
                0x0800ea04        0xc build/hardware_drivers//libhardware_drivers.a(sync_scales.o)
 .rodata._ZL10ratio256_9
                0x0800ea10        0xc build/hardware_drivers//libhardware_drivers.a(sync_scales.o)
 .rodata._ZL10ratio25_18
                0x0800ea1c        0xc build/hardware_drivers//libhardware_drivers.a(sync_scales.o)
 .rodata._ZL10ratio25_21
                0x0800ea28        0xc build/hardware_drivers//libhardware_drivers.a(sync_scales.o)
 .rodata._ZL10ratio25_27
                0x0800ea34        0xc build/hardware_drivers//libhardware_drivers.a(sync_scales.o)
 .rodata._ZL10ratio25_49
                0x0800ea40        0xc build/hardware_drivers//libhardware_drivers.a(sync_scales.o)
 .rodata._ZL10ratio25_63
                0x0800ea4c        0xc build/hardware_drivers//libhardware_drivers.a(sync_scales.o)
 .rodata._ZL10ratio25_81
                0x0800ea58        0xc build/hardware_drivers//libhardware_drivers.a(sync_scales.o)
 .rodata._ZL10ratio27_16
                0x0800ea64        0xc build/hardware_drivers//libhardware_drivers.a(sync_scales.o)
 .rodata._ZL10ratio27_25
                0x0800ea70        0xc build/hardware_drivers//libhardware_drivers.a(sync_scales.o)
 .rodata._ZL10ratio27_32
                0x0800ea7c        0xc build/hardware_drivers//libhardware_drivers.a(sync_scales.o)
 .rodata._ZL10ratio27_64
                0x0800ea88        0xc build/hardware_drivers//libhardware_drivers.a(sync_scales.o)
 .rodata._ZL10ratio2_1_4
                0x0800ea94        0xc build/hardware_drivers//libhardware_drivers.a(sync_scales.o)
 .rodata._ZL10ratio2_1_8
                0x0800eaa0        0xc build/hardware_drivers//libhardware_drivers.a(sync_scales.o)
 .rodata._ZL10ratio2_3_8
                0x0800eaac        0xc build/hardware_drivers//libhardware_drivers.a(sync_scales.o)
 .rodata._ZL10ratio320_9
                0x0800eab8        0xc build/hardware_drivers//libhardware_drivers.a(sync_scales.o)
 .rodata._ZL10ratio36_25
                0x0800eac4        0xc build/hardware_drivers//libhardware_drivers.a(sync_scales.o)
 .rodata._ZL10ratio3_112
                0x0800ead0        0xc build/hardware_drivers//libhardware_drivers.a(sync_scales.o)
 .rodata._ZL10ratio3_128
                0x0800eadc        0xc build/hardware_drivers//libhardware_drivers.a(sync_scales.o)
 .rodata._ZL10ratio3_1_4
                0x0800eae8        0xc build/hardware_drivers//libhardware_drivers.a(sync_scales.o)
 .rodata._ZL10ratio3_2_4
                0x0800eaf4        0xc build/hardware_drivers//libhardware_drivers.a(sync_scales.o)
 .rodata._ZL10ratio3_2_8
                0x0800eb00        0xc build/hardware_drivers//libhardware_drivers.a(sync_scales.o)
 .rodata._ZL10ratio3_4_8
                0x0800eb0c        0xc build/hardware_drivers//libhardware_drivers.a(sync_scales.o)
 .rodata._ZL10ratio49_25
                0x0800eb18        0xc build/hardware_drivers//libhardware_drivers.a(sync_scales.o)
 .rodata._ZL10ratio49_75
                0x0800eb24        0xc build/hardware_drivers//libhardware_drivers.a(sync_scales.o)
 .rodata._ZL10ratio4_1_4
                0x0800eb30        0xc build/hardware_drivers//libhardware_drivers.a(sync_scales.o)
 .rodata._ZL10ratio4_1_8
                0x0800eb3c        0xc build/hardware_drivers//libhardware_drivers.a(sync_scales.o)
 .rodata._ZL10ratio4_3_8
                0x0800eb48        0xc build/hardware_drivers//libhardware_drivers.a(sync_scales.o)
 .rodata._ZL10ratio5_108
                0x0800eb54        0xc build/hardware_drivers//libhardware_drivers.a(sync_scales.o)
 .rodata._ZL10ratio5_112
                0x0800eb60        0xc build/hardware_drivers//libhardware_drivers.a(sync_scales.o)
 .rodata._ZL10ratio5_128
                0x0800eb6c        0xc build/hardware_drivers//libhardware_drivers.a(sync_scales.o)
 .rodata._ZL10ratio5_144
                0x0800eb78        0xc build/hardware_drivers//libhardware_drivers.a(sync_scales.o)
 .rodata._ZL10ratio5_189
                0x0800eb84        0xc build/hardware_drivers//libhardware_drivers.a(sync_scales.o)
 .rodata._ZL10ratio5_192
                0x0800eb90        0xc build/hardware_drivers//libhardware_drivers.a(sync_scales.o)
 .rodata._ZL10ratio63_25
                0x0800eb9c        0xc build/hardware_drivers//libhardware_drivers.a(sync_scales.o)
 .rodata._ZL10ratio6_1_4
                0x0800eba8        0xc build/hardware_drivers//libhardware_drivers.a(sync_scales.o)
 .rodata._ZL10ratio6_1_8
                0x0800ebb4        0xc build/hardware_drivers//libhardware_drivers.a(sync_scales.o)
 .rodata._ZL10ratio72_25
                0x0800ebc0        0xc build/hardware_drivers//libhardware_drivers.a(sync_scales.o)
 .rodata._ZL10ratio75_49
                0x0800ebcc        0xc build/hardware_drivers//libhardware_drivers.a(sync_scales.o)
 .rodata._ZL10ratio7_128
                0x0800ebd8        0xc build/hardware_drivers//libhardware_drivers.a(sync_scales.o)
 .rodata._ZL10ratio7_135
                0x0800ebe4        0xc build/hardware_drivers//libhardware_drivers.a(sync_scales.o)
 .rodata._ZL10ratio7_160
                0x0800ebf0        0xc build/hardware_drivers//libhardware_drivers.a(sync_scales.o)
 .rodata._ZL10ratio7_225
                0x0800ebfc        0xc build/hardware_drivers//libhardware_drivers.a(sync_scales.o)
 .rodata._ZL10ratio7_243
                0x0800ec08        0xc build/hardware_drivers//libhardware_drivers.a(sync_scales.o)
 .rodata._ZL10ratio7_256
                0x0800ec14        0xc build/hardware_drivers//libhardware_drivers.a(sync_scales.o)
 .rodata._ZL10ratio81_25
                0x0800ec20        0xc build/hardware_drivers//libhardware_drivers.a(sync_scales.o)
 .rodata._ZL10ratio8_1_4
                0x0800ec2c        0xc build/hardware_drivers//libhardware_drivers.a(sync_scales.o)
 .rodata._ZL10ratio8_1_8
                0x0800ec38        0xc build/hardware_drivers//libhardware_drivers.a(sync_scales.o)
 .rodata._ZL10ratio8_3_8
                0x0800ec44        0xc build/hardware_drivers//libhardware_drivers.a(sync_scales.o)
 .rodata._ZL10ratio9_112
                0x0800ec50        0xc build/hardware_drivers//libhardware_drivers.a(sync_scales.o)
 .rodata._ZL10ratio9_128
                0x0800ec5c        0xc build/hardware_drivers//libhardware_drivers.a(sync_scales.o)
 .rodata._ZL10ratio9_160
                0x0800ec68        0xc build/hardware_drivers//libhardware_drivers.a(sync_scales.o)
 .rodata._ZL10ratio9_224
                0x0800ec74        0xc build/hardware_drivers//libhardware_drivers.a(sync_scales.o)
 .rodata._ZL10ratio9_256
                0x0800ec80        0xc build/hardware_drivers//libhardware_drivers.a(sync_scales.o)
 .rodata._ZL10ratio9_320
                0x0800ec8c        0xc build/hardware_drivers//libhardware_drivers.a(sync_scales.o)
 .rodata._ZL11modesofroot
                0x0800ec98        0xc build/hardware_drivers//libhardware_drivers.a(sync_scales.o)
 .rodata._ZL11no_triplets
                0x0800eca4        0xc build/hardware_drivers//libhardware_drivers.a(sync_scales.o)
 .rodata._ZL11ratio11_112
                0x0800ecb0        0xc build/hardware_drivers//libhardware_drivers.a(sync_scales.o)
 .rodata._ZL11ratio11_128
                0x0800ecbc        0xc build/hardware_drivers//libhardware_drivers.a(sync_scales.o)
 .rodata._ZL11ratio11_224
                0x0800ecc8        0xc build/hardware_drivers//libhardware_drivers.a(sync_scales.o)
 .rodata._ZL11ratio11_256
                0x0800ecd4        0xc build/hardware_drivers//libhardware_drivers.a(sync_scales.o)
 .rodata._ZL11ratio12_1_4
                0x0800ece0        0xc build/hardware_drivers//libhardware_drivers.a(sync_scales.o)
 .rodata._ZL11ratio13_128
                0x0800ecec        0xc build/hardware_drivers//libhardware_drivers.a(sync_scales.o)
 .rodata._ZL11ratio13_256
                0x0800ecf8        0xc build/hardware_drivers//libhardware_drivers.a(sync_scales.o)
 .rodata._ZL11ratio13_512
                0x0800ed04        0xc build/hardware_drivers//libhardware_drivers.a(sync_scales.o)
 .rodata._ZL11ratio147_25
                0x0800ed10        0xc build/hardware_drivers//libhardware_drivers.a(sync_scales.o)
 .rodata._ZL11ratio15_128
                0x0800ed1c        0xc build/hardware_drivers//libhardware_drivers.a(sync_scales.o)
 .rodata._ZL11ratio15_256
                0x0800ed28        0xc build/hardware_drivers//libhardware_drivers.a(sync_scales.o)
 .rodata._ZL11ratio15_512
                0x0800ed34        0xc build/hardware_drivers//libhardware_drivers.a(sync_scales.o)
 .rodata._ZL11ratio16_1_4
                0x0800ed40        0xc build/hardware_drivers//libhardware_drivers.a(sync_scales.o)
 .rodata._ZL11ratio16_3_8
                0x0800ed4c        0xc build/hardware_drivers//libhardware_drivers.a(sync_scales.o)
 .rodata._ZL11ratio17_128
                0x0800ed58        0xc build/hardware_drivers//libhardware_drivers.a(sync_scales.o)
 .rodata._ZL11ratio17_256
                0x0800ed64        0xc build/hardware_drivers//libhardware_drivers.a(sync_scales.o)
 .rodata._ZL11ratio17_512
                0x0800ed70        0xc build/hardware_drivers//libhardware_drivers.a(sync_scales.o)
 .rodata._ZL11ratio189_25
                0x0800ed7c        0xc build/hardware_drivers//libhardware_drivers.a(sync_scales.o)
 .rodata._ZL11ratio19_128
                0x0800ed88        0xc build/hardware_drivers//libhardware_drivers.a(sync_scales.o)
 .rodata._ZL11ratio19_256
                0x0800ed94        0xc build/hardware_drivers//libhardware_drivers.a(sync_scales.o)
 .rodata._ZL11ratio19_512
                0x0800eda0        0xc build/hardware_drivers//libhardware_drivers.a(sync_scales.o)
 .rodata._ZL11ratio1_1_16
                0x0800edac        0xc build/hardware_drivers//libhardware_drivers.a(sync_scales.o)
 .rodata._ZL11ratio1_1_32
                0x0800edb8        0xc build/hardware_drivers//libhardware_drivers.a(sync_scales.o)
 .rodata._ZL11ratio1_2_16
                0x0800edc4        0xc build/hardware_drivers//libhardware_drivers.a(sync_scales.o)