Archive member included to satisfy reference by file (symbol)

build/hardware_drivers//libhardware_drivers.a(via_global_signals.o)
                              build/osc3/interrupt_link.o (ViaControls::updateExtra())
build/hardware_drivers//libhardware_drivers.a(osc_helpers.o)
                              build/osc3/main.o (ViaOsc::renderTri(long))
build/hardware_drivers//libhardware_drivers.a(osc_ui_implementation.o)
                              build/osc3/main.o (ViaOsc::ViaOscUI::initialize())
build/hardware_drivers//libhardware_drivers.a(meta_controller.o)
                              build/osc3/main.o (ExpoConverter::expoTable)
build/hardware_drivers//libhardware_drivers.a(ui_helpers.o)
                              build/osc3/main.o (linkUI)
build/hardware_drivers//libhardware_drivers.a(ui_main.o)
                              build/hardware_drivers//libhardware_drivers.a(osc_ui_implementation.o) (ViaUI::transition(void (ViaUI::*)(long)))
build/hardware_drivers//libhardware_drivers.a(ui_menus.o)
                              build/hardware_drivers//libhardware_drivers.a(ui_main.o) (ViaUI::aux2MenuAlt(long))
build/hardware_drivers//libhardware_drivers.a(ui_presets.o)
                              build/hardware_drivers//libhardware_drivers.a(ui_main.o) (ViaUI::presetMenu(long))
build/hardware_drivers//libhardware_drivers.a(ui_save_recall.o)
                              build/hardware_drivers//libhardware_drivers.a(ui_main.o) (ViaUI::initialize())
build/hardware_drivers//libhardware_drivers.a(adc.o)
                              build/osc3/main.o (MX_ADC1_Init)
build/hardware_drivers//libhardware_drivers.a(dac.o)
                              build/osc3/main.o (MX_DAC1_Init)
build/hardware_drivers//libhardware_drivers.a(dma.o)
                              build/osc3/main.o (MX_DMA_Init)
build/hardware_drivers//libhardware_drivers.a(eeprom.o)
                              build/hardware_drivers//libhardware_drivers.a(osc_ui_implementation.o) (EE_Init)
build/hardware_drivers//libhardware_drivers.a(gpio.o)
                              build/osc3/main.o (MX_GPIO_Init)
build/hardware_drivers//libhardware_drivers.a(sdadc.o)
                              build/osc3/main.o (MX_SDADC1_Init)
build/hardware_drivers//libhardware_drivers.a(system_stm32f3xx.o)
                              build/osc3/startup_stm32f373xc.o (SystemInit)
build/hardware_drivers//libhardware_drivers.a(tim.o)
                              build/osc3/main.o (MX_TIM2_Init)
build/hardware_drivers//libhardware_drivers.a(touchsensing.o)
                              build/osc3/main.o (MX_TOUCHSENSING_Init)
build/hardware_drivers//libhardware_drivers.a(tsc.o)
                              build/osc3/main.o (MX_TSC_Init)
build/hardware_drivers//libhardware_drivers.a(tsl_user.o)
                              build/hardware_drivers//libhardware_drivers.a(osc_ui_implementation.o) (tsl_user_Init)
build/hardware_drivers//libhardware_drivers.a(tsl_acq.o)
                              build/hardware_drivers//libhardware_drivers.a(tsl_user.o) (TSL_acq_BankGetResult)
build/hardware_drivers//libhardware_drivers.a(tsl_acq_tsc.o)
                              build/hardware_drivers//libhardware_drivers.a(tsl_user.o) (TSL_acq_BankConfig)
build/hardware_drivers//libhardware_drivers.a(tsl.o)
                              build/hardware_drivers//libhardware_drivers.a(tsl_user.o) (TSL_Init)
build/hardware_drivers//libhardware_drivers.a(tsl_dxs.o)
                              build/hardware_drivers//libhardware_drivers.a(tsl_user.o) (TSL_dxs_FirstObj)
build/hardware_drivers//libhardware_drivers.a(tsl_ecs.o)
                              build/hardware_drivers//libhardware_drivers.a(tsl_user.o) (TSL_ecs_Process)
build/hardware_drivers//libhardware_drivers.a(tsl_globals.o)
                              build/hardware_drivers//libhardware_drivers.a(tsl_acq.o) (TSL_Globals)
build/hardware_drivers//libhardware_drivers.a(tsl_object.o)
                              build/hardware_drivers//libhardware_drivers.a(tsl_user.o) (TSL_obj_GroupInit)
build/hardware_drivers//libhardware_drivers.a(tsl_time.o)
                              build/hardware_drivers//libhardware_drivers.a(tsl_user.o) (TSL_tim_CheckDelay_ms)
build/hardware_drivers//libhardware_drivers.a(tsl_touchkey.o)
                              build/hardware_drivers//libhardware_drivers.a(tsl_user.o) (TSL_tkey_Init)
build/hardware_drivers//libhardware_drivers.a(osc_modes.o)
                              build/hardware_drivers//libhardware_drivers.a(osc_ui_implementation.o) (ViaOsc::handleButton1ModeChange(long))
/usr/local/gcc-arm-none-eabi-7-2017-q4-major/bin/../lib/gcc/arm-none-eabi/7.2.1/../../../../arm-none-eabi/lib/thumb/v7e-m/fpv4-sp/hard/libstdc++_nano.a(del_op.o)
                              build/hardware_drivers//libhardware_drivers.a(osc_ui_implementation.o) (operator delete(void*))
[...]
Memory Configuration

Name             Origin             Length             Attributes
RAM              0x0000000020000000 0x0000000000008000 xrw
FLASH            0x0000000008000000 0x0000000000040000 xr
*default*        0x0000000000000000 0xffffffffffffffff

Linker script and memory map

LOAD /usr/local/gcc-arm-none-eabi-7-2017-q4-major/bin/../lib/gcc/arm-none-eabi/7.2.1/thumb/v7e-m/fpv4-sp/hard/crti.o
LOAD /usr/local/gcc-arm-none-eabi-7-2017-q4-major/bin/../lib/gcc/arm-none-eabi/7.2.1/thumb/v7e-m/fpv4-sp/hard/crtbegin.o
LOAD /usr/local/gcc-arm-none-eabi-7-2017-q4-major/bin/../lib/gcc/arm-none-eabi/7.2.1/../../../../arm-none-eabi/lib/thumb/v7e-m/fpv4-sp/hard/crt0.o
LOAD build/osc3/interrupt_link.o
LOAD build/osc3/main.o
LOAD build/osc3/main_hardware_init.o
LOAD build/osc3/stm32f3xx_it.o
LOAD build/osc3/stm32f3xx_hal_adc.o
LOAD build/osc3/stm32f3xx_hal_adc_ex.o
LOAD build/osc3/stm32f3xx_hal.o
LOAD build/osc3/stm32f3xx_hal_cortex.o
LOAD build/osc3/stm32f3xx_hal_dac.o
LOAD build/osc3/stm32f3xx_hal_dac_ex.o
LOAD build/osc3/stm32f3xx_hal_dma.o
LOAD build/osc3/stm32f3xx_hal_flash.o
LOAD build/osc3/stm32f3xx_hal_flash_ex.o
LOAD build/osc3/stm32f3xx_hal_gpio.o
LOAD build/osc3/stm32f3xx_hal_i2c.o
LOAD build/osc3/stm32f3xx_hal_i2c_ex.o
LOAD build/osc3/stm32f3xx_hal_pwr.o
LOAD build/osc3/stm32f3xx_hal_pwr_ex.o
LOAD build/osc3/stm32f3xx_hal_rcc.o
LOAD build/osc3/stm32f3xx_hal_rcc_ex.o
LOAD build/osc3/stm32f3xx_hal_sdadc.o
LOAD build/osc3/stm32f3xx_hal_tim.o
LOAD build/osc3/stm32f3xx_hal_tim_ex.o
LOAD build/osc3/stm32f3xx_hal_tsc.o
LOAD build/osc3/user_interrupts.o
LOAD build/osc3/startup_stm32f373xc.o
LOAD build/hardware_drivers//libhardware_drivers.a
LOAD /usr/local/gcc-arm-none-eabi-7-2017-q4-major/bin/../lib/gcc/arm-none-eabi/7.2.1/../../../../arm-none-eabi/lib/thumb/v7e-m/fpv4-sp/hard/libstdc++_nano.a
LOAD /usr/local/gcc-arm-none-eabi-7-2017-q4-major/bin/../lib/gcc/arm-none-eabi/7.2.1/../../../../arm-none-eabi/lib/thumb/v7e-m/fpv4-sp/hard/libm.a
START GROUP
LOAD /usr/local/gcc-arm-none-eabi-7-2017-q4-major/bin/../lib/gcc/arm-none-eabi/7.2.1/thumb/v7e-m/fpv4-sp/hard/libgcc.a
LOAD /usr/local/gcc-arm-none-eabi-7-2017-q4-major/bin/../lib/gcc/arm-none-eabi/7.2.1/../../../../arm-none-eabi/lib/thumb/v7e-m/fpv4-sp/hard/libc_nano.a
END GROUP
START GROUP
LOAD /usr/local/gcc-arm-none-eabi-7-2017-q4-major/bin/../lib/gcc/arm-none-eabi/7.2.1/thumb/v7e-m/fpv4-sp/hard/libgcc.a
LOAD /usr/local/gcc-arm-none-eabi-7-2017-q4-major/bin/../lib/gcc/arm-none-eabi/7.2.1/../../../../arm-none-eabi/lib/thumb/v7e-m/fpv4-sp/hard/libc_nano.a
LOAD /usr/local/gcc-arm-none-eabi-7-2017-q4-major/bin/../lib/gcc/arm-none-eabi/7.2.1/../../../../arm-none-eabi/lib/thumb/v7e-m/fpv4-sp/hard/libnosys.a
END GROUP
START GROUP
LOAD /usr/local/gcc-arm-none-eabi-7-2017-q4-major/bin/../lib/gcc/arm-none-eabi/7.2.1/thumb/v7e-m/fpv4-sp/hard/libgcc.a
LOAD /usr/local/gcc-arm-none-eabi-7-2017-q4-major/bin/../lib/gcc/arm-none-eabi/7.2.1/../../../../arm-none-eabi/lib/thumb/v7e-m/fpv4-sp/hard/libc_nano.a
LOAD /usr/local/gcc-arm-none-eabi-7-2017-q4-major/bin/../lib/gcc/arm-none-eabi/7.2.1/../../../../arm-none-eabi/lib/thumb/v7e-m/fpv4-sp/hard/libnosys.a
END GROUP
LOAD /usr/local/gcc-arm-none-eabi-7-2017-q4-major/bin/../lib/gcc/arm-none-eabi/7.2.1/thumb/v7e-m/fpv4-sp/hard/crtend.o
LOAD /usr/local/gcc-arm-none-eabi-7-2017-q4-major/bin/../lib/gcc/arm-none-eabi/7.2.1/thumb/v7e-m/fpv4-sp/hard/crtn.o
                0x0000000020008000                _estack = 0x20008000
                0x0000000000000200                _Min_Heap_Size = 0x200
                0x0000000000000400                _Min_Stack_Size = 0x400

.isr_vector     0x0000000008000000      0x188
                0x0000000008000000                . = ALIGN (0x4)
 *(.isr_vector)
 .isr_vector    0x0000000008000000      0x188 build/osc3/startup_stm32f373xc.o
                0x0000000008000000                g_pfnVectors
                0x0000000008000188                . = ALIGN (0x4)

.text           0x0000000008000188     0xb7a4
                0x0000000008000188                . = ALIGN (0x4)
 *(.text)
 .text          0x0000000008000188       0x40 /usr/local/gcc-arm-none-eabi-7-2017-q4-major/bin/../lib/gcc/arm-none-eabi/7.2.1/thumb/v7e-m/fpv4-sp/hard/crtbegin.o
 .text          0x00000000080001c8       0xa0 /usr/local/gcc-arm-none-eabi-7-2017-q4-major/bin/../lib/gcc/arm-none-eabi/7.2.1/thumb/v7e-m/fpv4-sp/hard/libgcc.a(_aeabi_ldivmod.o)
                0x00000000080001c8                __aeabi_ldivmod
 .text          0x0000000008000268       0x30 /usr/local/gcc-arm-none-eabi-7-2017-q4-major/bin/../lib/gcc/arm-none-eabi/7.2.1/thumb/v7e-m/fpv4-sp/hard/libgcc.a(_aeabi_uldivmod.o)
                0x0000000008000268                __aeabi_uldivmod
 .text          0x0000000008000298      0x2cc /usr/local/gcc-arm-none-eabi-7-2017-q4-major/bin/../lib/gcc/arm-none-eabi/7.2.1/thumb/v7e-m/fpv4-sp/hard/libgcc.a(_udivmoddi4.o)
                0x0000000008000298                __udivmoddi4
 .text          0x0000000008000564        0x4 /usr/local/gcc-arm-none-eabi-7-2017-q4-major/bin/../lib/gcc/arm-none-eabi/7.2.1/thumb/v7e-m/fpv4-sp/hard/libgcc.a(_dvmd_tls.o)
                0x0000000008000564                __aeabi_ldiv0
                0x0000000008000564                __aeabi_idiv0
 *(.text*)
 .text._Z21mainRisingEdgeHandlerPv
                0x0000000008000568        0xc build/osc3/interrupt_link.o
                0x0000000008000568                mainRisingEdgeHandler(void*)
 .text._Z22mainFallingEdgeHandlerPv
                0x0000000008000574        0xc build/osc3/interrupt_link.o
                0x0000000008000574                mainFallingEdgeHandler(void*)
 .text._Z20auxRisingEdgeHandlerPv
                0x0000000008000580       0xbc build/osc3/interrupt_link.o
                0x0000000008000580                auxRisingEdgeHandler(void*)
 .text._Z21auxFallingEdgeHandlerPv
                0x000000000800063c       0x18 build/osc3/interrupt_link.o
                0x000000000800063c                auxFallingEdgeHandler(void*)
 .text._Z20buttonPressedHandlerPv
                0x0000000008000654       0x1c build/osc3/interrupt_link.o
                0x0000000008000654                buttonPressedHandler(void*)
 .text._Z21buttonReleasedHandlerPv
                0x0000000008000670       0x18 build/osc3/interrupt_link.o
                0x0000000008000670                buttonReleasedHandler(void*)
 .text._Z15dacTimerHandlerPv
                0x0000000008000688        0x4 build/osc3/interrupt_link.o
                0x0000000008000688                dacTimerHandler(void*)
 .text._Z14uiTimerHandlerPv
                0x000000000800068c        0xc build/osc3/interrupt_link.o
                0x000000000800068c                uiTimerHandler(void*)
 .text._Z22dacHalfTransferHandlerPv
                0x0000000008000698       0x7c build/osc3/interrupt_link.o
                0x0000000008000698                dacHalfTransferHandler(void*)
 .text._Z28adcConversionCompleteHandlerPv
                0x0000000008000714       0xc8 build/osc3/interrupt_link.o
                0x0000000008000714                adcConversionCompleteHandler(void*)
 .text._Z25auxTimer1InterruptHandlerPv
                0x00000000080007dc        0x4 build/osc3/interrupt_link.o
                0x00000000080007dc                auxTimer1InterruptHandler(void*)
 .text._Z25auxTimer2InterruptHandlerPv
                0x00000000080007e0        0x4 build/osc3/interrupt_link.o
                0x00000000080007e0                auxTimer2InterruptHandler(void*)
 .text._Z31sdaadcConversionCompleteHandlerPv
                0x00000000080007e4        0x4 build/osc3/interrupt_link.o
                0x00000000080007e4                sdaadcConversionCompleteHandler(void*)
 .text._Z26dacTransferCompleteHandlerPv
                0x00000000080007e8       0x7c build/osc3/interrupt_link.o
                0x00000000080007e8                dacTransferCompleteHandler(void*)
 .text._Z14linkInterruptsP6ViaOsc
                0x0000000008000864       0x80 build/osc3/interrupt_link.o
                0x0000000008000864                linkInterrupts(ViaOsc*)
 .text._ZN6ViaOsc21updateBaseFreqsSmoothEv
                0x00000000080008e4      0x228 build/osc3/main.o
                0x00000000080008e4                ViaOsc::updateBaseFreqsSmooth()
 .text._ZN6ViaOsc12linearDetuneEl
                0x0000000008000b0c       0x4c build/osc3/main.o
                0x0000000008000b0c                ViaOsc::linearDetune(long)
 .text._ZN9ViaModule12ioStreamInitEv
                0x0000000008000b58       0xcc build/osc3/main.o
                0x0000000008000b58                ViaModule::ioStreamInit()
 .text._ZN6ViaOscC2Ev
                0x0000000008000c24      0x988 build/osc3/main.o
                0x0000000008000c24                ViaOsc::ViaOsc()
                0x0000000008000c24                ViaOsc::ViaOsc()
 .text._Z18SystemClock_Configv
                0x00000000080015ac       0x9c build/osc3/main.o
                0x00000000080015ac                SystemClock_Config()
 .text.startup.main
                0x0000000008001648       0x90 build/osc3/main.o
                0x0000000008001648                main
 .text._Error_Handler
                0x00000000080016d8        0x4 build/osc3/main.o
                0x00000000080016d8                _Error_Handler
 .text._Z16mainHardwareInitv
                0x00000000080016dc      0x108 build/osc3/main_hardware_init.o
                0x00000000080016dc                mainHardwareInit()
 .text.NMI_Handler
                0x00000000080017e4        0x4 build/osc3/stm32f3xx_it.o
                0x00000000080017e4                NMI_Handler
 .text.HardFault_Handler
                0x00000000080017e8        0x4 build/osc3/stm32f3xx_it.o
                0x00000000080017e8                HardFault_Handler
 .text.MemManage_Handler
                0x00000000080017ec        0x4 build/osc3/stm32f3xx_it.o
                0x00000000080017ec                MemManage_Handler
 .text.BusFault_Handler
                0x00000000080017f0        0x4 build/osc3/stm32f3xx_it.o
                0x00000000080017f0                BusFault_Handler
 .text.UsageFault_Handler
                0x00000000080017f4        0x4 build/osc3/stm32f3xx_it.o
                0x00000000080017f4                UsageFault_Handler
 .text.SVC_Handler
                0x00000000080017f8        0x4 build/osc3/stm32f3xx_it.o
                0x00000000080017f8                SVC_Handler
 .text.DebugMon_Handler
                0x00000000080017fc        0x4 build/osc3/stm32f3xx_it.o
                0x00000000080017fc                DebugMon_Handler
 .text.PendSV_Handler
                0x0000000008001800        0x4 build/osc3/stm32f3xx_it.o
                0x0000000008001800                PendSV_Handler
 .text.SysTick_Handler
                0x0000000008001804        0x4 build/osc3/stm32f3xx_it.o
                0x0000000008001804                SysTick_Handler
 .text.DMA1_Channel3_IRQHandler
                0x0000000008001808       0x24 build/osc3/stm32f3xx_it.o
                0x0000000008001808                DMA1_Channel3_IRQHandler
 .text.DMA1_Channel4_IRQHandler
                0x000000000800182c       0x24 build/osc3/stm32f3xx_it.o
                0x000000000800182c                DMA1_Channel4_IRQHandler
 .text.DMA2_Channel3_IRQHandler
                0x0000000008001850       0x14 build/osc3/stm32f3xx_it.o
                0x0000000008001850                DMA2_Channel3_IRQHandler
 .text.DMA2_Channel4_IRQHandler
                0x0000000008001864       0x14 build/osc3/stm32f3xx_it.o
                0x0000000008001864                DMA2_Channel4_IRQHandler
 .text.HAL_ADC_ConvCpltCallback
                0x0000000008001878        0x4 build/osc3/stm32f3xx_hal_adc.o
                0x0000000008001878                HAL_ADC_ConvCpltCallback
 .text.HAL_ADC_ConvHalfCpltCallback
                0x000000000800187c        0x4 build/osc3/stm32f3xx_hal_adc.o
                0x000000000800187c                HAL_ADC_ConvHalfCpltCallback
 .text.HAL_ADC_ErrorCallback
                0x0000000008001880        0x4 build/osc3/stm32f3xx_hal_adc.o
                0x0000000008001880                HAL_ADC_ErrorCallback
 .text.ADC_DMAError
                0x0000000008001884       0x18 build/osc3/stm32f3xx_hal_adc_ex.o
 .text.ADC_DMAHalfConvCplt
                0x000000000800189c        0x8 build/osc3/stm32f3xx_hal_adc_ex.o
 .text.ADC_DMAConvCplt
                0x00000000080018a4       0x4c build/osc3/stm32f3xx_hal_adc_ex.o
 .text.HAL_ADC_Init
                0x00000000080018f0      0x180 build/osc3/stm32f3xx_hal_adc_ex.o
                0x00000000080018f0                HAL_ADC_Init
 .text.HAL_ADC_Start_DMA
                0x0000000008001a70      0x124 build/osc3/stm32f3xx_hal_adc_ex.o
                0x0000000008001a70                HAL_ADC_Start_DMA
 .text.HAL_ADC_ConfigChannel
                0x0000000008001b94      0x110 build/osc3/stm32f3xx_hal_adc_ex.o
                0x0000000008001b94                HAL_ADC_ConfigChannel
 .text.HAL_MspInit
                0x0000000008001ca4        0x4 build/osc3/stm32f3xx_hal.o
                0x0000000008001ca4                HAL_MspInit
 .text.HAL_InitTick
                0x0000000008001ca8       0x2c build/osc3/stm32f3xx_hal.o
                0x0000000008001ca8                HAL_InitTick
 .text.HAL_Init
                0x0000000008001cd4       0x24 build/osc3/stm32f3xx_hal.o
                0x0000000008001cd4                HAL_Init
 .text.HAL_IncTick
                0x0000000008001cf8       0x10 build/osc3/stm32f3xx_hal.o
                0x0000000008001cf8                HAL_IncTick
 .text.HAL_GetTick
                0x0000000008001d08        0xc build/osc3/stm32f3xx_hal.o
                0x0000000008001d08                HAL_GetTick
 .text.HAL_Delay
                0x0000000008001d14       0x24 build/osc3/stm32f3xx_hal.o
                0x0000000008001d14                HAL_Delay
 .text.HAL_NVIC_SetPriorityGrouping
                0x0000000008001d38       0x24 build/osc3/stm32f3xx_hal_cortex.o
                0x0000000008001d38                HAL_NVIC_SetPriorityGrouping
 .text.HAL_NVIC_SetPriority
                0x0000000008001d5c       0x6c build/osc3/stm32f3xx_hal_cortex.o
                0x0000000008001d5c                HAL_NVIC_SetPriority
 .text.HAL_NVIC_EnableIRQ
                0x0000000008001dc8       0x18 build/osc3/stm32f3xx_hal_cortex.o
                0x0000000008001dc8                HAL_NVIC_EnableIRQ
 .text.HAL_SYSTICK_Config
                0x0000000008001de0       0x34 build/osc3/stm32f3xx_hal_cortex.o
                0x0000000008001de0                HAL_SYSTICK_Config
 .text.HAL_SYSTICK_CLKSourceConfig
                0x0000000008001e14       0x18 build/osc3/stm32f3xx_hal_cortex.o
                0x0000000008001e14                HAL_SYSTICK_CLKSourceConfig
 .text.HAL_DAC_Init
                0x0000000008001e2c       0x2c build/osc3/stm32f3xx_hal_dac.o
                0x0000000008001e2c                HAL_DAC_Init
 .text.HAL_DAC_ConvCpltCallbackCh1
                0x0000000008001e58        0x4 build/osc3/stm32f3xx_hal_dac.o
                0x0000000008001e58                HAL_DAC_ConvCpltCallbackCh1
 .text.HAL_DAC_ConvHalfCpltCallbackCh1
                0x0000000008001e5c        0x4 build/osc3/stm32f3xx_hal_dac.o
                0x0000000008001e5c                HAL_DAC_ConvHalfCpltCallbackCh1
 .text.HAL_DAC_ErrorCallbackCh1
                0x0000000008001e60        0x4 build/osc3/stm32f3xx_hal_dac.o
                0x0000000008001e60                HAL_DAC_ErrorCallbackCh1
 .text.DAC_DMAErrorCh1
                0x0000000008001e64       0x18 build/osc3/stm32f3xx_hal_dac_ex.o
 .text.DAC_DMAHalfConvCpltCh1
                0x0000000008001e7c        0x8 build/osc3/stm32f3xx_hal_dac_ex.o
 .text.DAC_DMAConvCpltCh1
                0x0000000008001e84       0x10 build/osc3/stm32f3xx_hal_dac_ex.o
 .text.HAL_DAC_Start_DMA
                0x0000000008001e94       0xec build/osc3/stm32f3xx_hal_dac_ex.o
                0x0000000008001e94                HAL_DAC_Start_DMA
 .text.HAL_DAC_ConfigChannel
                0x0000000008001f80       0x48 build/osc3/stm32f3xx_hal_dac_ex.o
                0x0000000008001f80                HAL_DAC_ConfigChannel
 .text.HAL_DACEx_ConvCpltCallbackCh2
                0x0000000008001fc8        0x4 build/osc3/stm32f3xx_hal_dac_ex.o
                0x0000000008001fc8                HAL_DACEx_ConvCpltCallbackCh2
 .text.DAC_DMAConvCpltCh2
                0x0000000008001fcc       0x10 build/osc3/stm32f3xx_hal_dac_ex.o
 .text.HAL_DACEx_ConvHalfCpltCallbackCh2
                0x0000000008001fdc        0x4 build/osc3/stm32f3xx_hal_dac_ex.o
                0x0000000008001fdc                HAL_DACEx_ConvHalfCpltCallbackCh2
 .text.DAC_DMAHalfConvCpltCh2
                0x0000000008001fe0        0xc build/osc3/stm32f3xx_hal_dac_ex.o
 .text.HAL_DACEx_ErrorCallbackCh2
                0x0000000008001fec        0x4 build/osc3/stm32f3xx_hal_dac_ex.o
                0x0000000008001fec                HAL_DACEx_ErrorCallbackCh2
 .text.DAC_DMAErrorCh2
                0x0000000008001ff0       0x18 build/osc3/stm32f3xx_hal_dac_ex.o
 .text.HAL_DMA_Init
                0x0000000008002008       0x94 build/osc3/stm32f3xx_hal_dma.o
                0x0000000008002008                HAL_DMA_Init
 .text.HAL_DMA_Start_IT
                0x000000000800209c       0x80 build/osc3/stm32f3xx_hal_dma.o
                0x000000000800209c                HAL_DMA_Start_IT
 .text.HAL_FLASH_Program
                0x000000000800211c      0x194 build/osc3/stm32f3xx_hal_flash.o
                0x000000000800211c                HAL_FLASH_Program
 .text.HAL_FLASH_Unlock
                0x00000000080022b0       0x24 build/osc3/stm32f3xx_hal_flash.o
                0x00000000080022b0                HAL_FLASH_Unlock
 .text.HAL_FLASH_Lock
                0x00000000080022d4       0x14 build/osc3/stm32f3xx_hal_flash.o
                0x00000000080022d4                HAL_FLASH_Lock
 .text.HAL_FLASH_OB_Unlock
                0x00000000080022e8       0x24 build/osc3/stm32f3xx_hal_flash.o
                0x00000000080022e8                HAL_FLASH_OB_Unlock
 .text.HAL_FLASH_OB_Launch
                0x000000000800230c       0x88 build/osc3/stm32f3xx_hal_flash.o
                0x000000000800230c                HAL_FLASH_OB_Launch
 .text.FLASH_WaitForLastOperation
                0x0000000008002394       0x8c build/osc3/stm32f3xx_hal_flash.o
                0x0000000008002394                FLASH_WaitForLastOperation
 .text.HAL_FLASHEx_Erase
                0x0000000008002420       0xcc build/osc3/stm32f3xx_hal_flash_ex.o
                0x0000000008002420                HAL_FLASHEx_Erase
 .text.HAL_FLASHEx_OBErase
                0x00000000080024ec       0xac build/osc3/stm32f3xx_hal_flash_ex.o
                0x00000000080024ec                HAL_FLASHEx_OBErase
 .text.HAL_FLASHEx_OBProgram
                0x0000000008002598      0x2a8 build/osc3/stm32f3xx_hal_flash_ex.o
                0x0000000008002598                HAL_FLASHEx_OBProgram
 .text.HAL_FLASHEx_OBGetConfig
                0x0000000008002840       0x40 build/osc3/stm32f3xx_hal_flash_ex.o
                0x0000000008002840                HAL_FLASHEx_OBGetConfig
 .text.HAL_FLASHEx_OBGetUserData
                0x0000000008002880       0x3c build/osc3/stm32f3xx_hal_flash_ex.o
                0x0000000008002880                HAL_FLASHEx_OBGetUserData
 .text.HAL_GPIO_Init
                0x00000000080028bc      0x1b8 build/osc3/stm32f3xx_hal_gpio.o
                0x00000000080028bc                HAL_GPIO_Init
 .text.HAL_GPIO_DeInit
                0x0000000008002a74      0x128 build/osc3/stm32f3xx_hal_gpio.o
                0x0000000008002a74                HAL_GPIO_DeInit
 .text.HAL_GPIO_WritePin
                0x0000000008002b9c        0xc build/osc3/stm32f3xx_hal_gpio.o
                0x0000000008002b9c                HAL_GPIO_WritePin
 .text.HAL_GPIO_EXTI_Callback
                0x0000000008002ba8        0x4 build/osc3/stm32f3xx_hal_gpio.o
                0x0000000008002ba8                HAL_GPIO_EXTI_Callback
 .text.HAL_GPIO_EXTI_IRQHandler
                0x0000000008002bac       0x18 build/osc3/stm32f3xx_hal_gpio.o
                0x0000000008002bac                HAL_GPIO_EXTI_IRQHandler
 .text.HAL_PWREx_EnableSDADC
                0x0000000008002bc4       0x2c build/osc3/stm32f3xx_hal_pwr_ex.o
                0x0000000008002bc4                HAL_PWREx_EnableSDADC
 .text.HAL_RCC_OscConfig
                0x0000000008002bf0      0x59c build/osc3/stm32f3xx_hal_rcc.o
                0x0000000008002bf0                HAL_RCC_OscConfig
 .text.HAL_RCC_ClockConfig
                0x000000000800318c      0x1fc build/osc3/stm32f3xx_hal_rcc.o
                0x000000000800318c                HAL_RCC_ClockConfig
 .text.HAL_RCC_GetHCLKFreq
                0x0000000008003388        0xc build/osc3/stm32f3xx_hal_rcc.o
                0x0000000008003388                HAL_RCC_GetHCLKFreq
 .text.HAL_RCCEx_PeriphCLKConfig
                0x0000000008003394      0x1d8 build/osc3/stm32f3xx_hal_rcc_ex.o
                0x0000000008003394                HAL_RCCEx_PeriphCLKConfig
 .text.HAL_SDADC_Init
                0x000000000800356c       0x98 build/osc3/stm32f3xx_hal_sdadc.o
                0x000000000800356c                HAL_SDADC_Init
 .text.HAL_SDADC_PrepareChannelConfig
                0x0000000008003604       0x6c build/osc3/stm32f3xx_hal_sdadc.o
                0x0000000008003604                HAL_SDADC_PrepareChannelConfig
 .text.HAL_SDADC_AssociateChannelConfig
                0x0000000008003670       0x80 build/osc3/stm32f3xx_hal_sdadc.o
                0x0000000008003670                HAL_SDADC_AssociateChannelConfig
 .text.HAL_SDADC_ConfigChannel
                0x00000000080036f0       0x4c build/osc3/stm32f3xx_hal_sdadc.o
                0x00000000080036f0                HAL_SDADC_ConfigChannel
 .text.HAL_SDADC_SelectRegularTrigger
                0x000000000800373c       0x2c build/osc3/stm32f3xx_hal_sdadc.o
                0x000000000800373c                HAL_SDADC_SelectRegularTrigger
 .text.HAL_SDADC_CalibrationStart
                0x0000000008003768       0x68 build/osc3/stm32f3xx_hal_sdadc.o
                0x0000000008003768                HAL_SDADC_CalibrationStart
 .text.HAL_SDADC_PollForCalibEvent
                0x00000000080037d0       0x4c build/osc3/stm32f3xx_hal_sdadc.o
                0x00000000080037d0                HAL_SDADC_PollForCalibEvent
 .text.HAL_SDADC_Start_DMA
                0x000000000800381c      0x104 build/osc3/stm32f3xx_hal_sdadc.o
                0x000000000800381c                HAL_SDADC_Start_DMA
 .text.HAL_SDADC_ConvHalfCpltCallback
                0x0000000008003920        0x4 build/osc3/stm32f3xx_hal_sdadc.o
                0x0000000008003920                HAL_SDADC_ConvHalfCpltCallback
 .text.SDADC_DMARegularHalfConvCplt
                0x0000000008003924        0xc build/osc3/stm32f3xx_hal_sdadc.o
 .text.HAL_SDADC_ConvCpltCallback
                0x0000000008003930        0x4 build/osc3/stm32f3xx_hal_sdadc.o
                0x0000000008003930                HAL_SDADC_ConvCpltCallback
 .text.SDADC_DMARegularConvCplt
                0x0000000008003934        0xc build/osc3/stm32f3xx_hal_sdadc.o
 .text.HAL_SDADC_ErrorCallback
                0x0000000008003940        0x4 build/osc3/stm32f3xx_hal_sdadc.o
                0x0000000008003940                HAL_SDADC_ErrorCallback
 .text.SDADC_DMAError
                0x0000000008003944       0x10 build/osc3/stm32f3xx_hal_sdadc.o
 .text.HAL_TIM_Base_Init
                0x0000000008003954       0xe4 build/osc3/stm32f3xx_hal_tim.o
                0x0000000008003954                HAL_TIM_Base_Init
 .text.HAL_TIM_Base_Start
                0x0000000008003a38       0x20 build/osc3/stm32f3xx_hal_tim.o
                0x0000000008003a38                HAL_TIM_Base_Start
 .text.HAL_TIM_Base_Start_IT
                0x0000000008003a58       0x18 build/osc3/stm32f3xx_hal_tim.o
                0x0000000008003a58                HAL_TIM_Base_Start_IT
 .text.HAL_TIM_PWM_Init
                0x0000000008003a70       0xe4 build/osc3/stm32f3xx_hal_tim.o
                0x0000000008003a70                HAL_TIM_PWM_Init
 .text.HAL_TIM_PWM_Start
                0x0000000008003b54       0x4c build/osc3/stm32f3xx_hal_tim.o
                0x0000000008003b54                HAL_TIM_PWM_Start
 .text.HAL_TIM_IC_Init
                0x0000000008003ba0       0xe4 build/osc3/stm32f3xx_hal_tim.o
                0x0000000008003ba0                HAL_TIM_IC_Init
 .text.HAL_TIM_IC_Start_IT
                0x0000000008003c84       0x60 build/osc3/stm32f3xx_hal_tim.o
                0x0000000008003c84                HAL_TIM_IC_Start_IT
 .text.HAL_TIM_IC_ConfigChannel
                0x0000000008003ce4      0x184 build/osc3/stm32f3xx_hal_tim.o
                0x0000000008003ce4                HAL_TIM_IC_ConfigChannel
 .text.HAL_TIM_PWM_ConfigChannel
                0x0000000008003e68      0x214 build/osc3/stm32f3xx_hal_tim.o
                0x0000000008003e68                HAL_TIM_PWM_ConfigChannel
 .text.HAL_TIM_ConfigClockSource
                0x000000000800407c      0x184 build/osc3/stm32f3xx_hal_tim.o
                0x000000000800407c                HAL_TIM_ConfigClockSource
 .text.HAL_TIM_PeriodElapsedCallback
                0x0000000008004200        0x4 build/osc3/stm32f3xx_hal_tim.o
                0x0000000008004200                HAL_TIM_PeriodElapsedCallback
 .text.HAL_TIM_OC_DelayElapsedCallback
                0x0000000008004204        0x4 build/osc3/stm32f3xx_hal_tim.o
                0x0000000008004204                HAL_TIM_OC_DelayElapsedCallback
 .text.HAL_TIM_IC_CaptureCallback
                0x0000000008004208        0x4 build/osc3/stm32f3xx_hal_tim.o
                0x0000000008004208                HAL_TIM_IC_CaptureCallback
 .text.HAL_TIM_PWM_PulseFinishedCallback
                0x000000000800420c        0x4 build/osc3/stm32f3xx_hal_tim.o
                0x000000000800420c                HAL_TIM_PWM_PulseFinishedCallback
 .text.HAL_TIM_TriggerCallback
                0x0000000008004210        0x4 build/osc3/stm32f3xx_hal_tim.o
                0x0000000008004210                HAL_TIM_TriggerCallback
 .text.HAL_TIM_IRQHandler
                0x0000000008004214      0x154 build/osc3/stm32f3xx_hal_tim.o
                0x0000000008004214                HAL_TIM_IRQHandler
 .text.HAL_TIMEx_MasterConfigSynchronization
                0x0000000008004368       0x4c build/osc3/stm32f3xx_hal_tim_ex.o
                0x0000000008004368                HAL_TIMEx_MasterConfigSynchronization
 .text.HAL_TIMEx_CommutationCallback
                0x00000000080043b4        0x4 build/osc3/stm32f3xx_hal_tim_ex.o
                0x00000000080043b4                HAL_TIMEx_CommutationCallback
 .text.HAL_TIMEx_BreakCallback
                0x00000000080043b8        0x4 build/osc3/stm32f3xx_hal_tim_ex.o
                0x00000000080043b8                HAL_TIMEx_BreakCallback
 .text.HAL_TSC_Init
                0x00000000080043bc       0xdc build/osc3/stm32f3xx_hal_tsc.o
                0x00000000080043bc                HAL_TSC_Init
 .text.TIM12_IRQHandler
                0x0000000008004498       0x34 build/osc3/user_interrupts.o
                0x0000000008004498                TIM12_IRQHandler
 .text.EXTI15_10_IRQHandler
                0x00000000080044cc       0x30 build/osc3/user_interrupts.o
                0x00000000080044cc                EXTI15_10_IRQHandler
 .text.EXTI1_IRQHandler
                0x00000000080044fc       0x60 build/osc3/user_interrupts.o
                0x00000000080044fc                EXTI1_IRQHandler
 .text.TIM16_IRQHandler
                0x000000000800455c       0x80 build/osc3/user_interrupts.o
                0x000000000800455c                TIM16_IRQHandler
 .text.TIM17_IRQHandler
                0x00000000080045dc       0x50 build/osc3/user_interrupts.o
                0x00000000080045dc                TIM17_IRQHandler
 .text.TIM18_DAC2_IRQHandler
                0x000000000800462c       0x40 build/osc3/user_interrupts.o
                0x000000000800462c                TIM18_DAC2_IRQHandler
 .text.TIM13_IRQHandler
                0x000000000800466c       0x18 build/osc3/user_interrupts.o
                0x000000000800466c                TIM13_IRQHandler
 .text.TIM7_IRQHandler
                0x0000000008004684       0x24 build/osc3/user_interrupts.o
                0x0000000008004684                TIM7_IRQHandler
 .text.DMA1_Channel1_IRQHandler
                0x00000000080046a8       0x28 build/osc3/user_interrupts.o
                0x00000000080046a8                DMA1_Channel1_IRQHandler
 .text.DMA1_Channel5_IRQHandler
                0x00000000080046d0       0x38 build/osc3/user_interrupts.o
                0x00000000080046d0                DMA1_Channel5_IRQHandler
 .text.Reset_Handler
                0x0000000008004708       0x50 build/osc3/startup_stm32f373xc.o
                0x0000000008004708                Reset_Handler
 .text.Default_Handler
                0x0000000008004758        0x2 build/osc3/startup_stm32f373xc.o
                0x0000000008004758                RTC_Alarm_IRQHandler
                0x0000000008004758                USB_HP_IRQHandler
                0x0000000008004758                PVD_IRQHandler
                0x0000000008004758                TAMP_STAMP_IRQHandler
                0x0000000008004758                EXTI3_IRQHandler
                0x0000000008004758                EXTI0_IRQHandler
                0x0000000008004758                I2C2_EV_IRQHandler
                0x0000000008004758                FPU_IRQHandler
                0x0000000008004758                CAN_TX_IRQHandler
                0x0000000008004758                SPI1_IRQHandler
                0x0000000008004758                CAN_SCE_IRQHandler
                0x0000000008004758                DMA2_Channel2_IRQHandler
                0x0000000008004758                ADC1_IRQHandler
                0x0000000008004758                USART3_IRQHandler
                0x0000000008004758                DMA1_Channel7_IRQHandler
                0x0000000008004758                TIM4_IRQHandler
                0x0000000008004758                CAN_RX1_IRQHandler
                0x0000000008004758                DMA2_Channel1_IRQHandler
                0x0000000008004758                I2C1_EV_IRQHandler
                0x0000000008004758                DMA1_Channel6_IRQHandler
                0x0000000008004758                TIM3_IRQHandler
                0x0000000008004758                RCC_IRQHandler
                0x0000000008004758                Default_Handler
                0x0000000008004758                CEC_IRQHandler
                0x0000000008004758                TIM14_IRQHandler
                0x0000000008004758                TIM5_IRQHandler
                0x0000000008004758                SDADC2_IRQHandler
                0x0000000008004758                TIM15_IRQHandler
                0x0000000008004758                TIM6_DAC1_IRQHandler
                0x0000000008004758                EXTI9_5_IRQHandler
                0x0000000008004758                RTC_WKUP_IRQHandler
                0x0000000008004758                SPI2_IRQHandler
                0x0000000008004758                DMA2_Channel5_IRQHandler
                0x0000000008004758                USB_LP_IRQHandler
                0x0000000008004758                EXTI4_IRQHandler
                0x0000000008004758                COMP1_2_IRQHandler
                0x0000000008004758                WWDG_IRQHandler
                0x0000000008004758                SDADC1_IRQHandler
                0x0000000008004758                TIM2_IRQHandler
                0x0000000008004758                SDADC3_IRQHandler
                0x0000000008004758                USART2_IRQHandler
                0x0000000008004758                TIM19_IRQHandler
                0x0000000008004758                I2C2_ER_IRQHandler
                0x0000000008004758                DMA1_Channel2_IRQHandler
                0x0000000008004758                FLASH_IRQHandler
                0x0000000008004758                USART1_IRQHandler
                0x0000000008004758                SPI3_IRQHandler
                0x0000000008004758                CAN_RX0_IRQHandler
                0x0000000008004758                I2C1_ER_IRQHandler
                0x0000000008004758                USBWakeUp_IRQHandler
                0x0000000008004758                EXTI2_TSC_IRQHandler
 *fill*         0x000000000800475a        0x2 
 .text._ZN11ViaControls11updateExtraEv
                0x000000000800475c      0x1b0 build/hardware_drivers//libhardware_drivers.a(via_global_signals.o)
                0x000000000800475c                ViaControls::updateExtra()
 .text._ZN6ViaOsc9renderSawEl
                0x000000000800490c      0x370 build/hardware_drivers//libhardware_drivers.a(osc_helpers.o)
                0x000000000800490c                ViaOsc::renderSaw(long)
 .text._ZN6ViaOsc12renderSquareEl
                0x0000000008004c7c      0x364 build/hardware_drivers//libhardware_drivers.a(osc_helpers.o)
                0x0000000008004c7c                ViaOsc::renderSquare(long)
 .text._ZN6ViaOsc9renderTriEl
                0x0000000008004fe0      0x36c build/hardware_drivers//libhardware_drivers.a(osc_helpers.o)
                0x0000000008004fe0                ViaOsc::renderTri(long)
 .text._ZN6ViaOsc10renderTrapEl
                0x000000000800534c      0x350 build/hardware_drivers//libhardware_drivers.a(osc_helpers.o)
                0x000000000800534c                ViaOsc::renderTrap(long)
 .text._ZN5ViaUI19specialMenuCallbackEv
                0x000000000800569c        0x4 build/hardware_drivers//libhardware_drivers.a(osc_ui_implementation.o)
                0x000000000800569c                ViaUI::specialMenuCallback()
 .text._ZN6ViaOsc8ViaOscUI17writeStockPresetsEv
                0x00000000080056a0        0x4 build/hardware_drivers//libhardware_drivers.a(osc_ui_implementation.o)
                0x00000000080056a0                ViaOsc::ViaOscUI::writeStockPresets()
 .text._ZN6ViaOsc8ViaOscUI15blinkOnCallbackEv
                0x00000000080056a4       0x28 build/hardware_drivers//libhardware_drivers.a(osc_ui_implementation.o)
                0x00000000080056a4                ViaOsc::ViaOscUI::blinkOnCallback()
 .text._ZN6ViaOsc8ViaOscUI16blinkOffCallbackEv
                0x00000000080056cc       0x1c build/hardware_drivers//libhardware_drivers.a(osc_ui_implementation.o)
                0x00000000080056cc                ViaOsc::ViaOscUI::blinkOffCallback()
 .text._ZN6ViaOsc8ViaOscUI24defaultEnterMenuCallbackEv
                0x00000000080056e8       0x40 build/hardware_drivers//libhardware_drivers.a(osc_ui_implementation.o)
                0x00000000080056e8                ViaOsc::ViaOscUI::defaultEnterMenuCallback()
 .text._ZN6ViaOsc8ViaOscUI24newModeEnterMenuCallbackEv
                0x0000000008005728        0x4 build/hardware_drivers//libhardware_drivers.a(osc_ui_implementation.o)
                0x0000000008005728                ViaOsc::ViaOscUI::newModeEnterMenuCallback()
 .text._ZN6ViaOsc8ViaOscUI21aux1EnterMenuCallbackEv
                0x000000000800572c       0x24 build/hardware_drivers//libhardware_drivers.a(osc_ui_implementation.o)
                0x000000000800572c                ViaOsc::ViaOscUI::aux1EnterMenuCallback()
                0x000000000800572c                ViaOsc::ViaOscUI::aux4EnterMenuCallback()
                0x000000000800572c                ViaOsc::ViaOscUI::aux2EnterMenuCallback()
                0x000000000800572c                ViaOsc::ViaOscUI::aux2AltEnterMenuCallback()
                0x000000000800572c                ViaOsc::ViaOscUI::aux3EnterMenuCallback()
 .text._ZN6ViaOsc8ViaOscUI15aux1TapCallbackEv
                0x0000000008005750       0x20 build/hardware_drivers//libhardware_drivers.a(osc_ui_implementation.o)
                0x0000000008005750                ViaOsc::ViaOscUI::aux3TapCallback()
                0x0000000008005750                ViaOsc::ViaOscUI::aux1TapCallback()
                0x0000000008005750                ViaOsc::ViaOscUI::aux2AltTapCallback()
                0x0000000008005750                ViaOsc::ViaOscUI::aux2TapCallback()
                0x0000000008005750                ViaOsc::ViaOscUI::aux4TapCallback()
 .text._ZN6ViaOsc8ViaOscUI19button1HoldCallbackEv
                0x0000000008005770       0x20 build/hardware_drivers//libhardware_drivers.a(osc_ui_implementation.o)
                0x0000000008005770                ViaOsc::ViaOscUI::presetEnterMenuCallback()
                0x0000000008005770                ViaOsc::ViaOscUI::newAuxModeEnterMenuCallback()
                0x0000000008005770                ViaOsc::ViaOscUI::button6HoldCallback()
                0x0000000008005770                ViaOsc::ViaOscUI::button3HoldCallback()
                0x0000000008005770                ViaOsc::ViaOscUI::button4HoldCallback()
                0x0000000008005770                ViaOsc::ViaOscUI::button1HoldCallback()
                0x0000000008005770                ViaOsc::ViaOscUI::button5HoldCallback()
                0x0000000008005770                ViaOsc::ViaOscUI::button2HoldCallback()
 .text._ZN6ViaOsc8ViaOscUI16aux1HoldCallbackEv
                0x0000000008005790       0x20 build/hardware_drivers//libhardware_drivers.a(osc_ui_implementation.o)
                0x0000000008005790                ViaOsc::ViaOscUI::aux1HoldCallback()
                0x0000000008005790                ViaOsc::ViaOscUI::aux2AltHoldCallback()
                0x0000000008005790                ViaOsc::ViaOscUI::aux3HoldCallback()
                0x0000000008005790                ViaOsc::ViaOscUI::aux2HoldCallback()
                0x0000000008005790                ViaOsc::ViaOscUI::aux4HoldCallback()
 .text._ZN6ViaOsc8ViaOscUID2Ev
                0x00000000080057b0        0x4 build/hardware_drivers//libhardware_drivers.a(osc_ui_implementation.o)
                0x00000000080057b0                ViaOsc::ViaOscUI::~ViaOscUI()
                0x00000000080057b0                ViaOsc::ViaOscUI::~ViaOscUI()
 .text._ZN6ViaOsc8ViaOscUI17recallModuleStateEv
                0x00000000080057b4       0xa8 build/hardware_drivers//libhardware_drivers.a(osc_ui_implementation.o)
                0x00000000080057b4                ViaOsc::ViaOscUI::recallModuleState()
 .text._ZN6ViaOsc8ViaOscUID0Ev
                0x000000000800585c        0xc build/hardware_drivers//libhardware_drivers.a(osc_ui_implementation.o)
                0x000000000800585c                ViaOsc::ViaOscUI::~ViaOscUI()
 .text._ZN6ViaOsc8ViaOscUI18button5TapCallbackEv
                0x0000000008005868      0x14c build/hardware_drivers//libhardware_drivers.a(osc_ui_implementation.o)
                0x0000000008005868                ViaOsc::ViaOscUI::button5TapCallback()
 .text._ZN6ViaOsc8ViaOscUI10initializeEv
                0x00000000080059b4      0x114 build/hardware_drivers//libhardware_drivers.a(osc_ui_implementation.o)
                0x00000000080059b4                ViaOsc::ViaOscUI::initialize()
 .text._ZN6ViaOsc8ViaOscUI9uiSetLEDsEi
                0x0000000008005ac8       0xd8 build/hardware_drivers//libhardware_drivers.a(osc_ui_implementation.o)
                0x0000000008005ac8                ViaOsc::ViaOscUI::uiSetLEDs(int)
 .text._ZN6ViaOsc8ViaOscUI24button3EnterMenuCallbackEv
                0x0000000008005ba0       0xe4 build/hardware_drivers//libhardware_drivers.a(osc_ui_implementation.o)
                0x0000000008005ba0                ViaOsc::ViaOscUI::button3EnterMenuCallback()
 .text._ZN6ViaOsc8ViaOscUI24button2EnterMenuCallbackEv
                0x0000000008005c84       0xe4 build/hardware_drivers//libhardware_drivers.a(osc_ui_implementation.o)
                0x0000000008005c84                ViaOsc::ViaOscUI::button2EnterMenuCallback()
 .text._ZN6ViaOsc8ViaOscUI24button1EnterMenuCallbackEv
                0x0000000008005d68       0xe4 build/hardware_drivers//libhardware_drivers.a(osc_ui_implementation.o)
                0x0000000008005d68                ViaOsc::ViaOscUI::button4EnterMenuCallback()
                0x0000000008005d68                ViaOsc::ViaOscUI::button1EnterMenuCallback()
 .text._ZN6ViaOsc8ViaOscUI24button6EnterMenuCallbackEv
                0x0000000008005e4c       0xe4 build/hardware_drivers//libhardware_drivers.a(osc_ui_implementation.o)
                0x0000000008005e4c                ViaOsc::ViaOscUI::button6EnterMenuCallback()
 .text._ZN6ViaOsc8ViaOscUI18button4TapCallbackEv
                0x0000000008005f30       0xf4 build/hardware_drivers//libhardware_drivers.a(osc_ui_implementation.o)
                0x0000000008005f30                ViaOsc::ViaOscUI::button4TapCallback()
 .text._ZN6ViaOsc8ViaOscUI18button1TapCallbackEv
                0x0000000008006024       0xec build/hardware_drivers//libhardware_drivers.a(osc_ui_implementation.o)
                0x0000000008006024                ViaOsc::ViaOscUI::button1TapCallback()
 .text._ZN6ViaOsc8ViaOscUI18button3TapCallbackEv
                0x0000000008006110       0xfc build/hardware_drivers//libhardware_drivers.a(osc_ui_implementation.o)
                0x0000000008006110                ViaOsc::ViaOscUI::button3TapCallback()
 .text._ZN6ViaOsc8ViaOscUI18button6TapCallbackEv
                0x000000000800620c       0xfc build/hardware_drivers//libhardware_drivers.a(osc_ui_implementation.o)
                0x000000000800620c                ViaOsc::ViaOscUI::button6TapCallback()
 .text._ZN6ViaOsc8ViaOscUI18button2TapCallbackEv
                0x0000000008006308       0xf8 build/hardware_drivers//libhardware_drivers.a(osc_ui_implementation.o)
                0x0000000008006308                ViaOsc::ViaOscUI::button2TapCallback()
 .text._ZN6ViaOsc8ViaOscUI24button5EnterMenuCallbackEv
                0x0000000008006400      0x148 build/hardware_drivers//libhardware_drivers.a(osc_ui_implementation.o)
                0x0000000008006400                ViaOsc::ViaOscUI::button5EnterMenuCallback()
 .text._Z12oscTouchLinkPv
                0x0000000008006548        0x8 build/hardware_drivers//libhardware_drivers.a(osc_ui_implementation.o)
                0x0000000008006548                oscTouchLink(void*)
 .text.linkUI   0x0000000008006550       0x14 build/hardware_drivers//libhardware_drivers.a(ui_helpers.o)
                0x0000000008006550                linkUI
 .text._ZN5ViaUI21incrementModeAndStoreEllll
                0x0000000008006564       0x28 build/hardware_drivers//libhardware_drivers.a(ui_helpers.o)
                0x0000000008006564                ViaUI::incrementModeAndStore(long, long, long, long)
 .text._ZN5ViaUI9storeModeElll
                0x000000000800658c       0x1c build/hardware_drivers//libhardware_drivers.a(ui_helpers.o)
                0x000000000800658c                ViaUI::storeMode(long, long, long)
 .text._ZN5ViaUI24defaultEnterMenuCallbackEv
                0x00000000080065a8        0x4 build/hardware_drivers//libhardware_drivers.a(ui_main.o)
                0x00000000080065a8                ViaUI::defaultEnterMenuCallback()
 .text._ZN5ViaUI24newModeEnterMenuCallbackEv
                0x00000000080065ac        0x4 build/hardware_drivers//libhardware_drivers.a(ui_main.o)
                0x00000000080065ac                ViaUI::newModeEnterMenuCallback()
 .text._ZN5ViaUI23presetEnterMenuCallbackEv
                0x00000000080065b0        0x4 build/hardware_drivers//libhardware_drivers.a(ui_main.o)
                0x00000000080065b0                ViaUI::presetEnterMenuCallback()
 .text._ZN5ViaUI24button1EnterMenuCallbackEv
                0x00000000080065b4        0x4 build/hardware_drivers//libhardware_drivers.a(ui_main.o)
                0x00000000080065b4                ViaUI::button1EnterMenuCallback()
 .text._ZN5ViaUI24button2EnterMenuCallbackEv
                0x00000000080065b8        0x4 build/hardware_drivers//libhardware_drivers.a(ui_main.o)
                0x00000000080065b8                ViaUI::button2EnterMenuCallback()
 .text._ZN5ViaUI24button3EnterMenuCallbackEv
                0x00000000080065bc        0x4 build/hardware_drivers//libhardware_drivers.a(ui_main.o)
                0x00000000080065bc                ViaUI::button3EnterMenuCallback()
 .text._ZN5ViaUI24button4EnterMenuCallbackEv
                0x00000000080065c0        0x4 build/hardware_drivers//libhardware_drivers.a(ui_main.o)
                0x00000000080065c0                ViaUI::button4EnterMenuCallback()
 .text._ZN5ViaUI24button5EnterMenuCallbackEv
                0x00000000080065c4        0x4 build/hardware_drivers//libhardware_drivers.a(ui_main.o)
                0x00000000080065c4                ViaUI::button5EnterMenuCallback()
 .text._ZN5ViaUI24button6EnterMenuCallbackEv
                0x00000000080065c8        0x4 build/hardware_drivers//libhardware_drivers.a(ui_main.o)
                0x00000000080065c8                ViaUI::button6EnterMenuCallback()
 .text._ZN5ViaUI21aux1EnterMenuCallbackEv
                0x00000000080065cc        0x4 build/hardware_drivers//libhardware_drivers.a(ui_main.o)
                0x00000000080065cc                ViaUI::aux1EnterMenuCallback()
 .text._ZN5ViaUI21aux2EnterMenuCallbackEv
                0x00000000080065d0        0x4 build/hardware_drivers//libhardware_drivers.a(ui_main.o)
                0x00000000080065d0                ViaUI::aux2EnterMenuCallback()
 .text._ZN5ViaUI24aux2AltEnterMenuCallbackEv
                0x00000000080065d4        0x4 build/hardware_drivers//libhardware_drivers.a(ui_main.o)
                0x00000000080065d4                ViaUI::aux2AltEnterMenuCallback()
 .text._ZN5ViaUI21aux3EnterMenuCallbackEv
                0x00000000080065d8        0x4 build/hardware_drivers//libhardware_drivers.a(ui_main.o)
                0x00000000080065d8                ViaUI::aux3EnterMenuCallback()
 .text._ZN5ViaUI21aux4EnterMenuCallbackEv
                0x00000000080065dc        0x4 build/hardware_drivers//libhardware_drivers.a(ui_main.o)
                0x00000000080065dc                ViaUI::aux4EnterMenuCallback()
 .text._ZN5ViaUI15blinkOnCallbackEv
                0x00000000080065e0        0x4 build/hardware_drivers//libhardware_drivers.a(ui_main.o)
                0x00000000080065e0                ViaUI::blinkOnCallback()
 .text._ZN5ViaUI16blinkOffCallbackEv
                0x00000000080065e4        0x4 build/hardware_drivers//libhardware_drivers.a(ui_main.o)
                0x00000000080065e4                ViaUI::blinkOffCallback()
 .text._ZN5ViaUI9uiSetLEDsEi
                0x00000000080065e8        0x4 build/hardware_drivers//libhardware_drivers.a(ui_main.o)
                0x00000000080065e8                ViaUI::uiSetLEDs(int)
 .text._ZN5ViaUI17recallModuleStateEv
                0x00000000080065ec        0x4 build/hardware_drivers//libhardware_drivers.a(ui_main.o)
                0x00000000080065ec                ViaUI::recallModuleState()
 .text._ZN5ViaUI10transitionEMS_FvlE
                0x00000000080065f0       0x4c build/hardware_drivers//libhardware_drivers.a(ui_main.o)
                0x00000000080065f0                ViaUI::transition(void (ViaUI::*)(long))
 .text._ZN5ViaUI15aux4TapCallbackEv
                0x000000000800663c       0x60 build/hardware_drivers//libhardware_drivers.a(ui_main.o)
                0x000000000800663c                ViaUI::aux4TapCallback()
 .text._ZN5ViaUI16aux4HoldCallbackEv
                0x000000000800669c       0x60 build/hardware_drivers//libhardware_drivers.a(ui_main.o)
                0x000000000800669c                ViaUI::aux4HoldCallback()
 .text._ZN5ViaUI18button1TapCallbackEv
                0x00000000080066fc       0x60 build/hardware_drivers//libhardware_drivers.a(ui_main.o)
                0x00000000080066fc                ViaUI::button1TapCallback()
 .text._ZN5ViaUI19button1HoldCallbackEv
                0x000000000800675c       0x60 build/hardware_drivers//libhardware_drivers.a(ui_main.o)
                0x000000000800675c                ViaUI::button1HoldCallback()
 .text._ZN5ViaUI18button2TapCallbackEv
                0x00000000080067bc       0x60 build/hardware_drivers//libhardware_drivers.a(ui_main.o)
                0x00000000080067bc                ViaUI::button2TapCallback()
 .text._ZN5ViaUI19button2HoldCallbackEv
                0x000000000800681c       0x60 build/hardware_drivers//libhardware_drivers.a(ui_main.o)
                0x000000000800681c                ViaUI::button2HoldCallback()
 .text._ZN5ViaUI18button3TapCallbackEv
                0x000000000800687c       0x60 build/hardware_drivers//libhardware_drivers.a(ui_main.o)
                0x000000000800687c                ViaUI::button3TapCallback()
 .text._ZN5ViaUI19button3HoldCallbackEv
                0x00000000080068dc       0x60 build/hardware_drivers//libhardware_drivers.a(ui_main.o)
                0x00000000080068dc                ViaUI::button3HoldCallback()
 .text._ZN5ViaUI18button4TapCallbackEv
                0x000000000800693c       0x60 build/hardware_drivers//libhardware_drivers.a(ui_main.o)
                0x000000000800693c                ViaUI::button4TapCallback()
 .text._ZN5ViaUI19button4HoldCallbackEv
                0x000000000800699c       0x60 build/hardware_drivers//libhardware_drivers.a(ui_main.o)
                0x000000000800699c                ViaUI::button4HoldCallback()
 .text._ZN5ViaUI18aux2AltTapCallbackEv
                0x00000000080069fc       0x60 build/hardware_drivers//libhardware_drivers.a(ui_main.o)
                0x00000000080069fc                ViaUI::aux2AltTapCallback()
 .text._ZN5ViaUI19aux2AltHoldCallbackEv
                0x0000000008006a5c       0x60 build/hardware_drivers//libhardware_drivers.a(ui_main.o)
                0x0000000008006a5c                ViaUI::aux2AltHoldCallback()
 .text._ZN5ViaUI15aux3TapCallbackEv
                0x0000000008006abc       0x60 build/hardware_drivers//libhardware_drivers.a(ui_main.o)
                0x0000000008006abc                ViaUI::aux3TapCallback()
 .text._ZN5ViaUI16aux3HoldCallbackEv
                0x0000000008006b1c       0x60 build/hardware_drivers//libhardware_drivers.a(ui_main.o)
                0x0000000008006b1c                ViaUI::aux3HoldCallback()
 .text._ZN5ViaUI18button5TapCallbackEv
                0x0000000008006b7c       0x60 build/hardware_drivers//libhardware_drivers.a(ui_main.o)
                0x0000000008006b7c                ViaUI::button5TapCallback()
 .text._ZN5ViaUI19button5HoldCallbackEv
                0x0000000008006bdc       0x60 build/hardware_drivers//libhardware_drivers.a(ui_main.o)
                0x0000000008006bdc                ViaUI::button5HoldCallback()
 .text._ZN5ViaUI18button6TapCallbackEv
                0x0000000008006c3c       0x60 build/hardware_drivers//libhardware_drivers.a(ui_main.o)
                0x0000000008006c3c                ViaUI::button6TapCallback()
 .text._ZN5ViaUI19button6HoldCallbackEv
                0x0000000008006c9c       0x60 build/hardware_drivers//libhardware_drivers.a(ui_main.o)
                0x0000000008006c9c                ViaUI::button6HoldCallback()
 .text._ZN5ViaUI15aux1TapCallbackEv
                0x0000000008006cfc       0x60 build/hardware_drivers//libhardware_drivers.a(ui_main.o)
                0x0000000008006cfc                ViaUI::aux1TapCallback()
 .text._ZN5ViaUI16aux1HoldCallbackEv
                0x0000000008006d5c       0x60 build/hardware_drivers//libhardware_drivers.a(ui_main.o)
                0x0000000008006d5c                ViaUI::aux1HoldCallback()
 .text._ZN5ViaUI15aux2TapCallbackEv
                0x0000000008006dbc       0x60 build/hardware_drivers//libhardware_drivers.a(ui_main.o)
                0x0000000008006dbc                ViaUI::aux2TapCallback()
 .text._ZN5ViaUI16aux2HoldCallbackEv
                0x0000000008006e1c       0x60 build/hardware_drivers//libhardware_drivers.a(ui_main.o)
                0x0000000008006e1c                ViaUI::aux2HoldCallback()
 .text._ZN5ViaUI11defaultMenuEl
                0x0000000008006e7c      0x290 build/hardware_drivers//libhardware_drivers.a(ui_main.o)
                0x0000000008006e7c                ViaUI::defaultMenu(long)
 .text._ZN5ViaUI8dispatchEl
                0x000000000800710c       0x1c build/hardware_drivers//libhardware_drivers.a(ui_main.o)
                0x000000000800710c                ViaUI::dispatch(long)
 .text._ZN5ViaUI11newModeMenuEl
                0x0000000008007128      0x310 build/hardware_drivers//libhardware_drivers.a(ui_main.o)
                0x0000000008007128                ViaUI::newModeMenu(long)
 .text._ZN5ViaUI11aux2MenuAltEl
                0x0000000008007438      0x110 build/hardware_drivers//libhardware_drivers.a(ui_menus.o)
                0x0000000008007438                ViaUI::aux2MenuAlt(long)
 .text._ZN5ViaUI8aux2MenuEl
                0x0000000008007548      0x13c build/hardware_drivers//libhardware_drivers.a(ui_menus.o)
                0x0000000008007548                ViaUI::aux2Menu(long)
 .text._ZN5ViaUI8aux1MenuEl
                0x0000000008007684      0x13c build/hardware_drivers//libhardware_drivers.a(ui_menus.o)
                0x0000000008007684                ViaUI::aux1Menu(long)
 .text._ZN5ViaUI8aux3MenuEl
                0x00000000080077c0      0x13c build/hardware_drivers//libhardware_drivers.a(ui_menus.o)
                0x00000000080077c0                ViaUI::aux3Menu(long)
 .text._ZN5ViaUI8aux4MenuEl
                0x00000000080078fc      0x13c build/hardware_drivers//libhardware_drivers.a(ui_menus.o)
                0x00000000080078fc                ViaUI::aux4Menu(long)
 .text._ZN5ViaUI11button1MenuEl
                0x0000000008007a38      0x138 build/hardware_drivers//libhardware_drivers.a(ui_menus.o)
                0x0000000008007a38                ViaUI::button1Menu(long)
 .text._ZN5ViaUI11button2MenuEl
                0x0000000008007b70      0x110 build/hardware_drivers//libhardware_drivers.a(ui_menus.o)
                0x0000000008007b70                ViaUI::button2Menu(long)
 .text._ZN5ViaUI11button3MenuEl
                0x0000000008007c80      0x138 build/hardware_drivers//libhardware_drivers.a(ui_menus.o)
                0x0000000008007c80                ViaUI::button3Menu(long)
 .text._ZN5ViaUI11button4MenuEl
                0x0000000008007db8      0x138 build/hardware_drivers//libhardware_drivers.a(ui_menus.o)
                0x0000000008007db8                ViaUI::button4Menu(long)
 .text._ZN5ViaUI11button5MenuEl
                0x0000000008007ef0      0x1d8 build/hardware_drivers//libhardware_drivers.a(ui_menus.o)
                0x0000000008007ef0                ViaUI::button5Menu(long)
 .text._ZN5ViaUI11button6MenuEl
                0x00000000080080c8      0x13c build/hardware_drivers//libhardware_drivers.a(ui_menus.o)
                0x00000000080080c8                ViaUI::button6Menu(long)
 .text._ZN5ViaUI17presetPressedMenuEl
                0x0000000008008204      0x148 build/hardware_drivers//libhardware_drivers.a(ui_presets.o)
                0x0000000008008204                ViaUI::presetPressedMenu(long)
 .text._ZN5ViaUI12switchPresetEl
                0x000000000800834c       0xa4 build/hardware_drivers//libhardware_drivers.a(ui_presets.o)
                0x000000000800834c                ViaUI::switchPreset(long)
 .text._ZN5ViaUI9newPresetEl
                0x00000000080083f0       0x84 build/hardware_drivers//libhardware_drivers.a(ui_presets.o)
                0x00000000080083f0                ViaUI::newPreset(long)
 .text._ZN5ViaUI10presetMenuEl
                0x0000000008008474      0x12c build/hardware_drivers//libhardware_drivers.a(ui_presets.o)
                0x0000000008008474                ViaUI::presetMenu(long)
 .text._ZN5ViaUI22presetDoubleTappedMenuEl
                0x00000000080085a0      0x1f4 build/hardware_drivers//libhardware_drivers.a(ui_presets.o)
                0x00000000080085a0                ViaUI::presetDoubleTappedMenu(long)
 .text._ZN5ViaUI14loadFromEEPROMEl
                0x0000000008008794       0xac build/hardware_drivers//libhardware_drivers.a(ui_save_recall.o)
                0x0000000008008794                ViaUI::loadFromEEPROM(long)
 .text._ZN5ViaUI18storeStateToEEPROMEl
                0x0000000008008840       0x34 build/hardware_drivers//libhardware_drivers.a(ui_save_recall.o)
                0x0000000008008840                ViaUI::storeStateToEEPROM(long)
 .text.MX_ADC1_Init
                0x0000000008008874       0xb8 build/hardware_drivers//libhardware_drivers.a(adc.o)
                0x0000000008008874                MX_ADC1_Init
 .text.HAL_ADC_MspInit
                0x000000000800892c       0x9c build/hardware_drivers//libhardware_drivers.a(adc.o)
                0x000000000800892c                HAL_ADC_MspInit
 .text.MX_DAC1_Init
                0x00000000080089c8       0x5c build/hardware_drivers//libhardware_drivers.a(dac.o)
                0x00000000080089c8                MX_DAC1_Init
 .text.MX_DAC2_Init
                0x0000000008008a24       0x48 build/hardware_drivers//libhardware_drivers.a(dac.o)
                0x0000000008008a24                MX_DAC2_Init
 .text.HAL_DAC_MspInit
                0x0000000008008a6c      0x174 build/hardware_drivers//libhardware_drivers.a(dac.o)
                0x0000000008008a6c                HAL_DAC_MspInit
 .text.MX_DMA_Init
                0x0000000008008be0       0x94 build/hardware_drivers//libhardware_drivers.a(dma.o)
                0x0000000008008be0                MX_DMA_Init
 .text.EE_Init  0x0000000008008c74      0x3e0 build/hardware_drivers//libhardware_drivers.a(eeprom.o)
                0x0000000008008c74                EE_Init
 .text.EE_ReadVariable
                0x0000000008009054       0x74 build/hardware_drivers//libhardware_drivers.a(eeprom.o)
                0x0000000008009054                EE_ReadVariable
 .text.EE_WriteVariable
                0x00000000080090c8      0x268 build/hardware_drivers//libhardware_drivers.a(eeprom.o)
                0x00000000080090c8                EE_WriteVariable
 .text.MX_GPIO_Init
                0x0000000008009330      0x140 build/hardware_drivers//libhardware_drivers.a(gpio.o)
                0x0000000008009330                MX_GPIO_Init
 .text.MX_SDADC1_Init
                0x0000000008009470       0xac build/hardware_drivers//libhardware_drivers.a(sdadc.o)
                0x0000000008009470                MX_SDADC1_Init
 .text.MX_SDADC2_Init
                0x000000000800951c       0xa8 build/hardware_drivers//libhardware_drivers.a(sdadc.o)
                0x000000000800951c                MX_SDADC2_Init
 .text.HAL_SDADC_MspInit
                0x00000000080095c4       0xf8 build/hardware_drivers//libhardware_drivers.a(sdadc.o)
                0x00000000080095c4                HAL_SDADC_MspInit
 .text.SystemInit
                0x00000000080096bc       0x70 build/hardware_drivers//libhardware_drivers.a(system_stm32f3xx.o)
                0x00000000080096bc                SystemInit
 .text.MX_TIM2_Init
                0x000000000800972c       0x70 build/hardware_drivers//libhardware_drivers.a(tim.o)
                0x000000000800972c                MX_TIM2_Init
 .text.MX_TIM3_Init
                0x000000000800979c       0xd4 build/hardware_drivers//libhardware_drivers.a(tim.o)
                0x000000000800979c                MX_TIM3_Init
 .text.MX_TIM4_Init
                0x0000000008009870       0xd4 build/hardware_drivers//libhardware_drivers.a(tim.o)
                0x0000000008009870                MX_TIM4_Init
 .text.MX_TIM5_Init
                0x0000000008009944       0xd4 build/hardware_drivers//libhardware_drivers.a(tim.o)
                0x0000000008009944                MX_TIM5_Init
 .text.MX_TIM6_Init
                0x0000000008009a18       0x5c build/hardware_drivers//libhardware_drivers.a(tim.o)
                0x0000000008009a18                MX_TIM6_Init
 .text.MX_TIM7_Init
                0x0000000008009a74       0x5c build/hardware_drivers//libhardware_drivers.a(tim.o)
                0x0000000008009a74                MX_TIM7_Init
 .text.MX_TIM12_Init
                0x0000000008009ad0       0x60 build/hardware_drivers//libhardware_drivers.a(tim.o)
                0x0000000008009ad0                MX_TIM12_Init
 .text.MX_TIM13_Init
                0x0000000008009b30       0x40 build/hardware_drivers//libhardware_drivers.a(tim.o)
                0x0000000008009b30                MX_TIM13_Init
 .text.MX_TIM16_Init
                0x0000000008009b70       0x44 build/hardware_drivers//libhardware_drivers.a(tim.o)
                0x0000000008009b70                MX_TIM16_Init
 .text.MX_TIM17_Init
                0x0000000008009bb4       0x40 build/hardware_drivers//libhardware_drivers.a(tim.o)
                0x0000000008009bb4                MX_TIM17_Init
 .text.MX_TIM18_Init
                0x0000000008009bf4       0x5c build/hardware_drivers//libhardware_drivers.a(tim.o)
                0x0000000008009bf4                MX_TIM18_Init
 .text.HAL_TIM_PWM_MspInit
                0x0000000008009c50       0x74 build/hardware_drivers//libhardware_drivers.a(tim.o)
                0x0000000008009c50                HAL_TIM_PWM_MspInit
 .text.HAL_TIM_Base_MspInit
                0x0000000008009cc4      0x16c build/hardware_drivers//libhardware_drivers.a(tim.o)
                0x0000000008009cc4                HAL_TIM_Base_MspInit
 .text.HAL_TIM_IC_MspInit
                0x0000000008009e30       0x5c build/hardware_drivers//libhardware_drivers.a(tim.o)
                0x0000000008009e30                HAL_TIM_IC_MspInit
 .text.MX_TOUCHSENSING_Init
                0x0000000008009e8c        0x4 build/hardware_drivers//libhardware_drivers.a(touchsensing.o)
                0x0000000008009e8c                MX_TOUCHSENSING_Init
 .text.MX_TSC_Init
                0x0000000008009e90       0x64 build/hardware_drivers//libhardware_drivers.a(tsc.o)
                0x0000000008009e90                MX_TSC_Init
 .text.HAL_TSC_MspInit
                0x0000000008009ef4       0xb0 build/hardware_drivers//libhardware_drivers.a(tsc.o)
                0x0000000008009ef4                HAL_TSC_MspInit
 .text.HAL_TSC_MspDeInit
                0x0000000008009fa4       0x4c build/hardware_drivers//libhardware_drivers.a(tsc.o)
                0x0000000008009fa4                HAL_TSC_MspDeInit
 .text.MyTKeys_OffStateProcess
                0x0000000008009ff0        0x4 build/hardware_drivers//libhardware_drivers.a(tsl_user.o)
                0x0000000008009ff0                MyTKeys_OffStateProcess
 .text.MyTKeys_ErrorStateProcess
                0x0000000008009ff4        0x4 build/hardware_drivers//libhardware_drivers.a(tsl_user.o)
                0x0000000008009ff4                MyTKeys_ErrorStateProcess
 .text.tsl_user_Init
                0x0000000008009ff8       0x1c build/hardware_drivers//libhardware_drivers.a(tsl_user.o)
                0x0000000008009ff8                tsl_user_Init
 .text.tsl_user_Exec
                0x000000000800a014       0xb0 build/hardware_drivers//libhardware_drivers.a(tsl_user.o)
                0x000000000800a014                tsl_user_Exec
 .text.TSL_acq_BankGetResult
                0x000000000800a0c4      0x188 build/hardware_drivers//libhardware_drivers.a(tsl_acq.o)
                0x000000000800a0c4                TSL_acq_BankGetResult
 .text.TSL_acq_BankConfig
                0x000000000800a24c       0x78 build/hardware_drivers//libhardware_drivers.a(tsl_acq_tsc.o)
                0x000000000800a24c                TSL_acq_BankConfig
 .text.TSL_acq_BankStartAcq
                0x000000000800a2c4       0x30 build/hardware_drivers//libhardware_drivers.a(tsl_acq_tsc.o)
                0x000000000800a2c4                TSL_acq_BankStartAcq
 .text.TSL_acq_BankWaitEOC
                0x000000000800a2f4       0x18 build/hardware_drivers//libhardware_drivers.a(tsl_acq_tsc.o)
                0x000000000800a2f4                TSL_acq_BankWaitEOC
 .text.TSL_acq_GetMeas
                0x000000000800a30c       0x18 build/hardware_drivers//libhardware_drivers.a(tsl_acq_tsc.o)
                0x000000000800a30c                TSL_acq_GetMeas
 .text.TSL_acq_ComputeDelta
                0x000000000800a324        0x8 build/hardware_drivers//libhardware_drivers.a(tsl_acq_tsc.o)
                0x000000000800a324                TSL_acq_ComputeDelta
 .text.TSL_acq_ComputeMeas
                0x000000000800a32c        0x8 build/hardware_drivers//libhardware_drivers.a(tsl_acq_tsc.o)
                0x000000000800a32c                TSL_acq_ComputeMeas
 .text.TSL_acq_CheckNoise
                0x000000000800a334        0x4 build/hardware_drivers//libhardware_drivers.a(tsl_acq_tsc.o)
                0x000000000800a334                TSL_acq_CheckNoise
 .text.TSL_acq_UseFilter
                0x000000000800a338        0x4 build/hardware_drivers//libhardware_drivers.a(tsl_acq_tsc.o)
                0x000000000800a338                TSL_acq_UseFilter
 .text.TSL_acq_TestReferenceOutOfRange
                0x000000000800a33c        0x4 build/hardware_drivers//libhardware_drivers.a(tsl_acq_tsc.o)
                0x000000000800a33c                TSL_acq_TestReferenceOutOfRange
 .text.TSL_acq_TestFirstReferenceIsValid
                0x000000000800a340        0x4 build/hardware_drivers//libhardware_drivers.a(tsl_acq_tsc.o)
                0x000000000800a340                TSL_acq_TestFirstReferenceIsValid
 .text.SoftDelay
                0x000000000800a344       0x28 build/hardware_drivers//libhardware_drivers.a(tsl_acq_tsc.o)
 .text.TSL_Init
                0x000000000800a36c       0x3c build/hardware_drivers//libhardware_drivers.a(tsl.o)
                0x000000000800a36c                TSL_Init
 .text.TSL_dxs_FirstObj
                0x000000000800a3a8        0x4 build/hardware_drivers//libhardware_drivers.a(tsl_dxs.o)
                0x000000000800a3a8                TSL_dxs_FirstObj
 .text.TSL_ecs_ProcessK
                0x000000000800a3ac       0xd0 build/hardware_drivers//libhardware_drivers.a(tsl_ecs.o)
                0x000000000800a3ac                TSL_ecs_ProcessK
 .text.TSL_ecs_Process
                0x000000000800a47c      0x114 build/hardware_drivers//libhardware_drivers.a(tsl_ecs.o)
                0x000000000800a47c                TSL_ecs_Process
 .text.TSL_obj_GroupInit
                0x000000000800a590       0x78 build/hardware_drivers//libhardware_drivers.a(tsl_object.o)
                0x000000000800a590                TSL_obj_GroupInit
 .text.TSL_obj_GroupProcess
                0x000000000800a608       0x78 build/hardware_drivers//libhardware_drivers.a(tsl_object.o)
                0x000000000800a608                TSL_obj_GroupProcess
 .text.TSL_obj_SetGlobalObj
                0x000000000800a680       0x18 build/hardware_drivers//libhardware_drivers.a(tsl_object.o)
                0x000000000800a680                TSL_obj_SetGlobalObj
 .text.TSL_tim_CheckDelay_ms
                0x000000000800a698       0x50 build/hardware_drivers//libhardware_drivers.a(tsl_time.o)
                0x000000000800a698                TSL_tim_CheckDelay_ms
 .text.TSL_tkey_Init
                0x000000000800a6e8       0x80 build/hardware_drivers//libhardware_drivers.a(tsl_touchkey.o)
                0x000000000800a6e8                TSL_tkey_Init
 .text.TSL_tkey_Process
                0x000000000800a768       0x6c build/hardware_drivers//libhardware_drivers.a(tsl_touchkey.o)
                0x000000000800a768                TSL_tkey_Process
 .text.TSL_tkey_SetStateCalibration
                0x000000000800a7d4       0x5c build/hardware_drivers//libhardware_drivers.a(tsl_touchkey.o)
                0x000000000800a7d4                TSL_tkey_SetStateCalibration
 .text.TSL_tkey_DebReleaseDetectStateProcess
                0x000000000800a830       0x3c build/hardware_drivers//libhardware_drivers.a(tsl_touchkey.o)
                0x000000000800a830                TSL_tkey_DebReleaseDetectStateProcess
 .text.TSL_tkey_DebReleaseTouchStateProcess
                0x000000000800a86c       0x3c build/hardware_drivers//libhardware_drivers.a(tsl_touchkey.o)
                0x000000000800a86c                TSL_tkey_DebReleaseTouchStateProcess
 .text.TSL_tkey_ReleaseStateProcess
                0x000000000800a8a8       0xac build/hardware_drivers//libhardware_drivers.a(tsl_touchkey.o)
                0x000000000800a8a8                TSL_tkey_ReleaseStateProcess
 .text.TSL_tkey_DebCalibrationStateProcess
                0x000000000800a954       0x88 build/hardware_drivers//libhardware_drivers.a(tsl_touchkey.o)
                0x000000000800a954                TSL_tkey_DebCalibrationStateProcess
 .text.TSL_tkey_CalibrationStateProcess
                0x000000000800a9dc       0xcc build/hardware_drivers//libhardware_drivers.a(tsl_touchkey.o)
                0x000000000800a9dc                TSL_tkey_CalibrationStateProcess
 .text.TSL_tkey_DebDetectStateProcess
                0x000000000800aaa8       0x3c build/hardware_drivers//libhardware_drivers.a(tsl_touchkey.o)
                0x000000000800aaa8                TSL_tkey_DebDetectStateProcess
 .text.TSL_tkey_DetectStateProcess
                0x000000000800aae4       0x48 build/hardware_drivers//libhardware_drivers.a(tsl_touchkey.o)
                0x000000000800aae4                TSL_tkey_DetectStateProcess
 .text.TSL_tkey_TouchStateProcess
                0x000000000800ab2c       0x48 build/hardware_drivers//libhardware_drivers.a(tsl_touchkey.o)
                0x000000000800ab2c                TSL_tkey_TouchStateProcess
 .text.TSL_tkey_DebErrorStateProcess
                0x000000000800ab74       0xe8 build/hardware_drivers//libhardware_drivers.a(tsl_touchkey.o)
                0x000000000800ab74                TSL_tkey_DebErrorStateProcess
 .text._ZN6ViaOsc12scaledDetuneEl
                0x000000000800ac5c       0x6c build/hardware_drivers//libhardware_drivers.a(osc_modes.o)
                0x000000000800ac5c                ViaOsc::scaledDetune(long)
 .text._ZN6ViaOsc13chordalDetuneEl
                0x000000000800acc8       0x64 build/hardware_drivers//libhardware_drivers.a(osc_modes.o)
                0x000000000800acc8                ViaOsc::chordalDetune(long)
 .text._ZN6ViaOsc13clockedDetuneEl
                0x000000000800ad2c       0x38 build/hardware_drivers//libhardware_drivers.a(osc_modes.o)
                0x000000000800ad2c                ViaOsc::clockedDetune(long)
 .text._ZN6ViaOsc20updateBaseFreqsScaleEv
                0x000000000800ad64      0x400 build/hardware_drivers//libhardware_drivers.a(osc_modes.o)
                0x000000000800ad64                ViaOsc::updateBaseFreqsScale()
 .text._ZN6ViaOsc19updateBaseFreqsSemiEv
                0x000000000800b164      0x3a8 build/hardware_drivers//libhardware_drivers.a(osc_modes.o)
                0x000000000800b164                ViaOsc::updateBaseFreqsSemi()
 .text._ZN6ViaOsc23handleButton1ModeChangeEl
                0x000000000800b50c        0xc build/hardware_drivers//libhardware_drivers.a(osc_modes.o)
                0x000000000800b50c                ViaOsc::handleButton1ModeChange(long)
 .text._ZN6ViaOsc23handleButton2ModeChangeEl
                0x000000000800b518       0x74 build/hardware_drivers//libhardware_drivers.a(osc_modes.o)
                0x000000000800b518                ViaOsc::handleButton2ModeChange(long)
 .text._ZN6ViaOsc23handleButton3ModeChangeEl
                0x000000000800b58c       0x10 build/hardware_drivers//libhardware_drivers.a(osc_modes.o)
                0x000000000800b58c                ViaOsc::handleButton3ModeChange(long)
 .text._ZN6ViaOsc23handleButton5ModeChangeEl
                0x000000000800b59c       0xb0 build/hardware_drivers//libhardware_drivers.a(osc_modes.o)
                0x000000000800b59c                ViaOsc::handleButton5ModeChange(long)
 .text._ZN6ViaOsc23handleButton6ModeChangeEl
                0x000000000800b64c       0xa4 build/hardware_drivers//libhardware_drivers.a(osc_modes.o)
                0x000000000800b64c                ViaOsc::handleButton6ModeChange(long)
 .text._ZdlPv   0x000000000800b6f0        0x4 /usr/local/gcc-arm-none-eabi-7-2017-q4-major/bin/../lib/gcc/arm-none-eabi/7.2.1/../../../../arm-none-eabi/lib/thumb/v7e-m/fpv4-sp/hard/libstdc++_nano.a(del_op.o)
                0x000000000800b6f0                operator delete(void*)
 .text.__libc_init_array
                0x000000000800b6f4       0x48 /usr/local/gcc-arm-none-eabi-7-2017-q4-major/bin/../lib/gcc/arm-none-eabi/7.2.1/../../../../arm-none-eabi/lib/thumb/v7e-m/fpv4-sp/hard/libc_nano.a(lib_a-init.o)
                0x000000000800b6f4                __libc_init_array
 .text.malloc   0x000000000800b73c       0x10 /usr/local/gcc-arm-none-eabi-7-2017-q4-major/bin/../lib/gcc/arm-none-eabi/7.2.1/../../../../arm-none-eabi/lib/thumb/v7e-m/fpv4-sp/hard/libc_nano.a(lib_a-malloc.o)
                0x000000000800b73c                malloc
 .text.free     0x000000000800b74c       0x10 /usr/local/gcc-arm-none-eabi-7-2017-q4-major/bin/../lib/gcc/arm-none-eabi/7.2.1/../../../../arm-none-eabi/lib/thumb/v7e-m/fpv4-sp/hard/libc_nano.a(lib_a-malloc.o)
                0x000000000800b74c                free
 .text.memcpy   0x000000000800b75c       0x16 /usr/local/gcc-arm-none-eabi-7-2017-q4-major/bin/../lib/gcc/arm-none-eabi/7.2.1/../../../../arm-none-eabi/lib/thumb/v7e-m/fpv4-sp/hard/libc_nano.a(lib_a-memcpy-stub.o)
                0x000000000800b75c                memcpy
 .text.memset   0x000000000800b772       0x10 /usr/local/gcc-arm-none-eabi-7-2017-q4-major/bin/../lib/gcc/arm-none-eabi/7.2.1/../../../../arm-none-eabi/lib/thumb/v7e-m/fpv4-sp/hard/libc_nano.a(lib_a-memset.o)
                0x000000000800b772                memset
 *fill*         0x000000000800b782        0x2 
 .text._free_r  0x000000000800b784       0x9c /usr/local/gcc-arm-none-eabi-7-2017-q4-major/bin/../lib/gcc/arm-none-eabi/7.2.1/../../../../arm-none-eabi/lib/thumb/v7e-m/fpv4-sp/hard/libc_nano.a(lib_a-nano-freer.o)
                0x000000000800b784                _free_r
 .text._malloc_r
                0x000000000800b820       0xb4 /usr/local/gcc-arm-none-eabi-7-2017-q4-major/bin/../lib/gcc/arm-none-eabi/7.2.1/../../../../arm-none-eabi/lib/thumb/v7e-m/fpv4-sp/hard/libc_nano.a(lib_a-nano-mallocr.o)
                0x000000000800b820                _malloc_r
 .text._sbrk_r  0x000000000800b8d4       0x20 /usr/local/gcc-arm-none-eabi-7-2017-q4-major/bin/../lib/gcc/arm-none-eabi/7.2.1/../../../../arm-none-eabi/lib/thumb/v7e-m/fpv4-sp/hard/libc_nano.a(lib_a-sbrkr.o)
                0x000000000800b8d4                _sbrk_r
 .text.__malloc_lock
                0x000000000800b8f4        0x2 /usr/local/gcc-arm-none-eabi-7-2017-q4-major/bin/../lib/gcc/arm-none-eabi/7.2.1/../../../../arm-none-eabi/lib/thumb/v7e-m/fpv4-sp/hard/libc_nano.a(lib_a-mlock.o)
                0x000000000800b8f4                __malloc_lock
 .text.__malloc_unlock
                0x000000000800b8f6        0x2 /usr/local/gcc-arm-none-eabi-7-2017-q4-major/bin/../lib/gcc/arm-none-eabi/7.2.1/../../../../arm-none-eabi/lib/thumb/v7e-m/fpv4-sp/hard/libc_nano.a(lib_a-mlock.o)
                0x000000000800b8f6                __malloc_unlock
 .text._sbrk    0x000000000800b8f8       0x1c /usr/local/gcc-arm-none-eabi-7-2017-q4-major/bin/../lib/gcc/arm-none-eabi/7.2.1/../../../../arm-none-eabi/lib/thumb/v7e-m/fpv4-sp/hard/libnosys.a(sbrk.o)
                0x000000000800b8f8                _sbrk
 *(.glue_7)
 .glue_7        0x000000000800b914        0x0 linker stubs
 *(.glue_7t)
 .glue_7t       0x000000000800b914        0x0 linker stubs
 *(.eh_frame)
 .eh_frame      0x000000000800b914        0x0 /usr/local/gcc-arm-none-eabi-7-2017-q4-major/bin/../lib/gcc/arm-none-eabi/7.2.1/thumb/v7e-m/fpv4-sp/hard/crtbegin.o
 *(.init)
 .init          0x000000000800b914        0x4 /usr/local/gcc-arm-none-eabi-7-2017-q4-major/bin/../lib/gcc/arm-none-eabi/7.2.1/thumb/v7e-m/fpv4-sp/hard/crti.o
                0x000000000800b914                _init
 .init          0x000000000800b918        0x8 /usr/local/gcc-arm-none-eabi-7-2017-q4-major/bin/../lib/gcc/arm-none-eabi/7.2.1/thumb/v7e-m/fpv4-sp/hard/crtn.o
 *(.fini)
 .fini          0x000000000800b920        0x4 /usr/local/gcc-arm-none-eabi-7-2017-q4-major/bin/../lib/gcc/arm-none-eabi/7.2.1/thumb/v7e-m/fpv4-sp/hard/crti.o
                0x000000000800b920                _fini
 .fini          0x000000000800b924        0x8 /usr/local/gcc-arm-none-eabi-7-2017-q4-major/bin/../lib/gcc/arm-none-eabi/7.2.1/thumb/v7e-m/fpv4-sp/hard/crtn.o
                0x000000000800b92c                . = ALIGN (0x4)
                0x000000000800b92c                _etext = .

.vfp11_veneer   0x000000000800b92c        0x0
 .vfp11_veneer  0x000000000800b92c        0x0 linker stubs

.v4_bx          0x000000000800b92c        0x0
 .v4_bx         0x000000000800b92c        0x0 linker stubs

.iplt           0x000000000800b92c        0x0
 .iplt          0x000000000800b92c        0x0 /usr/local/gcc-arm-none-eabi-7-2017-q4-major/bin/../lib/gcc/arm-none-eabi/7.2.1/thumb/v7e-m/fpv4-sp/hard/crtbegin.o

.rodata         0x000000000800b92c     0x4bc0
                0x000000000800b92c                . = ALIGN (0x4)
 *(.rodata)
 .rodata        0x000000000800b92c      0x800 build/osc3/main.o
 .rodata        0x000000000800c12c       0x20 build/osc3/stm32f3xx_hal_rcc.o
                0x000000000800c12c                aPLLMULFactorTable
                0x000000000800c13c                aPredivFactorTable
 *(.rodata*)
 .rodata._ZTVN6ViaOsc8ViaOscUIE
                0x000000000800c14c       0xc4 build/hardware_drivers//libhardware_drivers.a(osc_ui_implementation.o)
                0x000000000800c14c                vtable for ViaOsc::ViaOscUI
 .rodata._ZN13ExpoConverter9expoTableE
                0x000000000800c210     0x4000 build/hardware_drivers//libhardware_drivers.a(meta_controller.o)
                0x000000000800c210                ExpoConverter::expoTable
 .rodata.MX_ADC1_Init.str1.4
                0x0000000008010210       0x25 build/hardware_drivers//libhardware_drivers.a(adc.o)
 *fill*         0x0000000008010235        0x3 
 .rodata.MX_DAC1_Init.str1.4
                0x0000000008010238       0x25 build/hardware_drivers//libhardware_drivers.a(dac.o)
 *fill*         0x000000000801025d        0x3 
 .rodata.MX_SDADC1_Init.str1.4
                0x0000000008010260       0x27 build/hardware_drivers//libhardware_drivers.a(sdadc.o)
 *fill*         0x0000000008010287        0x1 
 .rodata.AHBPrescTable
                0x0000000008010288       0x10 build/hardware_drivers//libhardware_drivers.a(system_stm32f3xx.o)
                0x0000000008010288                AHBPrescTable
 .rodata.MX_TIM2_Init.str1.4
                0x0000000008010298       0x25 build/hardware_drivers//libhardware_drivers.a(tim.o)
 *fill*         0x00000000080102bd        0x3 
 .rodata.MX_TSC_Init.str1.4
                0x00000000080102c0       0x28 build/hardware_drivers//libhardware_drivers.a(tsc.o)
                                         0x25 (size before relaxing)
 .rodata.MyBanks
                0x00000000080102e8       0x60 build/hardware_drivers//libhardware_drivers.a(tsl_user.o)
                0x00000000080102e8                MyBanks
 .rodata.MyChannels_Dest
                0x0000000008010348        0xc build/hardware_drivers//libhardware_drivers.a(tsl_user.o)
                0x0000000008010348                MyChannels_Dest
 .rodata.MyChannels_Src
                0x0000000008010354       0x48 build/hardware_drivers//libhardware_drivers.a(tsl_user.o)
                0x0000000008010354                MyChannels_Src
 .rodata.MyObjects
                0x000000000801039c       0x30 build/hardware_drivers//libhardware_drivers.a(tsl_user.o)
                0x000000000801039c                MyObjects
 .rodata.MyTKeys
                0x00000000080103cc       0x78 build/hardware_drivers//libhardware_drivers.a(tsl_user.o)
                0x00000000080103cc                MyTKeys
 .rodata.MyTKeys_Methods
                0x0000000008010444        0x8 build/hardware_drivers//libhardware_drivers.a(tsl_user.o)
                0x0000000008010444                MyTKeys_Methods
 .rodata.MyTKeys_StateMachine
                0x000000000801044c       0xa0 build/hardware_drivers//libhardware_drivers.a(tsl_user.o)
                0x000000000801044c                MyTKeys_StateMachine
                0x00000000080104ec                . = ALIGN (0x4)

.ARM.extab
 *(.ARM.extab* .gnu.linkonce.armextab.*)

.ARM            0x00000000080104ec        0x8
                0x00000000080104ec                __exidx_start = .
 *(.ARM.exidx*)
 .ARM.exidx     0x00000000080104ec        0x8 /usr/local/gcc-arm-none-eabi-7-2017-q4-major/bin/../lib/gcc/arm-none-eabi/7.2.1/thumb/v7e-m/fpv4-sp/hard/libgcc.a(_udivmoddi4.o)
                0x00000000080104f4                __exidx_end = .

.rel.dyn        0x00000000080104f4        0x0
 .rel.iplt      0x00000000080104f4        0x0 /usr/local/gcc-arm-none-eabi-7-2017-q4-major/bin/../lib/gcc/arm-none-eabi/7.2.1/thumb/v7e-m/fpv4-sp/hard/crtbegin.o

.preinit_array  0x00000000080104f4        0x0
                0x00000000080104f4                PROVIDE (__preinit_array_start, .)
 *(.preinit_array*)
                0x00000000080104f4                PROVIDE (__preinit_array_end, .)

.init_array     0x00000000080104f4        0x4
                0x00000000080104f4                PROVIDE (__init_array_start, .)
 *(SORT_BY_NAME(.init_array.*))
 *(.init_array*)
 .init_array    0x00000000080104f4        0x4 /usr/local/gcc-arm-none-eabi-7-2017-q4-major/bin/../lib/gcc/arm-none-eabi/7.2.1/thumb/v7e-m/fpv4-sp/hard/crtbegin.o
                0x00000000080104f8                PROVIDE (__init_array_end, .)

.fini_array     0x00000000080104f8        0x4
                [!provide]                        PROVIDE (__fini_array_start, .)
 *(SORT_BY_NAME(.fini_array.*))
 *(.fini_array*)
 .fini_array    0x00000000080104f8        0x4 /usr/local/gcc-arm-none-eabi-7-2017-q4-major/bin/../lib/gcc/arm-none-eabi/7.2.1/thumb/v7e-m/fpv4-sp/hard/crtbegin.o
                [!provide]                        PROVIDE (__fini_array_end, .)
                0x00000000080104fc                _sidata = LOADADDR (.data)

.data           0x0000000020000000       0xac load address 0x00000000080104fc
                0x0000000020000000                . = ALIGN (0x4)
                0x0000000020000000                _sdata = .
 *(.data)
 .data          0x0000000020000000        0x4 build/osc3/user_interrupts.o
                0x0000000020000000                buttonPressed
 *(.data*)
 .data.VirtAddVarTab
                0x0000000020000004       0x20 build/hardware_drivers//libhardware_drivers.a(eeprom.o)
                0x0000000020000004                VirtAddVarTab
 .data.SystemCoreClock
                0x0000000020000024        0x4 build/hardware_drivers//libhardware_drivers.a(system_stm32f3xx.o)
                0x0000000020000024                SystemCoreClock
 .data.MyObjGroup
                0x0000000020000028       0x10 build/hardware_drivers//libhardware_drivers.a(tsl_user.o)
                0x0000000020000028                MyObjGroup
 .data.TSL_Params
                0x0000000020000038       0x10 build/hardware_drivers//libhardware_drivers.a(tsl_user.o)
                0x0000000020000038                TSL_Params
 .data._impure_ptr
                0x0000000020000048        0x4 /usr/local/gcc-arm-none-eabi-7-2017-q4-major/bin/../lib/gcc/arm-none-eabi/7.2.1/../../../../arm-none-eabi/lib/thumb/v7e-m/fpv4-sp/hard/libc_nano.a(lib_a-impure.o)
                0x0000000020000048                _impure_ptr
 .data.impure_data
                0x000000002000004c       0x60 /usr/local/gcc-arm-none-eabi-7-2017-q4-major/bin/../lib/gcc/arm-none-eabi/7.2.1/../../../../arm-none-eabi/lib/thumb/v7e-m/fpv4-sp/hard/libc_nano.a(lib_a-impure.o)
                0x00000000200000ac                . = ALIGN (0x4)
                0x00000000200000ac                _edata = .

.igot.plt       0x00000000200000ac        0x0 load address 0x00000000080105a8
 .igot.plt      0x00000000200000ac        0x0 /usr/local/gcc-arm-none-eabi-7-2017-q4-major/bin/../lib/gcc/arm-none-eabi/7.2.1/thumb/v7e-m/fpv4-sp/hard/crtbegin.o
                0x00000000200000ac                . = ALIGN (0x4)

.bss            0x00000000200000b0      0x6d0 load address 0x00000000080105a8
                0x00000000200000b0                _sbss = .
                0x00000000200000b0                __bss_start__ = _sbss
 *(.bss)
 .bss           0x00000000200000b0       0x1c /usr/local/gcc-arm-none-eabi-7-2017-q4-major/bin/../lib/gcc/arm-none-eabi/7.2.1/thumb/v7e-m/fpv4-sp/hard/crtbegin.o
 .bss           0x00000000200000cc       0x40 build/osc3/interrupt_link.o
                0x00000000200000cc                modulePointer
                0x00000000200000d0                uiTimerCallback
                0x00000000200000d4                mainRisingEdgeCallback
                0x00000000200000d8                mainFallingEdgeCallback
                0x00000000200000dc                auxRisingEdgeCallback
                0x00000000200000e0                auxFallingEdgeCallback
                0x00000000200000e4                buttonPressedCallback
                0x00000000200000e8                buttonReleasedCallback
                0x00000000200000ec                dacHalfTransferCallback
                0x00000000200000f0                dacTransferCompleteCallback
                0x00000000200000f4                dacTimerCallback
                0x00000000200000f8                sdaadcConversionCompleteCallback
                0x00000000200000fc                adcConversionCompleteCallback
                0x0000000020000100                auxTimer1InterruptCallback
                0x0000000020000104                auxTimer2InterruptCallback
                0x0000000020000108                tscTimerCallback
 .bss           0x000000002000010c        0x4 build/osc3/user_interrupts.o
                0x000000002000010c                triggerDebounce
 *(.bss*)
 .bss.thisUI    0x0000000020000110        0x4 build/hardware_drivers//libhardware_drivers.a(ui_helpers.o)
                0x0000000020000110                thisUI
 .bss.touchStateChangeCallback
                0x0000000020000114        0x4 build/hardware_drivers//libhardware_drivers.a(ui_helpers.o)
                0x0000000020000114                touchStateChangeCallback
 .bss._ZZN5ViaUI12switchPresetElE12flashCounter
                0x0000000020000118        0x4 build/hardware_drivers//libhardware_drivers.a(ui_presets.o)
 .bss._ZZN5ViaUI9newPresetElE12flashCounter
                0x000000002000011c        0x4 build/hardware_drivers//libhardware_drivers.a(ui_presets.o)
 .bss.DataVar   0x0000000020000120        0x2 build/hardware_drivers//libhardware_drivers.a(eeprom.o)
                0x0000000020000120                DataVar
 *fill*         0x0000000020000122        0x2 
 .bss.config_done.9786
                0x0000000020000124        0x4 build/hardware_drivers//libhardware_drivers.a(tsl_user.o)
 .bss.idx_bank.9785
                0x0000000020000128        0x4 build/hardware_drivers//libhardware_drivers.a(tsl_user.o)
 .bss.CalibDiv  0x000000002000012c        0x2 build/hardware_drivers//libhardware_drivers.a(tsl_touchkey.o)
 *fill*         0x000000002000012e        0x2 
 .bss.__malloc_free_list
                0x0000000020000130        0x4 /usr/local/gcc-arm-none-eabi-7-2017-q4-major/bin/../lib/gcc/arm-none-eabi/7.2.1/../../../../arm-none-eabi/lib/thumb/v7e-m/fpv4-sp/hard/libc_nano.a(lib_a-nano-mallocr.o)
                0x0000000020000130                __malloc_free_list
 .bss.__malloc_sbrk_start
                0x0000000020000134        0x4 /usr/local/gcc-arm-none-eabi-7-2017-q4-major/bin/../lib/gcc/arm-none-eabi/7.2.1/../../../../arm-none-eabi/lib/thumb/v7e-m/fpv4-sp/hard/libc_nano.a(lib_a-nano-mallocr.o)
                0x0000000020000134                __malloc_sbrk_start
 .bss.heap_end.5377
                0x0000000020000138        0x4 /usr/local/gcc-arm-none-eabi-7-2017-q4-major/bin/../lib/gcc/arm-none-eabi/7.2.1/../../../../arm-none-eabi/lib/thumb/v7e-m/fpv4-sp/hard/libnosys.a(sbrk.o)
 *(COMMON)
 COMMON         0x000000002000013c        0x4 build/osc3/stm32f3xx_hal.o
                0x000000002000013c                uwTick
 COMMON         0x0000000020000140       0x20 build/osc3/stm32f3xx_hal_flash.o
                0x0000000020000140                pFlash
 COMMON         0x0000000020000160       0x74 build/hardware_drivers//libhardware_drivers.a(adc.o)
                0x0000000020000160                hadc1
                0x0000000020000190                hdma_adc1
 COMMON         0x00000000200001d4       0xf4 build/hardware_drivers//libhardware_drivers.a(dac.o)
                0x00000000200001d4                hdac2
                0x00000000200001e8                hdma_dac1_ch2
                0x000000002000022c                hdac1
                0x0000000020000240                hdma_dac1_ch1
                0x0000000020000284                hdma_dac2_ch1
 COMMON         0x00000000200002c8      0x110 build/hardware_drivers//libhardware_drivers.a(sdadc.o)
                0x00000000200002c8                hdma_sdadc1
                0x000000002000030c                hdma_sdadc2
                0x0000000020000350                hsdadc1
                0x0000000020000394                hsdadc2
 COMMON         0x00000000200003d8      0x2c0 build/hardware_drivers//libhardware_drivers.a(tim.o)
                0x00000000200003d8                htim4
                0x0000000020000418                htim17
                0x0000000020000458                htim5
                0x0000000020000498                htim3
                0x00000000200004d8                htim13
                0x0000000020000518                htim18
                0x0000000020000558                htim6
                0x0000000020000598                htim2
                0x00000000200005d8                htim12
                0x0000000020000618                htim16
                0x0000000020000658                htim7
 COMMON         0x0000000020000698       0x40 build/hardware_drivers//libhardware_drivers.a(tsc.o)
                0x0000000020000698                htsc
 COMMON         0x00000000200006d8       0x8c build/hardware_drivers//libhardware_drivers.a(tsl_user.o)
                0x00000000200006d8                MyChannels_Data
                0x0000000020000720                MyTKeys_Param
                0x000000002000074a                ECSLastTick
                0x000000002000074c                MyTKeys_Data
 COMMON         0x0000000020000764       0x18 build/hardware_drivers//libhardware_drivers.a(tsl_globals.o)
                0x0000000020000764                TSL_Globals
 COMMON         0x000000002000077c        0x4 /usr/local/gcc-arm-none-eabi-7-2017-q4-major/bin/../lib/gcc/arm-none-eabi/7.2.1/../../../../arm-none-eabi/lib/thumb/v7e-m/fpv4-sp/hard/libc_nano.a(lib_a-reent.o)
                0x000000002000077c                errno
                0x0000000020000780                . = ALIGN (0x4)
                0x0000000020000780                _ebss = .
                0x0000000020000780                __bss_end__ = _ebss

._user_heap_stack
                0x0000000020000780      0x600 load address 0x00000000080105a8
                0x0000000020000780                . = ALIGN (0x8)
                0x0000000020000780                PROVIDE (end, .)
                [!provide]                        PROVIDE (_end, .)
                0x0000000020000980                . = (. + _Min_Heap_Size)
 *fill*         0x0000000020000780      0x200 
                0x0000000020000d80                . = (. + _Min_Stack_Size)
 *fill*         0x0000000020000980      0x400 
                0x0000000020000d80                . = ALIGN (0x8)

/DISCARD/
 libc.a(*)
 libm.a(*)
 libgcc.a(*)

.ARM.attributes
                0x0000000000000000       0x30
 *(.ARM.attributes)
 .ARM.attributes
                0x0000000000000000       0x22 /usr/local/gcc-arm-none-eabi-7-2017-q4-major/bin/../lib/gcc/arm-none-eabi/7.2.1/thumb/v7e-m/fpv4-sp/hard/crti.o
 .ARM.attributes
                0x0000000000000022       0x34 /usr/local/gcc-arm-none-eabi-7-2017-q4-major/bin/../lib/gcc/arm-none-eabi/7.2.1/thumb/v7e-m/fpv4-sp/hard/crtbegin.o
 .ARM.attributes
                0x0000000000000056       0x39 build/osc3/interrupt_link.o
 .ARM.attributes
                0x000000000000008f       0x39 build/osc3/main.o
 .ARM.attributes
                0x00000000000000c8       0x39 build/osc3/main_hardware_init.o
 .ARM.attributes
                0x0000000000000101       0x39 build/osc3/stm32f3xx_it.o
 .ARM.attributes
                0x000000000000013a       0x39 build/osc3/stm32f3xx_hal_adc.o
 .ARM.attributes
                0x0000000000000173       0x39 build/osc3/stm32f3xx_hal_adc_ex.o
 .ARM.attributes
                0x00000000000001ac       0x39 build/osc3/stm32f3xx_hal.o
 .ARM.attributes
                0x00000000000001e5       0x39 build/osc3/stm32f3xx_hal_cortex.o
 .ARM.attributes
                0x000000000000021e       0x39 build/osc3/stm32f3xx_hal_dac.o
 .ARM.attributes
                0x0000000000000257       0x39 build/osc3/stm32f3xx_hal_dac_ex.o
 .ARM.attributes
                0x0000000000000290       0x39 build/osc3/stm32f3xx_hal_dma.o
 .ARM.attributes
                0x00000000000002c9       0x39 build/osc3/stm32f3xx_hal_flash.o
 .ARM.attributes
                0x0000000000000302       0x39 build/osc3/stm32f3xx_hal_flash_ex.o
 .ARM.attributes
                0x000000000000033b       0x39 build/osc3/stm32f3xx_hal_gpio.o
 .ARM.attributes
                0x0000000000000374       0x39 build/osc3/stm32f3xx_hal_pwr_ex.o
 .ARM.attributes
                0x00000000000003ad       0x39 build/osc3/stm32f3xx_hal_rcc.o
 .ARM.attributes
                0x00000000000003e6       0x39 build/osc3/stm32f3xx_hal_rcc_ex.o
 .ARM.attributes
                0x000000000000041f       0x39 build/osc3/stm32f3xx_hal_sdadc.o
 .ARM.attributes
                0x0000000000000458       0x39 build/osc3/stm32f3xx_hal_tim.o
 .ARM.attributes
                0x0000000000000491       0x39 build/osc3/stm32f3xx_hal_tim_ex.o
 .ARM.attributes
                0x00000000000004ca       0x39 build/osc3/stm32f3xx_hal_tsc.o
 .ARM.attributes
                0x0000000000000503       0x39 build/osc3/user_interrupts.o
 .ARM.attributes