Archive member included to satisfy reference by file (symbol)

build/hardware_drivers//libhardware_drivers.a(sync_init.o)
                              build/sync/main.o (ViaSync::init())
build/hardware_drivers//libhardware_drivers.a(sync_interrupt_handlers.o)
                              build/sync/interrupt_link.o (ViaSync::mainRisingEdgeCallback())
build/hardware_drivers//libhardware_drivers.a(sync_scales.o)
                              build/hardware_drivers//libhardware_drivers.a(sync_init.o) (ViaSync::initializeScales())
build/hardware_drivers//libhardware_drivers.a(sync_table_init.o)
                              build/hardware_drivers//libhardware_drivers.a(sync_init.o) (ViaSync::fillWavetableArray())
build/hardware_drivers//libhardware_drivers.a(sync_ui_implementation.o)
                              build/hardware_drivers//libhardware_drivers.a(sync_init.o) (ViaSync::ViaSyncUI::initialize())
build/hardware_drivers//libhardware_drivers.a(pll_controller.o)
                              build/hardware_drivers//libhardware_drivers.a(sync_interrupt_handlers.o) (PllController::parseControls(ViaControls*, ViaInputStreams*))
build/hardware_drivers//libhardware_drivers.a(sync_wavetable.o)
                              build/hardware_drivers//libhardware_drivers.a(sync_interrupt_handlers.o) (SyncWavetable::parseControls(ViaControls*))
build/hardware_drivers//libhardware_drivers.a(ui_helpers.o)
                              build/sync/main.o (linkUI)
build/hardware_drivers//libhardware_drivers.a(ui_main.o)
                              build/hardware_drivers//libhardware_drivers.a(sync_ui_implementation.o) (ViaUI::transition(void (ViaUI::*)(long)))
build/hardware_drivers//libhardware_drivers.a(ui_menus.o)
                              build/hardware_drivers//libhardware_drivers.a(ui_main.o) (ViaUI::aux2MenuAlt(long))
build/hardware_drivers//libhardware_drivers.a(ui_presets.o)
                              build/hardware_drivers//libhardware_drivers.a(ui_main.o) (ViaUI::presetMenu(long))
build/hardware_drivers//libhardware_drivers.a(ui_save_recall.o)
                              build/hardware_drivers//libhardware_drivers.a(ui_main.o) (ViaUI::initialize())
build/hardware_drivers//libhardware_drivers.a(adc.o)
                              build/sync/main.o (MX_ADC1_Init)
build/hardware_drivers//libhardware_drivers.a(dac.o)
                              build/sync/main.o (MX_DAC1_Init)
build/hardware_drivers//libhardware_drivers.a(dma.o)
                              build/sync/main.o (MX_DMA_Init)
build/hardware_drivers//libhardware_drivers.a(eeprom.o)
                              build/hardware_drivers//libhardware_drivers.a(sync_ui_implementation.o) (EE_Init)
build/hardware_drivers//libhardware_drivers.a(gpio.o)
                              build/sync/main.o (MX_GPIO_Init)
build/hardware_drivers//libhardware_drivers.a(sdadc.o)
                              build/sync/main.o (MX_SDADC1_Init)
build/hardware_drivers//libhardware_drivers.a(system_stm32f3xx.o)
                              build/sync/startup_stm32f373xc.o (SystemInit)
build/hardware_drivers//libhardware_drivers.a(tim.o)
                              build/sync/main.o (MX_TIM2_Init)
build/hardware_drivers//libhardware_drivers.a(touchsensing.o)
                              build/sync/main.o (MX_TOUCHSENSING_Init)
build/hardware_drivers//libhardware_drivers.a(tsc.o)
                              build/sync/main.o (MX_TSC_Init)
build/hardware_drivers//libhardware_drivers.a(tsl_user.o)
                              build/hardware_drivers//libhardware_drivers.a(sync_ui_implementation.o) (tsl_user_Init)
build/hardware_drivers//libhardware_drivers.a(tsl_acq.o)
                              build/hardware_drivers//libhardware_drivers.a(tsl_user.o) (TSL_acq_BankGetResult)
build/hardware_drivers//libhardware_drivers.a(tsl_acq_tsc.o)
                              build/hardware_drivers//libhardware_drivers.a(tsl_user.o) (TSL_acq_BankConfig)
build/hardware_drivers//libhardware_drivers.a(tsl.o)
                              build/hardware_drivers//libhardware_drivers.a(tsl_user.o) (TSL_Init)
build/hardware_drivers//libhardware_drivers.a(tsl_dxs.o)
                              build/hardware_drivers//libhardware_drivers.a(tsl_user.o) (TSL_dxs_FirstObj)
build/hardware_drivers//libhardware_drivers.a(tsl_ecs.o)
                              build/hardware_drivers//libhardware_drivers.a(tsl_user.o) (TSL_ecs_Process)
build/hardware_drivers//libhardware_drivers.a(tsl_globals.o)
                              build/hardware_drivers//libhardware_drivers.a(tsl_acq.o) (TSL_Globals)
build/hardware_drivers//libhardware_drivers.a(tsl_object.o)
                              build/hardware_drivers//libhardware_drivers.a(tsl_user.o) (TSL_obj_GroupInit)
build/hardware_drivers//libhardware_drivers.a(tsl_time.o)
                              build/hardware_drivers//libhardware_drivers.a(tsl_user.o) (TSL_tim_CheckDelay_ms)
[...]
Memory Configuration

Name             Origin             Length             Attributes
RAM              0x0000000020000000 0x0000000000008000 xrw
FLASH            0x0000000008000000 0x0000000000040000 xr
*default*        0x0000000000000000 0xffffffffffffffff

Linker script and memory map

LOAD /usr/local/gcc-arm-none-eabi-7-2017-q4-major/bin/../lib/gcc/arm-none-eabi/7.2.1/thumb/v7e-m/fpv4-sp/hard/crti.o
LOAD /usr/local/gcc-arm-none-eabi-7-2017-q4-major/bin/../lib/gcc/arm-none-eabi/7.2.1/thumb/v7e-m/fpv4-sp/hard/crtbegin.o
LOAD /usr/local/gcc-arm-none-eabi-7-2017-q4-major/bin/../lib/gcc/arm-none-eabi/7.2.1/../../../../arm-none-eabi/lib/thumb/v7e-m/fpv4-sp/hard/crt0.o
LOAD build/sync/interrupt_link.o
LOAD build/sync/main.o
LOAD build/sync/main_hardware_init.o
LOAD build/sync/stm32f3xx_it.o
LOAD build/sync/stm32f3xx_hal_adc.o
LOAD build/sync/stm32f3xx_hal_adc_ex.o
LOAD build/sync/stm32f3xx_hal.o
LOAD build/sync/stm32f3xx_hal_cortex.o
LOAD build/sync/stm32f3xx_hal_dac.o
LOAD build/sync/stm32f3xx_hal_dac_ex.o
LOAD build/sync/stm32f3xx_hal_dma.o
LOAD build/sync/stm32f3xx_hal_flash.o
LOAD build/sync/stm32f3xx_hal_flash_ex.o
LOAD build/sync/stm32f3xx_hal_gpio.o
LOAD build/sync/stm32f3xx_hal_pwr.o
LOAD build/sync/stm32f3xx_hal_pwr_ex.o
LOAD build/sync/stm32f3xx_hal_rcc.o
LOAD build/sync/stm32f3xx_hal_rcc_ex.o
LOAD build/sync/stm32f3xx_hal_sdadc.o
LOAD build/sync/stm32f3xx_hal_tim.o
LOAD build/sync/stm32f3xx_hal_tim_ex.o
LOAD build/sync/stm32f3xx_hal_tsc.o
LOAD build/sync/user_interrupts.o
LOAD build/sync/startup_stm32f373xc.o
LOAD build/hardware_drivers//libhardware_drivers.a
LOAD /usr/local/gcc-arm-none-eabi-7-2017-q4-major/bin/../lib/gcc/arm-none-eabi/7.2.1/../../../../arm-none-eabi/lib/thumb/v7e-m/fpv4-sp/hard/libstdc++_nano.a
LOAD /usr/local/gcc-arm-none-eabi-7-2017-q4-major/bin/../lib/gcc/arm-none-eabi/7.2.1/../../../../arm-none-eabi/lib/thumb/v7e-m/fpv4-sp/hard/libm.a
START GROUP
LOAD /usr/local/gcc-arm-none-eabi-7-2017-q4-major/bin/../lib/gcc/arm-none-eabi/7.2.1/thumb/v7e-m/fpv4-sp/hard/libgcc.a
LOAD /usr/local/gcc-arm-none-eabi-7-2017-q4-major/bin/../lib/gcc/arm-none-eabi/7.2.1/../../../../arm-none-eabi/lib/thumb/v7e-m/fpv4-sp/hard/libc_nano.a
END GROUP
START GROUP
LOAD /usr/local/gcc-arm-none-eabi-7-2017-q4-major/bin/../lib/gcc/arm-none-eabi/7.2.1/thumb/v7e-m/fpv4-sp/hard/libgcc.a
LOAD /usr/local/gcc-arm-none-eabi-7-2017-q4-major/bin/../lib/gcc/arm-none-eabi/7.2.1/../../../../arm-none-eabi/lib/thumb/v7e-m/fpv4-sp/hard/libc_nano.a
LOAD /usr/local/gcc-arm-none-eabi-7-2017-q4-major/bin/../lib/gcc/arm-none-eabi/7.2.1/../../../../arm-none-eabi/lib/thumb/v7e-m/fpv4-sp/hard/libnosys.a
END GROUP
START GROUP
LOAD /usr/local/gcc-arm-none-eabi-7-2017-q4-major/bin/../lib/gcc/arm-none-eabi/7.2.1/thumb/v7e-m/fpv4-sp/hard/libgcc.a
LOAD /usr/local/gcc-arm-none-eabi-7-2017-q4-major/bin/../lib/gcc/arm-none-eabi/7.2.1/../../../../arm-none-eabi/lib/thumb/v7e-m/fpv4-sp/hard/libc_nano.a
LOAD /usr/local/gcc-arm-none-eabi-7-2017-q4-major/bin/../lib/gcc/arm-none-eabi/7.2.1/../../../../arm-none-eabi/lib/thumb/v7e-m/fpv4-sp/hard/libnosys.a
END GROUP
LOAD /usr/local/gcc-arm-none-eabi-7-2017-q4-major/bin/../lib/gcc/arm-none-eabi/7.2.1/thumb/v7e-m/fpv4-sp/hard/crtend.o
LOAD /usr/local/gcc-arm-none-eabi-7-2017-q4-major/bin/../lib/gcc/arm-none-eabi/7.2.1/thumb/v7e-m/fpv4-sp/hard/crtn.o
                0x0000000020008000                _estack = 0x20008000
                0x0000000000000200                _Min_Heap_Size = 0x200
                0x0000000000000400                _Min_Stack_Size = 0x400

.isr_vector     0x0000000008000000      0x188
                0x0000000008000000                . = ALIGN (0x4)
 *(.isr_vector)
 .isr_vector    0x0000000008000000      0x188 build/sync/startup_stm32f373xc.o
                0x0000000008000000                g_pfnVectors
                0x0000000008000188                . = ALIGN (0x4)

.text           0x0000000008000188     0xc07c
                0x0000000008000188                . = ALIGN (0x4)
 *(.text)
 .text          0x0000000008000188       0x40 /usr/local/gcc-arm-none-eabi-7-2017-q4-major/bin/../lib/gcc/arm-none-eabi/7.2.1/thumb/v7e-m/fpv4-sp/hard/crtbegin.o
 .text          0x00000000080001c8       0x30 /usr/local/gcc-arm-none-eabi-7-2017-q4-major/bin/../lib/gcc/arm-none-eabi/7.2.1/thumb/v7e-m/fpv4-sp/hard/libgcc.a(_aeabi_uldivmod.o)
                0x00000000080001c8                __aeabi_uldivmod
 .text          0x00000000080001f8      0x2cc /usr/local/gcc-arm-none-eabi-7-2017-q4-major/bin/../lib/gcc/arm-none-eabi/7.2.1/thumb/v7e-m/fpv4-sp/hard/libgcc.a(_udivmoddi4.o)
                0x00000000080001f8                __udivmoddi4
 .text          0x00000000080004c4        0x4 /usr/local/gcc-arm-none-eabi-7-2017-q4-major/bin/../lib/gcc/arm-none-eabi/7.2.1/thumb/v7e-m/fpv4-sp/hard/libgcc.a(_dvmd_tls.o)
                0x00000000080004c4                __aeabi_ldiv0
                0x00000000080004c4                __aeabi_idiv0
 *(.text*)
 .text._Z15dacTimerHandlerPv
                0x00000000080004c8        0x4 build/sync/interrupt_link.o
                0x00000000080004c8                dacTimerHandler(void*)
 .text._Z14uiTimerHandlerPv
                0x00000000080004cc        0xc build/sync/interrupt_link.o
                0x00000000080004cc                uiTimerHandler(void*)
 .text._Z21mainRisingEdgeHandlerPv
                0x00000000080004d8        0x4 build/sync/interrupt_link.o
                0x00000000080004d8                mainRisingEdgeHandler(void*)
 .text._Z22mainFallingEdgeHandlerPv
                0x00000000080004dc        0x4 build/sync/interrupt_link.o
                0x00000000080004dc                mainFallingEdgeHandler(void*)
 .text._Z20auxRisingEdgeHandlerPv
                0x00000000080004e0        0x4 build/sync/interrupt_link.o
                0x00000000080004e0                auxRisingEdgeHandler(void*)
 .text._Z21auxFallingEdgeHandlerPv
                0x00000000080004e4        0x4 build/sync/interrupt_link.o
                0x00000000080004e4                auxFallingEdgeHandler(void*)
 .text._Z20buttonPressedHandlerPv
                0x00000000080004e8        0x4 build/sync/interrupt_link.o
                0x00000000080004e8                buttonPressedHandler(void*)
 .text._Z21buttonReleasedHandlerPv
                0x00000000080004ec        0x4 build/sync/interrupt_link.o
                0x00000000080004ec                buttonReleasedHandler(void*)
 .text._Z28adcConversionCompleteHandlerPv
                0x00000000080004f0        0x4 build/sync/interrupt_link.o
                0x00000000080004f0                adcConversionCompleteHandler(void*)
 .text._Z22dacHalfTransferHandlerPv
                0x00000000080004f4        0x4 build/sync/interrupt_link.o
                0x00000000080004f4                dacHalfTransferHandler(void*)
 .text._Z26dacTransferCompleteHandlerPv
                0x00000000080004f8        0x4 build/sync/interrupt_link.o
                0x00000000080004f8                dacTransferCompleteHandler(void*)
 .text._Z25auxTimer1InterruptHandlerPv
                0x00000000080004fc        0x4 build/sync/interrupt_link.o
                0x00000000080004fc                auxTimer1InterruptHandler(void*)
 .text._Z25auxTimer2InterruptHandlerPv
                0x0000000008000500        0x4 build/sync/interrupt_link.o
                0x0000000008000500                auxTimer2InterruptHandler(void*)
 .text._Z31sdaadcConversionCompleteHandlerPv
                0x0000000008000504        0x4 build/sync/interrupt_link.o
                0x0000000008000504                sdaadcConversionCompleteHandler(void*)
 .text._Z14linkInterruptsP7ViaSync
                0x0000000008000508       0x80 build/sync/interrupt_link.o
                0x0000000008000508                linkInterrupts(ViaSync*)
 .text._ZN9ViaModule12ioStreamInitEv
                0x0000000008000588       0xcc build/sync/main.o
                0x0000000008000588                ViaModule::ioStreamInit()
 .text._Z18SystemClock_Configv
                0x0000000008000654       0x9c build/sync/main.o
                0x0000000008000654                SystemClock_Config()
 .text.startup.main
                0x00000000080006f0      0x4ec build/sync/main.o
                0x00000000080006f0                main
 .text._Error_Handler
                0x0000000008000bdc        0x4 build/sync/main.o
                0x0000000008000bdc                _Error_Handler
 .text._Z16mainHardwareInitv
                0x0000000008000be0       0xf8 build/sync/main_hardware_init.o
                0x0000000008000be0                mainHardwareInit()
 .text.NMI_Handler
                0x0000000008000cd8        0x4 build/sync/stm32f3xx_it.o
                0x0000000008000cd8                NMI_Handler
 .text.HardFault_Handler
                0x0000000008000cdc        0x4 build/sync/stm32f3xx_it.o
                0x0000000008000cdc                HardFault_Handler
 .text.MemManage_Handler
                0x0000000008000ce0        0x4 build/sync/stm32f3xx_it.o
                0x0000000008000ce0                MemManage_Handler
 .text.BusFault_Handler
                0x0000000008000ce4        0x4 build/sync/stm32f3xx_it.o
                0x0000000008000ce4                BusFault_Handler
 .text.UsageFault_Handler
                0x0000000008000ce8        0x4 build/sync/stm32f3xx_it.o
                0x0000000008000ce8                UsageFault_Handler
 .text.SVC_Handler
                0x0000000008000cec        0x4 build/sync/stm32f3xx_it.o
                0x0000000008000cec                SVC_Handler
 .text.DebugMon_Handler
                0x0000000008000cf0        0x4 build/sync/stm32f3xx_it.o
                0x0000000008000cf0                DebugMon_Handler
 .text.PendSV_Handler
                0x0000000008000cf4        0x4 build/sync/stm32f3xx_it.o
                0x0000000008000cf4                PendSV_Handler
 .text.SysTick_Handler
                0x0000000008000cf8        0x4 build/sync/stm32f3xx_it.o
                0x0000000008000cf8                SysTick_Handler
 .text.DMA1_Channel3_IRQHandler
                0x0000000008000cfc       0x24 build/sync/stm32f3xx_it.o
                0x0000000008000cfc                DMA1_Channel3_IRQHandler
 .text.DMA1_Channel4_IRQHandler
                0x0000000008000d20       0x24 build/sync/stm32f3xx_it.o
                0x0000000008000d20                DMA1_Channel4_IRQHandler
 .text.DMA2_Channel3_IRQHandler
                0x0000000008000d44       0x14 build/sync/stm32f3xx_it.o
                0x0000000008000d44                DMA2_Channel3_IRQHandler
 .text.DMA2_Channel4_IRQHandler
                0x0000000008000d58       0x14 build/sync/stm32f3xx_it.o
                0x0000000008000d58                DMA2_Channel4_IRQHandler
 .text.HAL_ADC_ConvCpltCallback
                0x0000000008000d6c        0x4 build/sync/stm32f3xx_hal_adc.o
                0x0000000008000d6c                HAL_ADC_ConvCpltCallback
 .text.HAL_ADC_ConvHalfCpltCallback
                0x0000000008000d70        0x4 build/sync/stm32f3xx_hal_adc.o
                0x0000000008000d70                HAL_ADC_ConvHalfCpltCallback
 .text.HAL_ADC_ErrorCallback
                0x0000000008000d74        0x4 build/sync/stm32f3xx_hal_adc.o
                0x0000000008000d74                HAL_ADC_ErrorCallback
 .text.ADC_DMAError
                0x0000000008000d78       0x18 build/sync/stm32f3xx_hal_adc_ex.o
 .text.ADC_DMAHalfConvCplt
                0x0000000008000d90        0x8 build/sync/stm32f3xx_hal_adc_ex.o
 .text.ADC_DMAConvCplt
                0x0000000008000d98       0x4c build/sync/stm32f3xx_hal_adc_ex.o
 .text.HAL_ADC_Init
                0x0000000008000de4      0x180 build/sync/stm32f3xx_hal_adc_ex.o
                0x0000000008000de4                HAL_ADC_Init
 .text.HAL_ADC_Start_DMA
                0x0000000008000f64      0x124 build/sync/stm32f3xx_hal_adc_ex.o
                0x0000000008000f64                HAL_ADC_Start_DMA
 .text.HAL_ADC_ConfigChannel
                0x0000000008001088      0x110 build/sync/stm32f3xx_hal_adc_ex.o
                0x0000000008001088                HAL_ADC_ConfigChannel
 .text.HAL_MspInit
                0x0000000008001198        0x4 build/sync/stm32f3xx_hal.o
                0x0000000008001198                HAL_MspInit
 .text.HAL_InitTick
                0x000000000800119c       0x2c build/sync/stm32f3xx_hal.o
                0x000000000800119c                HAL_InitTick
 .text.HAL_Init
                0x00000000080011c8       0x24 build/sync/stm32f3xx_hal.o
                0x00000000080011c8                HAL_Init
 .text.HAL_IncTick
                0x00000000080011ec       0x10 build/sync/stm32f3xx_hal.o
                0x00000000080011ec                HAL_IncTick
 .text.HAL_GetTick
                0x00000000080011fc        0xc build/sync/stm32f3xx_hal.o
                0x00000000080011fc                HAL_GetTick
 .text.HAL_Delay
                0x0000000008001208       0x24 build/sync/stm32f3xx_hal.o
                0x0000000008001208                HAL_Delay
 .text.HAL_NVIC_SetPriorityGrouping
                0x000000000800122c       0x24 build/sync/stm32f3xx_hal_cortex.o
                0x000000000800122c                HAL_NVIC_SetPriorityGrouping
 .text.HAL_NVIC_SetPriority
                0x0000000008001250       0x6c build/sync/stm32f3xx_hal_cortex.o
                0x0000000008001250                HAL_NVIC_SetPriority
 .text.HAL_NVIC_EnableIRQ
                0x00000000080012bc       0x18 build/sync/stm32f3xx_hal_cortex.o
                0x00000000080012bc                HAL_NVIC_EnableIRQ
 .text.HAL_SYSTICK_Config
                0x00000000080012d4       0x34 build/sync/stm32f3xx_hal_cortex.o
                0x00000000080012d4                HAL_SYSTICK_Config
 .text.HAL_SYSTICK_CLKSourceConfig
                0x0000000008001308       0x18 build/sync/stm32f3xx_hal_cortex.o
                0x0000000008001308                HAL_SYSTICK_CLKSourceConfig
 .text.HAL_DAC_Init
                0x0000000008001320       0x2c build/sync/stm32f3xx_hal_dac.o
                0x0000000008001320                HAL_DAC_Init
 .text.HAL_DAC_ConvCpltCallbackCh1
                0x000000000800134c        0x4 build/sync/stm32f3xx_hal_dac.o
                0x000000000800134c                HAL_DAC_ConvCpltCallbackCh1
 .text.HAL_DAC_ConvHalfCpltCallbackCh1
                0x0000000008001350        0x4 build/sync/stm32f3xx_hal_dac.o
                0x0000000008001350                HAL_DAC_ConvHalfCpltCallbackCh1
 .text.HAL_DAC_ErrorCallbackCh1
                0x0000000008001354        0x4 build/sync/stm32f3xx_hal_dac.o
                0x0000000008001354                HAL_DAC_ErrorCallbackCh1
 .text.DAC_DMAErrorCh1
                0x0000000008001358       0x18 build/sync/stm32f3xx_hal_dac_ex.o
 .text.DAC_DMAHalfConvCpltCh1
                0x0000000008001370        0x8 build/sync/stm32f3xx_hal_dac_ex.o
 .text.DAC_DMAConvCpltCh1
                0x0000000008001378       0x10 build/sync/stm32f3xx_hal_dac_ex.o
 .text.HAL_DAC_Start_DMA
                0x0000000008001388       0xec build/sync/stm32f3xx_hal_dac_ex.o
                0x0000000008001388                HAL_DAC_Start_DMA
 .text.HAL_DAC_ConfigChannel
                0x0000000008001474       0x48 build/sync/stm32f3xx_hal_dac_ex.o
                0x0000000008001474                HAL_DAC_ConfigChannel
 .text.HAL_DACEx_ConvCpltCallbackCh2
                0x00000000080014bc        0x4 build/sync/stm32f3xx_hal_dac_ex.o
                0x00000000080014bc                HAL_DACEx_ConvCpltCallbackCh2
 .text.DAC_DMAConvCpltCh2
                0x00000000080014c0       0x10 build/sync/stm32f3xx_hal_dac_ex.o
 .text.HAL_DACEx_ConvHalfCpltCallbackCh2
                0x00000000080014d0        0x4 build/sync/stm32f3xx_hal_dac_ex.o
                0x00000000080014d0                HAL_DACEx_ConvHalfCpltCallbackCh2
 .text.DAC_DMAHalfConvCpltCh2
                0x00000000080014d4        0xc build/sync/stm32f3xx_hal_dac_ex.o
 .text.HAL_DACEx_ErrorCallbackCh2
                0x00000000080014e0        0x4 build/sync/stm32f3xx_hal_dac_ex.o
                0x00000000080014e0                HAL_DACEx_ErrorCallbackCh2
 .text.DAC_DMAErrorCh2
                0x00000000080014e4       0x18 build/sync/stm32f3xx_hal_dac_ex.o
 .text.HAL_DMA_Init
                0x00000000080014fc       0x94 build/sync/stm32f3xx_hal_dma.o
                0x00000000080014fc                HAL_DMA_Init
 .text.HAL_DMA_Start_IT
                0x0000000008001590       0x80 build/sync/stm32f3xx_hal_dma.o
                0x0000000008001590                HAL_DMA_Start_IT
 .text.HAL_FLASH_Program
                0x0000000008001610      0x194 build/sync/stm32f3xx_hal_flash.o
                0x0000000008001610                HAL_FLASH_Program
 .text.HAL_FLASH_Unlock
                0x00000000080017a4       0x24 build/sync/stm32f3xx_hal_flash.o
                0x00000000080017a4                HAL_FLASH_Unlock
 .text.HAL_FLASH_Lock
                0x00000000080017c8       0x14 build/sync/stm32f3xx_hal_flash.o
                0x00000000080017c8                HAL_FLASH_Lock
 .text.HAL_FLASH_OB_Unlock
                0x00000000080017dc       0x24 build/sync/stm32f3xx_hal_flash.o
                0x00000000080017dc                HAL_FLASH_OB_Unlock
 .text.HAL_FLASH_OB_Launch
                0x0000000008001800       0x88 build/sync/stm32f3xx_hal_flash.o
                0x0000000008001800                HAL_FLASH_OB_Launch
 .text.FLASH_WaitForLastOperation
                0x0000000008001888       0x8c build/sync/stm32f3xx_hal_flash.o
                0x0000000008001888                FLASH_WaitForLastOperation
 .text.HAL_FLASHEx_Erase
                0x0000000008001914       0xcc build/sync/stm32f3xx_hal_flash_ex.o
                0x0000000008001914                HAL_FLASHEx_Erase
 .text.HAL_FLASHEx_OBErase
                0x00000000080019e0       0xac build/sync/stm32f3xx_hal_flash_ex.o
                0x00000000080019e0                HAL_FLASHEx_OBErase
 .text.HAL_FLASHEx_OBProgram
                0x0000000008001a8c      0x2a8 build/sync/stm32f3xx_hal_flash_ex.o
                0x0000000008001a8c                HAL_FLASHEx_OBProgram
 .text.HAL_FLASHEx_OBGetConfig
                0x0000000008001d34       0x40 build/sync/stm32f3xx_hal_flash_ex.o
                0x0000000008001d34                HAL_FLASHEx_OBGetConfig
 .text.HAL_FLASHEx_OBGetUserData
                0x0000000008001d74       0x3c build/sync/stm32f3xx_hal_flash_ex.o
                0x0000000008001d74                HAL_FLASHEx_OBGetUserData
 .text.HAL_GPIO_Init
                0x0000000008001db0      0x1b8 build/sync/stm32f3xx_hal_gpio.o
                0x0000000008001db0                HAL_GPIO_Init
 .text.HAL_GPIO_DeInit
                0x0000000008001f68      0x128 build/sync/stm32f3xx_hal_gpio.o
                0x0000000008001f68                HAL_GPIO_DeInit
 .text.HAL_GPIO_WritePin
                0x0000000008002090        0xc build/sync/stm32f3xx_hal_gpio.o
                0x0000000008002090                HAL_GPIO_WritePin
 .text.HAL_GPIO_EXTI_Callback
                0x000000000800209c        0x4 build/sync/stm32f3xx_hal_gpio.o
                0x000000000800209c                HAL_GPIO_EXTI_Callback
 .text.HAL_GPIO_EXTI_IRQHandler
                0x00000000080020a0       0x18 build/sync/stm32f3xx_hal_gpio.o
                0x00000000080020a0                HAL_GPIO_EXTI_IRQHandler
 .text.HAL_PWREx_EnableSDADC
                0x00000000080020b8       0x2c build/sync/stm32f3xx_hal_pwr_ex.o
                0x00000000080020b8                HAL_PWREx_EnableSDADC
 .text.HAL_RCC_OscConfig
                0x00000000080020e4      0x59c build/sync/stm32f3xx_hal_rcc.o
                0x00000000080020e4                HAL_RCC_OscConfig
 .text.HAL_RCC_ClockConfig
                0x0000000008002680      0x1fc build/sync/stm32f3xx_hal_rcc.o
                0x0000000008002680                HAL_RCC_ClockConfig
 .text.HAL_RCC_GetHCLKFreq
                0x000000000800287c        0xc build/sync/stm32f3xx_hal_rcc.o
                0x000000000800287c                HAL_RCC_GetHCLKFreq
 .text.HAL_RCCEx_PeriphCLKConfig
                0x0000000008002888      0x1d8 build/sync/stm32f3xx_hal_rcc_ex.o
                0x0000000008002888                HAL_RCCEx_PeriphCLKConfig
 .text.HAL_SDADC_Init
                0x0000000008002a60       0x98 build/sync/stm32f3xx_hal_sdadc.o
                0x0000000008002a60                HAL_SDADC_Init
 .text.HAL_SDADC_PrepareChannelConfig
                0x0000000008002af8       0x6c build/sync/stm32f3xx_hal_sdadc.o
                0x0000000008002af8                HAL_SDADC_PrepareChannelConfig
 .text.HAL_SDADC_AssociateChannelConfig
                0x0000000008002b64       0x80 build/sync/stm32f3xx_hal_sdadc.o
                0x0000000008002b64                HAL_SDADC_AssociateChannelConfig
 .text.HAL_SDADC_ConfigChannel
                0x0000000008002be4       0x4c build/sync/stm32f3xx_hal_sdadc.o
                0x0000000008002be4                HAL_SDADC_ConfigChannel
 .text.HAL_SDADC_SelectRegularTrigger
                0x0000000008002c30       0x2c build/sync/stm32f3xx_hal_sdadc.o
                0x0000000008002c30                HAL_SDADC_SelectRegularTrigger
 .text.HAL_SDADC_CalibrationStart
                0x0000000008002c5c       0x68 build/sync/stm32f3xx_hal_sdadc.o
                0x0000000008002c5c                HAL_SDADC_CalibrationStart
 .text.HAL_SDADC_PollForCalibEvent
                0x0000000008002cc4       0x4c build/sync/stm32f3xx_hal_sdadc.o
                0x0000000008002cc4                HAL_SDADC_PollForCalibEvent
 .text.HAL_SDADC_Start_DMA
                0x0000000008002d10      0x104 build/sync/stm32f3xx_hal_sdadc.o
                0x0000000008002d10                HAL_SDADC_Start_DMA
 .text.HAL_SDADC_ConvHalfCpltCallback
                0x0000000008002e14        0x4 build/sync/stm32f3xx_hal_sdadc.o
                0x0000000008002e14                HAL_SDADC_ConvHalfCpltCallback
 .text.SDADC_DMARegularHalfConvCplt
                0x0000000008002e18        0xc build/sync/stm32f3xx_hal_sdadc.o
 .text.HAL_SDADC_ConvCpltCallback
                0x0000000008002e24        0x4 build/sync/stm32f3xx_hal_sdadc.o
                0x0000000008002e24                HAL_SDADC_ConvCpltCallback
 .text.SDADC_DMARegularConvCplt
                0x0000000008002e28        0xc build/sync/stm32f3xx_hal_sdadc.o
 .text.HAL_SDADC_ErrorCallback
                0x0000000008002e34        0x4 build/sync/stm32f3xx_hal_sdadc.o
                0x0000000008002e34                HAL_SDADC_ErrorCallback
 .text.SDADC_DMAError
                0x0000000008002e38       0x10 build/sync/stm32f3xx_hal_sdadc.o
 .text.HAL_TIM_Base_Init
                0x0000000008002e48       0xe4 build/sync/stm32f3xx_hal_tim.o
                0x0000000008002e48                HAL_TIM_Base_Init
 .text.HAL_TIM_Base_Start
                0x0000000008002f2c       0x20 build/sync/stm32f3xx_hal_tim.o
                0x0000000008002f2c                HAL_TIM_Base_Start
 .text.HAL_TIM_Base_Start_IT
                0x0000000008002f4c       0x18 build/sync/stm32f3xx_hal_tim.o
                0x0000000008002f4c                HAL_TIM_Base_Start_IT
 .text.HAL_TIM_PWM_Init
                0x0000000008002f64       0xe4 build/sync/stm32f3xx_hal_tim.o
                0x0000000008002f64                HAL_TIM_PWM_Init
 .text.HAL_TIM_PWM_Start
                0x0000000008003048       0x4c build/sync/stm32f3xx_hal_tim.o
                0x0000000008003048                HAL_TIM_PWM_Start
 .text.HAL_TIM_IC_Init
                0x0000000008003094       0xe4 build/sync/stm32f3xx_hal_tim.o
                0x0000000008003094                HAL_TIM_IC_Init
 .text.HAL_TIM_IC_Start_IT
                0x0000000008003178       0x60 build/sync/stm32f3xx_hal_tim.o
                0x0000000008003178                HAL_TIM_IC_Start_IT
 .text.HAL_TIM_IC_ConfigChannel
                0x00000000080031d8      0x184 build/sync/stm32f3xx_hal_tim.o
                0x00000000080031d8                HAL_TIM_IC_ConfigChannel
 .text.HAL_TIM_PWM_ConfigChannel
                0x000000000800335c      0x214 build/sync/stm32f3xx_hal_tim.o
                0x000000000800335c                HAL_TIM_PWM_ConfigChannel
 .text.HAL_TIM_ConfigClockSource
                0x0000000008003570      0x184 build/sync/stm32f3xx_hal_tim.o
                0x0000000008003570                HAL_TIM_ConfigClockSource
 .text.HAL_TIM_PeriodElapsedCallback
                0x00000000080036f4        0x4 build/sync/stm32f3xx_hal_tim.o
                0x00000000080036f4                HAL_TIM_PeriodElapsedCallback
 .text.HAL_TIM_OC_DelayElapsedCallback
                0x00000000080036f8        0x4 build/sync/stm32f3xx_hal_tim.o
                0x00000000080036f8                HAL_TIM_OC_DelayElapsedCallback
 .text.HAL_TIM_IC_CaptureCallback
                0x00000000080036fc        0x4 build/sync/stm32f3xx_hal_tim.o
                0x00000000080036fc                HAL_TIM_IC_CaptureCallback
 .text.HAL_TIM_PWM_PulseFinishedCallback
                0x0000000008003700        0x4 build/sync/stm32f3xx_hal_tim.o
                0x0000000008003700                HAL_TIM_PWM_PulseFinishedCallback
 .text.HAL_TIM_TriggerCallback
                0x0000000008003704        0x4 build/sync/stm32f3xx_hal_tim.o
                0x0000000008003704                HAL_TIM_TriggerCallback
 .text.HAL_TIM_IRQHandler
                0x0000000008003708      0x154 build/sync/stm32f3xx_hal_tim.o
                0x0000000008003708                HAL_TIM_IRQHandler
 .text.HAL_TIMEx_MasterConfigSynchronization
                0x000000000800385c       0x4c build/sync/stm32f3xx_hal_tim_ex.o
                0x000000000800385c                HAL_TIMEx_MasterConfigSynchronization
 .text.HAL_TIMEx_CommutationCallback
                0x00000000080038a8        0x4 build/sync/stm32f3xx_hal_tim_ex.o
                0x00000000080038a8                HAL_TIMEx_CommutationCallback
 .text.HAL_TIMEx_BreakCallback
                0x00000000080038ac        0x4 build/sync/stm32f3xx_hal_tim_ex.o
                0x00000000080038ac                HAL_TIMEx_BreakCallback
 .text.HAL_TSC_Init
                0x00000000080038b0       0xdc build/sync/stm32f3xx_hal_tsc.o
                0x00000000080038b0                HAL_TSC_Init
 .text.TIM12_IRQHandler
                0x000000000800398c       0x34 build/sync/user_interrupts.o
                0x000000000800398c                TIM12_IRQHandler
 .text.EXTI15_10_IRQHandler
                0x00000000080039c0       0x30 build/sync/user_interrupts.o
                0x00000000080039c0                EXTI15_10_IRQHandler
 .text.EXTI1_IRQHandler
                0x00000000080039f0       0x60 build/sync/user_interrupts.o
                0x00000000080039f0                EXTI1_IRQHandler
 .text.TIM16_IRQHandler
                0x0000000008003a50       0x80 build/sync/user_interrupts.o
                0x0000000008003a50                TIM16_IRQHandler
 .text.TIM17_IRQHandler
                0x0000000008003ad0       0x40 build/sync/user_interrupts.o
                0x0000000008003ad0                TIM17_IRQHandler
 .text.TIM18_DAC2_IRQHandler
                0x0000000008003b10       0x24 build/sync/user_interrupts.o
                0x0000000008003b10                TIM18_DAC2_IRQHandler
 .text.TIM13_IRQHandler
                0x0000000008003b34       0x18 build/sync/user_interrupts.o
                0x0000000008003b34                TIM13_IRQHandler
 .text.TIM7_IRQHandler
                0x0000000008003b4c       0x24 build/sync/user_interrupts.o
                0x0000000008003b4c                TIM7_IRQHandler
 .text.DMA1_Channel1_IRQHandler
                0x0000000008003b70       0x28 build/sync/user_interrupts.o
                0x0000000008003b70                DMA1_Channel1_IRQHandler
 .text.DMA1_Channel5_IRQHandler
                0x0000000008003b98       0x38 build/sync/user_interrupts.o
                0x0000000008003b98                DMA1_Channel5_IRQHandler
 .text.Reset_Handler
                0x0000000008003bd0       0x50 build/sync/startup_stm32f373xc.o
                0x0000000008003bd0                Reset_Handler
 .text.Default_Handler
                0x0000000008003c20        0x2 build/sync/startup_stm32f373xc.o
                0x0000000008003c20                RTC_Alarm_IRQHandler
                0x0000000008003c20                USB_HP_IRQHandler
                0x0000000008003c20                PVD_IRQHandler
                0x0000000008003c20                TAMP_STAMP_IRQHandler
                0x0000000008003c20                EXTI3_IRQHandler
                0x0000000008003c20                EXTI0_IRQHandler
                0x0000000008003c20                I2C2_EV_IRQHandler
                0x0000000008003c20                FPU_IRQHandler
                0x0000000008003c20                CAN_TX_IRQHandler
                0x0000000008003c20                SPI1_IRQHandler
                0x0000000008003c20                CAN_SCE_IRQHandler
                0x0000000008003c20                DMA2_Channel2_IRQHandler
                0x0000000008003c20                ADC1_IRQHandler
                0x0000000008003c20                USART3_IRQHandler
                0x0000000008003c20                DMA1_Channel7_IRQHandler
                0x0000000008003c20                TIM4_IRQHandler
                0x0000000008003c20                CAN_RX1_IRQHandler
                0x0000000008003c20                DMA2_Channel1_IRQHandler
                0x0000000008003c20                I2C1_EV_IRQHandler
                0x0000000008003c20                DMA1_Channel6_IRQHandler
                0x0000000008003c20                TIM3_IRQHandler
                0x0000000008003c20                RCC_IRQHandler
                0x0000000008003c20                Default_Handler
                0x0000000008003c20                CEC_IRQHandler
                0x0000000008003c20                TIM14_IRQHandler
                0x0000000008003c20                TIM5_IRQHandler
                0x0000000008003c20                SDADC2_IRQHandler
                0x0000000008003c20                TIM15_IRQHandler
                0x0000000008003c20                TIM6_DAC1_IRQHandler
                0x0000000008003c20                EXTI9_5_IRQHandler
                0x0000000008003c20                RTC_WKUP_IRQHandler
                0x0000000008003c20                SPI2_IRQHandler
                0x0000000008003c20                DMA2_Channel5_IRQHandler
                0x0000000008003c20                USB_LP_IRQHandler
                0x0000000008003c20                EXTI4_IRQHandler
                0x0000000008003c20                COMP1_2_IRQHandler
                0x0000000008003c20                WWDG_IRQHandler
                0x0000000008003c20                SDADC1_IRQHandler
                0x0000000008003c20                TIM2_IRQHandler
                0x0000000008003c20                SDADC3_IRQHandler
                0x0000000008003c20                USART2_IRQHandler
                0x0000000008003c20                TIM19_IRQHandler
                0x0000000008003c20                I2C2_ER_IRQHandler
                0x0000000008003c20                DMA1_Channel2_IRQHandler
                0x0000000008003c20                FLASH_IRQHandler
                0x0000000008003c20                USART1_IRQHandler
                0x0000000008003c20                SPI3_IRQHandler
                0x0000000008003c20                CAN_RX0_IRQHandler
                0x0000000008003c20                I2C1_ER_IRQHandler
                0x0000000008003c20                USBWakeUp_IRQHandler
                0x0000000008003c20                EXTI2_TSC_IRQHandler
 *fill*         0x0000000008003c22        0x2 
 .text._ZN7ViaSync4initEv
                0x0000000008003c24      0x4a0 build/hardware_drivers//libhardware_drivers.a(sync_init.o)
                0x0000000008003c24                ViaSync::init()
 .text._ZN7ViaSync22mainRisingEdgeCallbackEv
                0x00000000080040c4       0xc0 build/hardware_drivers//libhardware_drivers.a(sync_interrupt_handlers.o)
                0x00000000080040c4                ViaSync::mainRisingEdgeCallback()
 .text._ZN7ViaSync23mainFallingEdgeCallbackEv
                0x0000000008004184       0x1c build/hardware_drivers//libhardware_drivers.a(sync_interrupt_handlers.o)
                0x0000000008004184                ViaSync::mainFallingEdgeCallback()
 .text._ZN7ViaSync21auxRisingEdgeCallbackEv
                0x00000000080041a0       0x5c build/hardware_drivers//libhardware_drivers.a(sync_interrupt_handlers.o)
                0x00000000080041a0                ViaSync::auxRisingEdgeCallback()
 .text._ZN7ViaSync22auxFallingEdgeCallbackEv
                0x00000000080041fc        0x4 build/hardware_drivers//libhardware_drivers.a(sync_interrupt_handlers.o)
                0x00000000080041fc                ViaSync::auxFallingEdgeCallback()
 .text._ZN7ViaSync21buttonPressedCallbackEv
                0x0000000008004200       0xa8 build/hardware_drivers//libhardware_drivers.a(sync_interrupt_handlers.o)
                0x0000000008004200                ViaSync::buttonPressedCallback()
 .text._ZN7ViaSync22buttonReleasedCallbackEv
                0x00000000080042a8        0xc build/hardware_drivers//libhardware_drivers.a(sync_interrupt_handlers.o)
                0x00000000080042a8                ViaSync::buttonReleasedCallback()
 .text._ZN7ViaSync26auxTimer1InterruptCallbackEv
                0x00000000080042b4       0x18 build/hardware_drivers//libhardware_drivers.a(sync_interrupt_handlers.o)
                0x00000000080042b4                ViaSync::auxTimer1InterruptCallback()
 .text._ZN7ViaSync26auxTimer2InterruptCallbackEv
                0x00000000080042cc       0x1c build/hardware_drivers//libhardware_drivers.a(sync_interrupt_handlers.o)
                0x00000000080042cc                ViaSync::auxTimer2InterruptCallback()
 .text._ZN7ViaSync20halfTransferCallbackEv
                0x00000000080042e8      0x294 build/hardware_drivers//libhardware_drivers.a(sync_interrupt_handlers.o)
                0x00000000080042e8                ViaSync::halfTransferCallback()
 .text._ZN7ViaSync24transferCompleteCallbackEv
                0x000000000800457c      0x298 build/hardware_drivers//libhardware_drivers.a(sync_interrupt_handlers.o)
                0x000000000800457c                ViaSync::transferCompleteCallback()
 .text._ZN7ViaSync22slowConversionCallbackEv
                0x0000000008004814      0x108 build/hardware_drivers//libhardware_drivers.a(sync_interrupt_handlers.o)
                0x0000000008004814                ViaSync::slowConversionCallback()
 .text._ZN7ViaSync16initializeScalesEv
                0x000000000800491c       0xcc build/hardware_drivers//libhardware_drivers.a(sync_scales.o)
                0x000000000800491c                ViaSync::initializeScales()
 .text._ZN7ViaSync18fillWavetableArrayEv
                0x00000000080049e8      0x100 build/hardware_drivers//libhardware_drivers.a(sync_table_init.o)
                0x00000000080049e8                ViaSync::fillWavetableArray()
 .text._ZN7ViaSync15switchWavetableEPK9Wavetable
                0x0000000008004ae8      0x244 build/hardware_drivers//libhardware_drivers.a(sync_table_init.o)
                0x0000000008004ae8                ViaSync::switchWavetable(Wavetable const*)
 .text._ZN7ViaSync21switchWavetableGlobalEPK9Wavetable
                0x0000000008004d2c      0x244 build/hardware_drivers//libhardware_drivers.a(sync_table_init.o)
                0x0000000008004d2c                ViaSync::switchWavetableGlobal(Wavetable const*)
 .text._ZN5ViaUI19specialMenuCallbackEv
                0x0000000008004f70        0x4 build/hardware_drivers//libhardware_drivers.a(sync_ui_implementation.o)
                0x0000000008004f70                ViaUI::specialMenuCallback()
 .text._ZN7ViaSync9ViaSyncUI15blinkOnCallbackEv
                0x0000000008004f74       0x28 build/hardware_drivers//libhardware_drivers.a(sync_ui_implementation.o)
                0x0000000008004f74                ViaSync::ViaSyncUI::blinkOnCallback()
 .text._ZN7ViaSync9ViaSyncUI16blinkOffCallbackEv
                0x0000000008004f9c       0x1c build/hardware_drivers//libhardware_drivers.a(sync_ui_implementation.o)
                0x0000000008004f9c                ViaSync::ViaSyncUI::blinkOffCallback()
 .text._ZN7ViaSync9ViaSyncUI24defaultEnterMenuCallbackEv
                0x0000000008004fb8       0x38 build/hardware_drivers//libhardware_drivers.a(sync_ui_implementation.o)
                0x0000000008004fb8                ViaSync::ViaSyncUI::defaultEnterMenuCallback()
 .text._ZN7ViaSync9ViaSyncUI24newModeEnterMenuCallbackEv
                0x0000000008004ff0        0x4 build/hardware_drivers//libhardware_drivers.a(sync_ui_implementation.o)
                0x0000000008004ff0                ViaSync::ViaSyncUI::newAuxModeEnterMenuCallback()
                0x0000000008004ff0                ViaSync::ViaSyncUI::newModeEnterMenuCallback()
 .text._ZN7ViaSync9ViaSyncUI23presetEnterMenuCallbackEv
                0x0000000008004ff4       0x48 build/hardware_drivers//libhardware_drivers.a(sync_ui_implementation.o)
                0x0000000008004ff4                ViaSync::ViaSyncUI::presetEnterMenuCallback()
 .text._ZN7ViaSync9ViaSyncUI18aux2AltTapCallbackEv
                0x000000000800503c       0x20 build/hardware_drivers//libhardware_drivers.a(sync_ui_implementation.o)
                0x000000000800503c                ViaSync::ViaSyncUI::aux2AltEnterMenuCallback()
                0x000000000800503c                ViaSync::ViaSyncUI::aux2AltTapCallback()
 .text._ZN7ViaSync9ViaSyncUI19button1HoldCallbackEv
                0x000000000800505c       0x20 build/hardware_drivers//libhardware_drivers.a(sync_ui_implementation.o)
                0x000000000800505c                ViaSync::ViaSyncUI::button4HoldCallback()
                0x000000000800505c                ViaSync::ViaSyncUI::aux4HoldCallback()
                0x000000000800505c                ViaSync::ViaSyncUI::aux3HoldCallback()
                0x000000000800505c                ViaSync::ViaSyncUI::aux1HoldCallback()
                0x000000000800505c                ViaSync::ViaSyncUI::aux2AltHoldCallback()
                0x000000000800505c                ViaSync::ViaSyncUI::aux2HoldCallback()
                0x000000000800505c                ViaSync::ViaSyncUI::button1HoldCallback()
                0x000000000800505c                ViaSync::ViaSyncUI::button2HoldCallback()
                0x000000000800505c                ViaSync::ViaSyncUI::button5HoldCallback()
                0x000000000800505c                ViaSync::ViaSyncUI::button6HoldCallback()
                0x000000000800505c                ViaSync::ViaSyncUI::button3HoldCallback()
 .text._ZN7ViaSync9ViaSyncUID2Ev
                0x000000000800507c        0x4 build/hardware_drivers//libhardware_drivers.a(sync_ui_implementation.o)
                0x000000000800507c                ViaSync::ViaSyncUI::~ViaSyncUI()
                0x000000000800507c                ViaSync::ViaSyncUI::~ViaSyncUI()
 .text._ZN7ViaSync9ViaSyncUI10initializeEv
                0x0000000008005080       0x68 build/hardware_drivers//libhardware_drivers.a(sync_ui_implementation.o)
                0x0000000008005080                ViaSync::ViaSyncUI::initialize()
 .text._ZN7ViaSync9ViaSyncUI17recallModuleStateEv
                0x00000000080050e8      0x180 build/hardware_drivers//libhardware_drivers.a(sync_ui_implementation.o)
                0x00000000080050e8                ViaSync::ViaSyncUI::recallModuleState()
 .text._ZN7ViaSync9ViaSyncUI17writeStockPresetsEv
                0x0000000008005268       0x6c build/hardware_drivers//libhardware_drivers.a(sync_ui_implementation.o)
                0x0000000008005268                ViaSync::ViaSyncUI::writeStockPresets()
 .text._ZN7ViaSync9ViaSyncUID0Ev
                0x00000000080052d4        0xc build/hardware_drivers//libhardware_drivers.a(sync_ui_implementation.o)
                0x00000000080052d4                ViaSync::ViaSyncUI::~ViaSyncUI()
 .text._ZN7ViaSync9ViaSyncUI24button2EnterMenuCallbackEv
                0x00000000080052e0      0x120 build/hardware_drivers//libhardware_drivers.a(sync_ui_implementation.o)
                0x00000000080052e0                ViaSync::ViaSyncUI::button2EnterMenuCallback()
 .text._ZN7ViaSync9ViaSyncUI9uiSetLEDsEi
                0x0000000008005400       0xd8 build/hardware_drivers//libhardware_drivers.a(sync_ui_implementation.o)
                0x0000000008005400                ViaSync::ViaSyncUI::uiSetLEDs(int)
 .text._ZN7ViaSync9ViaSyncUI21aux4EnterMenuCallbackEv
                0x00000000080054d8       0xc4 build/hardware_drivers//libhardware_drivers.a(sync_ui_implementation.o)
                0x00000000080054d8                ViaSync::ViaSyncUI::aux4EnterMenuCallback()
 .text._ZN7ViaSync9ViaSyncUI21aux1EnterMenuCallbackEv
                0x000000000800559c       0xc0 build/hardware_drivers//libhardware_drivers.a(sync_ui_implementation.o)
                0x000000000800559c                ViaSync::ViaSyncUI::aux1EnterMenuCallback()
 .text._ZN7ViaSync9ViaSyncUI21aux2EnterMenuCallbackEv
                0x000000000800565c       0xc4 build/hardware_drivers//libhardware_drivers.a(sync_ui_implementation.o)
                0x000000000800565c                ViaSync::ViaSyncUI::aux2EnterMenuCallback()
 .text._ZN7ViaSync9ViaSyncUI21aux3EnterMenuCallbackEv
                0x0000000008005720       0xc4 build/hardware_drivers//libhardware_drivers.a(sync_ui_implementation.o)
                0x0000000008005720                ViaSync::ViaSyncUI::aux3EnterMenuCallback()
 .text._ZN7ViaSync9ViaSyncUI24button4EnterMenuCallbackEv
                0x00000000080057e4       0xe4 build/hardware_drivers//libhardware_drivers.a(sync_ui_implementation.o)
                0x00000000080057e4                ViaSync::ViaSyncUI::button4EnterMenuCallback()
 .text._ZN7ViaSync9ViaSyncUI24button6EnterMenuCallbackEv
                0x00000000080058c8       0xe4 build/hardware_drivers//libhardware_drivers.a(sync_ui_implementation.o)
                0x00000000080058c8                ViaSync::ViaSyncUI::button6EnterMenuCallback()
 .text._ZN7ViaSync9ViaSyncUI24button1EnterMenuCallbackEv
                0x00000000080059ac       0xe4 build/hardware_drivers//libhardware_drivers.a(sync_ui_implementation.o)
                0x00000000080059ac                ViaSync::ViaSyncUI::button1EnterMenuCallback()
 .text._ZN7ViaSync9ViaSyncUI24button3EnterMenuCallbackEv
                0x0000000008005a90       0xe4 build/hardware_drivers//libhardware_drivers.a(sync_ui_implementation.o)
                0x0000000008005a90                ViaSync::ViaSyncUI::button3EnterMenuCallback()
 .text._ZN7ViaSync9ViaSyncUI24button5EnterMenuCallbackEv
                0x0000000008005b74      0x124 build/hardware_drivers//libhardware_drivers.a(sync_ui_implementation.o)
                0x0000000008005b74                ViaSync::ViaSyncUI::button5EnterMenuCallback()
 .text._ZN7ViaSync9ViaSyncUI15aux4TapCallbackEv
                0x0000000008005c98       0xf8 build/hardware_drivers//libhardware_drivers.a(sync_ui_implementation.o)
                0x0000000008005c98                ViaSync::ViaSyncUI::aux4TapCallback()
 .text._ZN7ViaSync9ViaSyncUI18button1TapCallbackEv
                0x0000000008005d90       0xf0 build/hardware_drivers//libhardware_drivers.a(sync_ui_implementation.o)
                0x0000000008005d90                ViaSync::ViaSyncUI::button1TapCallback()
 .text._ZN7ViaSync9ViaSyncUI18button2TapCallbackEv
                0x0000000008005e80       0xf0 build/hardware_drivers//libhardware_drivers.a(sync_ui_implementation.o)
                0x0000000008005e80                ViaSync::ViaSyncUI::button2TapCallback()
 .text._ZN7ViaSync9ViaSyncUI15aux3TapCallbackEv
                0x0000000008005f70       0xf8 build/hardware_drivers//libhardware_drivers.a(sync_ui_implementation.o)
                0x0000000008005f70                ViaSync::ViaSyncUI::aux3TapCallback()
 .text._ZN7ViaSync9ViaSyncUI15aux1TapCallbackEv
                0x0000000008006068       0xf4 build/hardware_drivers//libhardware_drivers.a(sync_ui_implementation.o)
                0x0000000008006068                ViaSync::ViaSyncUI::aux1TapCallback()
 .text._ZN7ViaSync9ViaSyncUI15aux2TapCallbackEv
                0x000000000800615c       0xf8 build/hardware_drivers//libhardware_drivers.a(sync_ui_implementation.o)
                0x000000000800615c                ViaSync::ViaSyncUI::aux2TapCallback()
 .text._ZN7ViaSync9ViaSyncUI18button3TapCallbackEv
                0x0000000008006254       0xf4 build/hardware_drivers//libhardware_drivers.a(sync_ui_implementation.o)
                0x0000000008006254                ViaSync::ViaSyncUI::button3TapCallback()
 .text._ZN7ViaSync9ViaSyncUI18button4TapCallbackEv
                0x0000000008006348       0xf4 build/hardware_drivers//libhardware_drivers.a(sync_ui_implementation.o)
                0x0000000008006348                ViaSync::ViaSyncUI::button4TapCallback()
 .text._ZN7ViaSync9ViaSyncUI18button5TapCallbackEv
                0x000000000800643c       0xf4 build/hardware_drivers//libhardware_drivers.a(sync_ui_implementation.o)
                0x000000000800643c                ViaSync::ViaSyncUI::button5TapCallback()
 .text._ZN7ViaSync9ViaSyncUI18button6TapCallbackEv
                0x0000000008006530       0xf4 build/hardware_drivers//libhardware_drivers.a(sync_ui_implementation.o)
                0x0000000008006530                ViaSync::ViaSyncUI::button6TapCallback()
 .text._Z13syncTouchLinkPv
                0x0000000008006624        0x8 build/hardware_drivers//libhardware_drivers.a(sync_ui_implementation.o)
                0x0000000008006624                syncTouchLink(void*)
 .text._ZN13PllController13parseControlsEP11ViaControlsP15ViaInputStreams
                0x000000000800662c       0xdc build/hardware_drivers//libhardware_drivers.a(pll_controller.o)
                0x000000000800662c                PllController::parseControls(ViaControls*, ViaInputStreams*)
 .text._ZN13PllController5doPLLEv
                0x0000000008006708      0x150 build/hardware_drivers//libhardware_drivers.a(pll_controller.o)
                0x0000000008006708                PllController::doPLL()
 .text._ZN13PllController17generateFrequencyEv
                0x0000000008006858       0x60 build/hardware_drivers//libhardware_drivers.a(pll_controller.o)
                0x0000000008006858                PllController::generateFrequency()
 .text._ZN13SyncWavetable13parseControlsEP11ViaControls
                0x00000000080068b8        0xc build/hardware_drivers//libhardware_drivers.a(sync_wavetable.o)
                0x00000000080068b8                SyncWavetable::parseControls(ViaControls*)
 .text._ZN13SyncWavetable6splineEPmS0_
                0x00000000080068c4      0x2e0 build/hardware_drivers//libhardware_drivers.a(sync_wavetable.o)
                0x00000000080068c4                SyncWavetable::spline(unsigned long*, unsigned long*)
 .text._ZN13SyncWavetable10oversampleEPmS0_
                0x0000000008006ba4      0x298 build/hardware_drivers//libhardware_drivers.a(sync_wavetable.o)
                0x0000000008006ba4                SyncWavetable::oversample(unsigned long*, unsigned long*)
 .text.linkUI   0x0000000008006e3c       0x14 build/hardware_drivers//libhardware_drivers.a(ui_helpers.o)
                0x0000000008006e3c                linkUI
 .text._ZN5ViaUI21incrementModeAndStoreEllll
                0x0000000008006e50       0x28 build/hardware_drivers//libhardware_drivers.a(ui_helpers.o)
                0x0000000008006e50                ViaUI::incrementModeAndStore(long, long, long, long)
 .text._ZN5ViaUI24defaultEnterMenuCallbackEv
                0x0000000008006e78        0x4 build/hardware_drivers//libhardware_drivers.a(ui_main.o)
                0x0000000008006e78                ViaUI::defaultEnterMenuCallback()
 .text._ZN5ViaUI24newModeEnterMenuCallbackEv
                0x0000000008006e7c        0x4 build/hardware_drivers//libhardware_drivers.a(ui_main.o)
                0x0000000008006e7c                ViaUI::newModeEnterMenuCallback()
 .text._ZN5ViaUI27newAuxModeEnterMenuCallbackEv
                0x0000000008006e80        0x4 build/hardware_drivers//libhardware_drivers.a(ui_main.o)
                0x0000000008006e80                ViaUI::newAuxModeEnterMenuCallback()
 .text._ZN5ViaUI23presetEnterMenuCallbackEv
                0x0000000008006e84        0x4 build/hardware_drivers//libhardware_drivers.a(ui_main.o)
                0x0000000008006e84                ViaUI::presetEnterMenuCallback()
 .text._ZN5ViaUI24button1EnterMenuCallbackEv
                0x0000000008006e88        0x4 build/hardware_drivers//libhardware_drivers.a(ui_main.o)
                0x0000000008006e88                ViaUI::button1EnterMenuCallback()
 .text._ZN5ViaUI24button2EnterMenuCallbackEv
                0x0000000008006e8c        0x4 build/hardware_drivers//libhardware_drivers.a(ui_main.o)
                0x0000000008006e8c                ViaUI::button2EnterMenuCallback()
 .text._ZN5ViaUI24button3EnterMenuCallbackEv
                0x0000000008006e90        0x4 build/hardware_drivers//libhardware_drivers.a(ui_main.o)
                0x0000000008006e90                ViaUI::button3EnterMenuCallback()
 .text._ZN5ViaUI24button4EnterMenuCallbackEv
                0x0000000008006e94        0x4 build/hardware_drivers//libhardware_drivers.a(ui_main.o)
                0x0000000008006e94                ViaUI::button4EnterMenuCallback()
 .text._ZN5ViaUI24button5EnterMenuCallbackEv
                0x0000000008006e98        0x4 build/hardware_drivers//libhardware_drivers.a(ui_main.o)
                0x0000000008006e98                ViaUI::button5EnterMenuCallback()
 .text._ZN5ViaUI24button6EnterMenuCallbackEv
                0x0000000008006e9c        0x4 build/hardware_drivers//libhardware_drivers.a(ui_main.o)
                0x0000000008006e9c                ViaUI::button6EnterMenuCallback()
 .text._ZN5ViaUI21aux1EnterMenuCallbackEv
                0x0000000008006ea0        0x4 build/hardware_drivers//libhardware_drivers.a(ui_main.o)
                0x0000000008006ea0                ViaUI::aux1EnterMenuCallback()
 .text._ZN5ViaUI21aux2EnterMenuCallbackEv
                0x0000000008006ea4        0x4 build/hardware_drivers//libhardware_drivers.a(ui_main.o)
                0x0000000008006ea4                ViaUI::aux2EnterMenuCallback()
 .text._ZN5ViaUI24aux2AltEnterMenuCallbackEv
                0x0000000008006ea8        0x4 build/hardware_drivers//libhardware_drivers.a(ui_main.o)
                0x0000000008006ea8                ViaUI::aux2AltEnterMenuCallback()
 .text._ZN5ViaUI21aux3EnterMenuCallbackEv
                0x0000000008006eac        0x4 build/hardware_drivers//libhardware_drivers.a(ui_main.o)
                0x0000000008006eac                ViaUI::aux3EnterMenuCallback()
 .text._ZN5ViaUI21aux4EnterMenuCallbackEv
                0x0000000008006eb0        0x4 build/hardware_drivers//libhardware_drivers.a(ui_main.o)
                0x0000000008006eb0                ViaUI::aux4EnterMenuCallback()
 .text._ZN5ViaUI15blinkOnCallbackEv
                0x0000000008006eb4        0x4 build/hardware_drivers//libhardware_drivers.a(ui_main.o)
                0x0000000008006eb4                ViaUI::blinkOnCallback()
 .text._ZN5ViaUI16blinkOffCallbackEv
                0x0000000008006eb8        0x4 build/hardware_drivers//libhardware_drivers.a(ui_main.o)
                0x0000000008006eb8                ViaUI::blinkOffCallback()
 .text._ZN5ViaUI9uiSetLEDsEi
                0x0000000008006ebc        0x4 build/hardware_drivers//libhardware_drivers.a(ui_main.o)
                0x0000000008006ebc                ViaUI::uiSetLEDs(int)
 .text._ZN5ViaUI17recallModuleStateEv
                0x0000000008006ec0        0x4 build/hardware_drivers//libhardware_drivers.a(ui_main.o)
                0x0000000008006ec0                ViaUI::recallModuleState()
 .text._ZN5ViaUI10transitionEMS_FvlE
                0x0000000008006ec4       0x4c build/hardware_drivers//libhardware_drivers.a(ui_main.o)
                0x0000000008006ec4                ViaUI::transition(void (ViaUI::*)(long))
 .text._ZN5ViaUI15aux4TapCallbackEv
                0x0000000008006f10       0x60 build/hardware_drivers//libhardware_drivers.a(ui_main.o)
                0x0000000008006f10                ViaUI::aux4TapCallback()
 .text._ZN5ViaUI16aux4HoldCallbackEv
                0x0000000008006f70       0x60 build/hardware_drivers//libhardware_drivers.a(ui_main.o)
                0x0000000008006f70                ViaUI::aux4HoldCallback()
 .text._ZN5ViaUI18button1TapCallbackEv
                0x0000000008006fd0       0x60 build/hardware_drivers//libhardware_drivers.a(ui_main.o)
                0x0000000008006fd0                ViaUI::button1TapCallback()
 .text._ZN5ViaUI19button1HoldCallbackEv
                0x0000000008007030       0x60 build/hardware_drivers//libhardware_drivers.a(ui_main.o)
                0x0000000008007030                ViaUI::button1HoldCallback()
 .text._ZN5ViaUI18button2TapCallbackEv
                0x0000000008007090       0x60 build/hardware_drivers//libhardware_drivers.a(ui_main.o)
                0x0000000008007090                ViaUI::button2TapCallback()
 .text._ZN5ViaUI19button2HoldCallbackEv
                0x00000000080070f0       0x60 build/hardware_drivers//libhardware_drivers.a(ui_main.o)
                0x00000000080070f0                ViaUI::button2HoldCallback()
 .text._ZN5ViaUI18button3TapCallbackEv
                0x0000000008007150       0x60 build/hardware_drivers//libhardware_drivers.a(ui_main.o)
                0x0000000008007150                ViaUI::button3TapCallback()
 .text._ZN5ViaUI19button3HoldCallbackEv
                0x00000000080071b0       0x60 build/hardware_drivers//libhardware_drivers.a(ui_main.o)
                0x00000000080071b0                ViaUI::button3HoldCallback()
 .text._ZN5ViaUI18button4TapCallbackEv
                0x0000000008007210       0x60 build/hardware_drivers//libhardware_drivers.a(ui_main.o)
                0x0000000008007210                ViaUI::button4TapCallback()
 .text._ZN5ViaUI19button4HoldCallbackEv
                0x0000000008007270       0x60 build/hardware_drivers//libhardware_drivers.a(ui_main.o)
                0x0000000008007270                ViaUI::button4HoldCallback()
 .text._ZN5ViaUI18aux2AltTapCallbackEv
                0x00000000080072d0       0x60 build/hardware_drivers//libhardware_drivers.a(ui_main.o)
                0x00000000080072d0                ViaUI::aux2AltTapCallback()
 .text._ZN5ViaUI19aux2AltHoldCallbackEv
                0x0000000008007330       0x60 build/hardware_drivers//libhardware_drivers.a(ui_main.o)
                0x0000000008007330                ViaUI::aux2AltHoldCallback()
 .text._ZN5ViaUI15aux3TapCallbackEv
                0x0000000008007390       0x60 build/hardware_drivers//libhardware_drivers.a(ui_main.o)
                0x0000000008007390                ViaUI::aux3TapCallback()
 .text._ZN5ViaUI16aux3HoldCallbackEv
                0x00000000080073f0       0x60 build/hardware_drivers//libhardware_drivers.a(ui_main.o)
                0x00000000080073f0                ViaUI::aux3HoldCallback()
 .text._ZN5ViaUI18button5TapCallbackEv
                0x0000000008007450       0x60 build/hardware_drivers//libhardware_drivers.a(ui_main.o)
                0x0000000008007450                ViaUI::button5TapCallback()
 .text._ZN5ViaUI19button5HoldCallbackEv
                0x00000000080074b0       0x60 build/hardware_drivers//libhardware_drivers.a(ui_main.o)
                0x00000000080074b0                ViaUI::button5HoldCallback()
 .text._ZN5ViaUI18button6TapCallbackEv
                0x0000000008007510       0x60 build/hardware_drivers//libhardware_drivers.a(ui_main.o)
                0x0000000008007510                ViaUI::button6TapCallback()
 .text._ZN5ViaUI19button6HoldCallbackEv
                0x0000000008007570       0x60 build/hardware_drivers//libhardware_drivers.a(ui_main.o)
                0x0000000008007570                ViaUI::button6HoldCallback()
 .text._ZN5ViaUI15aux1TapCallbackEv
                0x00000000080075d0       0x60 build/hardware_drivers//libhardware_drivers.a(ui_main.o)
                0x00000000080075d0                ViaUI::aux1TapCallback()
 .text._ZN5ViaUI16aux1HoldCallbackEv
                0x0000000008007630       0x60 build/hardware_drivers//libhardware_drivers.a(ui_main.o)
                0x0000000008007630                ViaUI::aux1HoldCallback()
 .text._ZN5ViaUI15aux2TapCallbackEv
                0x0000000008007690       0x60 build/hardware_drivers//libhardware_drivers.a(ui_main.o)
                0x0000000008007690                ViaUI::aux2TapCallback()
 .text._ZN5ViaUI16aux2HoldCallbackEv
                0x00000000080076f0       0x60 build/hardware_drivers//libhardware_drivers.a(ui_main.o)
                0x00000000080076f0                ViaUI::aux2HoldCallback()
 .text._ZN5ViaUI11defaultMenuEl
                0x0000000008007750      0x290 build/hardware_drivers//libhardware_drivers.a(ui_main.o)
                0x0000000008007750                ViaUI::defaultMenu(long)
 .text._ZN5ViaUI8dispatchEl
                0x00000000080079e0       0x1c build/hardware_drivers//libhardware_drivers.a(ui_main.o)
                0x00000000080079e0                ViaUI::dispatch(long)
 .text._ZN5ViaUI11newModeMenuEl
                0x00000000080079fc      0x310 build/hardware_drivers//libhardware_drivers.a(ui_main.o)
                0x00000000080079fc                ViaUI::newModeMenu(long)
 .text._ZN5ViaUI14newAuxModeMenuEl
                0x0000000008007d0c      0x250 build/hardware_drivers//libhardware_drivers.a(ui_main.o)
                0x0000000008007d0c                ViaUI::newAuxModeMenu(long)
 .text._ZN5ViaUI11aux2MenuAltEl
                0x0000000008007f5c      0x110 build/hardware_drivers//libhardware_drivers.a(ui_menus.o)
                0x0000000008007f5c                ViaUI::aux2MenuAlt(long)
 .text._ZN5ViaUI8aux2MenuEl
                0x000000000800806c      0x13c build/hardware_drivers//libhardware_drivers.a(ui_menus.o)
                0x000000000800806c                ViaUI::aux2Menu(long)
 .text._ZN5ViaUI8aux1MenuEl
                0x00000000080081a8      0x13c build/hardware_drivers//libhardware_drivers.a(ui_menus.o)
                0x00000000080081a8                ViaUI::aux1Menu(long)
 .text._ZN5ViaUI8aux3MenuEl
                0x00000000080082e4      0x13c build/hardware_drivers//libhardware_drivers.a(ui_menus.o)
                0x00000000080082e4                ViaUI::aux3Menu(long)
 .text._ZN5ViaUI8aux4MenuEl
                0x0000000008008420      0x13c build/hardware_drivers//libhardware_drivers.a(ui_menus.o)
                0x0000000008008420                ViaUI::aux4Menu(long)
 .text._ZN5ViaUI11button1MenuEl
                0x000000000800855c      0x138 build/hardware_drivers//libhardware_drivers.a(ui_menus.o)
                0x000000000800855c                ViaUI::button1Menu(long)
 .text._ZN5ViaUI11button2MenuEl
                0x0000000008008694      0x110 build/hardware_drivers//libhardware_drivers.a(ui_menus.o)
                0x0000000008008694                ViaUI::button2Menu(long)
 .text._ZN5ViaUI11button3MenuEl
                0x00000000080087a4      0x138 build/hardware_drivers//libhardware_drivers.a(ui_menus.o)
                0x00000000080087a4                ViaUI::button3Menu(long)
 .text._ZN5ViaUI11button4MenuEl
                0x00000000080088dc      0x138 build/hardware_drivers//libhardware_drivers.a(ui_menus.o)
                0x00000000080088dc                ViaUI::button4Menu(long)
 .text._ZN5ViaUI11button5MenuEl
                0x0000000008008a14      0x1d8 build/hardware_drivers//libhardware_drivers.a(ui_menus.o)
                0x0000000008008a14                ViaUI::button5Menu(long)
 .text._ZN5ViaUI11button6MenuEl
                0x0000000008008bec      0x13c build/hardware_drivers//libhardware_drivers.a(ui_menus.o)
                0x0000000008008bec                ViaUI::button6Menu(long)
 .text._ZN5ViaUI17presetPressedMenuEl
                0x0000000008008d28      0x148 build/hardware_drivers//libhardware_drivers.a(ui_presets.o)
                0x0000000008008d28                ViaUI::presetPressedMenu(long)
 .text._ZN5ViaUI12switchPresetEl
                0x0000000008008e70       0xa4 build/hardware_drivers//libhardware_drivers.a(ui_presets.o)
                0x0000000008008e70                ViaUI::switchPreset(long)
 .text._ZN5ViaUI9newPresetEl
                0x0000000008008f14       0x84 build/hardware_drivers//libhardware_drivers.a(ui_presets.o)
                0x0000000008008f14                ViaUI::newPreset(long)
 .text._ZN5ViaUI10presetMenuEl
                0x0000000008008f98      0x12c build/hardware_drivers//libhardware_drivers.a(ui_presets.o)
                0x0000000008008f98                ViaUI::presetMenu(long)
 .text._ZN5ViaUI22presetDoubleTappedMenuEl
                0x00000000080090c4      0x1f4 build/hardware_drivers//libhardware_drivers.a(ui_presets.o)
                0x00000000080090c4                ViaUI::presetDoubleTappedMenu(long)
 .text._ZN5ViaUI16overwritePresetsEl
                0x00000000080092b8       0x84 build/hardware_drivers//libhardware_drivers.a(ui_presets.o)
                0x00000000080092b8                ViaUI::overwritePresets(long)
 .text._ZN5ViaUI14loadFromEEPROMEl
                0x000000000800933c       0xac build/hardware_drivers//libhardware_drivers.a(ui_save_recall.o)
                0x000000000800933c                ViaUI::loadFromEEPROM(long)
 .text._ZN5ViaUI18storeStateToEEPROMEl
                0x00000000080093e8       0x34 build/hardware_drivers//libhardware_drivers.a(ui_save_recall.o)
                0x00000000080093e8                ViaUI::storeStateToEEPROM(long)
 .text._ZN5ViaUI13storeToEEPROMElm
                0x000000000800941c       0x30 build/hardware_drivers//libhardware_drivers.a(ui_save_recall.o)
                0x000000000800941c                ViaUI::storeToEEPROM(long, unsigned long)
 .text.MX_ADC1_Init
                0x000000000800944c       0xb8 build/hardware_drivers//libhardware_drivers.a(adc.o)
                0x000000000800944c                MX_ADC1_Init
 .text.HAL_ADC_MspInit
                0x0000000008009504       0x9c build/hardware_drivers//libhardware_drivers.a(adc.o)
                0x0000000008009504                HAL_ADC_MspInit
 .text.MX_DAC1_Init
                0x00000000080095a0       0x5c build/hardware_drivers//libhardware_drivers.a(dac.o)
                0x00000000080095a0                MX_DAC1_Init
 .text.MX_DAC2_Init
                0x00000000080095fc       0x48 build/hardware_drivers//libhardware_drivers.a(dac.o)
                0x00000000080095fc                MX_DAC2_Init
 .text.HAL_DAC_MspInit
                0x0000000008009644      0x174 build/hardware_drivers//libhardware_drivers.a(dac.o)
                0x0000000008009644                HAL_DAC_MspInit
 .text.MX_DMA_Init
                0x00000000080097b8       0x94 build/hardware_drivers//libhardware_drivers.a(dma.o)
                0x00000000080097b8                MX_DMA_Init
 .text.EE_Init  0x000000000800984c      0x3e0 build/hardware_drivers//libhardware_drivers.a(eeprom.o)
                0x000000000800984c                EE_Init
 .text.EE_ReadVariable
                0x0000000008009c2c       0x74 build/hardware_drivers//libhardware_drivers.a(eeprom.o)
                0x0000000008009c2c                EE_ReadVariable
 .text.EE_WriteVariable
                0x0000000008009ca0      0x268 build/hardware_drivers//libhardware_drivers.a(eeprom.o)
                0x0000000008009ca0                EE_WriteVariable
 .text.MX_GPIO_Init
                0x0000000008009f08      0x140 build/hardware_drivers//libhardware_drivers.a(gpio.o)
                0x0000000008009f08                MX_GPIO_Init
 .text.MX_SDADC1_Init
                0x000000000800a048       0xac build/hardware_drivers//libhardware_drivers.a(sdadc.o)
                0x000000000800a048                MX_SDADC1_Init
 .text.MX_SDADC2_Init
                0x000000000800a0f4       0xa8 build/hardware_drivers//libhardware_drivers.a(sdadc.o)
                0x000000000800a0f4                MX_SDADC2_Init
 .text.HAL_SDADC_MspInit
                0x000000000800a19c       0xf8 build/hardware_drivers//libhardware_drivers.a(sdadc.o)
                0x000000000800a19c                HAL_SDADC_MspInit
 .text.SystemInit
                0x000000000800a294       0x70 build/hardware_drivers//libhardware_drivers.a(system_stm32f3xx.o)
                0x000000000800a294                SystemInit
 .text.MX_TIM2_Init
                0x000000000800a304       0x70 build/hardware_drivers//libhardware_drivers.a(tim.o)
                0x000000000800a304                MX_TIM2_Init
 .text.MX_TIM3_Init
                0x000000000800a374       0xd4 build/hardware_drivers//libhardware_drivers.a(tim.o)
                0x000000000800a374                MX_TIM3_Init
 .text.MX_TIM4_Init
                0x000000000800a448       0xd4 build/hardware_drivers//libhardware_drivers.a(tim.o)
                0x000000000800a448                MX_TIM4_Init
 .text.MX_TIM5_Init
                0x000000000800a51c       0xd4 build/hardware_drivers//libhardware_drivers.a(tim.o)
                0x000000000800a51c                MX_TIM5_Init
 .text.MX_TIM6_Init
                0x000000000800a5f0       0x5c build/hardware_drivers//libhardware_drivers.a(tim.o)
                0x000000000800a5f0                MX_TIM6_Init
 .text.MX_TIM7_Init
                0x000000000800a64c       0x5c build/hardware_drivers//libhardware_drivers.a(tim.o)
                0x000000000800a64c                MX_TIM7_Init
 .text.MX_TIM12_Init
                0x000000000800a6a8       0x60 build/hardware_drivers//libhardware_drivers.a(tim.o)
                0x000000000800a6a8                MX_TIM12_Init
 .text.MX_TIM13_Init
                0x000000000800a708       0x40 build/hardware_drivers//libhardware_drivers.a(tim.o)
                0x000000000800a708                MX_TIM13_Init
 .text.MX_TIM16_Init
                0x000000000800a748       0x44 build/hardware_drivers//libhardware_drivers.a(tim.o)
                0x000000000800a748                MX_TIM16_Init
 .text.MX_TIM17_Init
                0x000000000800a78c       0x40 build/hardware_drivers//libhardware_drivers.a(tim.o)
                0x000000000800a78c                MX_TIM17_Init
 .text.MX_TIM18_Init
                0x000000000800a7cc       0x5c build/hardware_drivers//libhardware_drivers.a(tim.o)
                0x000000000800a7cc                MX_TIM18_Init
 .text.HAL_TIM_PWM_MspInit
                0x000000000800a828       0x74 build/hardware_drivers//libhardware_drivers.a(tim.o)
                0x000000000800a828                HAL_TIM_PWM_MspInit
 .text.HAL_TIM_Base_MspInit
                0x000000000800a89c      0x16c build/hardware_drivers//libhardware_drivers.a(tim.o)
                0x000000000800a89c                HAL_TIM_Base_MspInit
 .text.HAL_TIM_IC_MspInit
                0x000000000800aa08       0x5c build/hardware_drivers//libhardware_drivers.a(tim.o)
                0x000000000800aa08                HAL_TIM_IC_MspInit
 .text.MX_TOUCHSENSING_Init
                0x000000000800aa64        0x4 build/hardware_drivers//libhardware_drivers.a(touchsensing.o)
                0x000000000800aa64                MX_TOUCHSENSING_Init
 .text.MX_TSC_Init
                0x000000000800aa68       0x64 build/hardware_drivers//libhardware_drivers.a(tsc.o)
                0x000000000800aa68                MX_TSC_Init
 .text.HAL_TSC_MspInit
                0x000000000800aacc       0xb0 build/hardware_drivers//libhardware_drivers.a(tsc.o)
                0x000000000800aacc                HAL_TSC_MspInit
 .text.HAL_TSC_MspDeInit
                0x000000000800ab7c       0x4c build/hardware_drivers//libhardware_drivers.a(tsc.o)
                0x000000000800ab7c                HAL_TSC_MspDeInit
 .text.MyTKeys_OffStateProcess
                0x000000000800abc8        0x4 build/hardware_drivers//libhardware_drivers.a(tsl_user.o)
                0x000000000800abc8                MyTKeys_OffStateProcess
 .text.MyTKeys_ErrorStateProcess
                0x000000000800abcc        0x4 build/hardware_drivers//libhardware_drivers.a(tsl_user.o)
                0x000000000800abcc                MyTKeys_ErrorStateProcess
 .text.tsl_user_Init
                0x000000000800abd0       0x1c build/hardware_drivers//libhardware_drivers.a(tsl_user.o)
                0x000000000800abd0                tsl_user_Init
 .text.tsl_user_Exec
                0x000000000800abec       0xb0 build/hardware_drivers//libhardware_drivers.a(tsl_user.o)
                0x000000000800abec                tsl_user_Exec
 .text.TSL_acq_BankGetResult
                0x000000000800ac9c      0x188 build/hardware_drivers//libhardware_drivers.a(tsl_acq.o)
                0x000000000800ac9c                TSL_acq_BankGetResult
 .text.TSL_acq_BankConfig
                0x000000000800ae24       0x78 build/hardware_drivers//libhardware_drivers.a(tsl_acq_tsc.o)
                0x000000000800ae24                TSL_acq_BankConfig
 .text.TSL_acq_BankStartAcq
                0x000000000800ae9c       0x30 build/hardware_drivers//libhardware_drivers.a(tsl_acq_tsc.o)
                0x000000000800ae9c                TSL_acq_BankStartAcq
 .text.TSL_acq_BankWaitEOC
                0x000000000800aecc       0x18 build/hardware_drivers//libhardware_drivers.a(tsl_acq_tsc.o)
                0x000000000800aecc                TSL_acq_BankWaitEOC
 .text.TSL_acq_GetMeas
                0x000000000800aee4       0x18 build/hardware_drivers//libhardware_drivers.a(tsl_acq_tsc.o)
                0x000000000800aee4                TSL_acq_GetMeas
 .text.TSL_acq_ComputeDelta
                0x000000000800aefc        0x8 build/hardware_drivers//libhardware_drivers.a(tsl_acq_tsc.o)
                0x000000000800aefc                TSL_acq_ComputeDelta
 .text.TSL_acq_ComputeMeas
                0x000000000800af04        0x8 build/hardware_drivers//libhardware_drivers.a(tsl_acq_tsc.o)
                0x000000000800af04                TSL_acq_ComputeMeas
 .text.TSL_acq_CheckNoise
                0x000000000800af0c        0x4 build/hardware_drivers//libhardware_drivers.a(tsl_acq_tsc.o)
                0x000000000800af0c                TSL_acq_CheckNoise
 .text.TSL_acq_UseFilter
                0x000000000800af10        0x4 build/hardware_drivers//libhardware_drivers.a(tsl_acq_tsc.o)
                0x000000000800af10                TSL_acq_UseFilter
 .text.TSL_acq_TestReferenceOutOfRange
                0x000000000800af14        0x4 build/hardware_drivers//libhardware_drivers.a(tsl_acq_tsc.o)
                0x000000000800af14                TSL_acq_TestReferenceOutOfRange
 .text.TSL_acq_TestFirstReferenceIsValid
                0x000000000800af18        0x4 build/hardware_drivers//libhardware_drivers.a(tsl_acq_tsc.o)
                0x000000000800af18                TSL_acq_TestFirstReferenceIsValid
 .text.SoftDelay
                0x000000000800af1c       0x28 build/hardware_drivers//libhardware_drivers.a(tsl_acq_tsc.o)
 .text.TSL_Init
                0x000000000800af44       0x3c build/hardware_drivers//libhardware_drivers.a(tsl.o)
                0x000000000800af44                TSL_Init
 .text.TSL_dxs_FirstObj
                0x000000000800af80        0x4 build/hardware_drivers//libhardware_drivers.a(tsl_dxs.o)
                0x000000000800af80                TSL_dxs_FirstObj
 .text.TSL_ecs_ProcessK
                0x000000000800af84       0xd0 build/hardware_drivers//libhardware_drivers.a(tsl_ecs.o)
                0x000000000800af84                TSL_ecs_ProcessK
 .text.TSL_ecs_Process
                0x000000000800b054      0x114 build/hardware_drivers//libhardware_drivers.a(tsl_ecs.o)
                0x000000000800b054                TSL_ecs_Process
 .text.TSL_obj_GroupInit
                0x000000000800b168       0x78 build/hardware_drivers//libhardware_drivers.a(tsl_object.o)
                0x000000000800b168                TSL_obj_GroupInit
 .text.TSL_obj_GroupProcess
                0x000000000800b1e0       0x78 build/hardware_drivers//libhardware_drivers.a(tsl_object.o)
                0x000000000800b1e0                TSL_obj_GroupProcess
 .text.TSL_obj_SetGlobalObj
                0x000000000800b258       0x18 build/hardware_drivers//libhardware_drivers.a(tsl_object.o)
                0x000000000800b258                TSL_obj_SetGlobalObj
 .text.TSL_tim_CheckDelay_ms
                0x000000000800b270       0x50 build/hardware_drivers//libhardware_drivers.a(tsl_time.o)
                0x000000000800b270                TSL_tim_CheckDelay_ms
 .text.TSL_tkey_Init
                0x000000000800b2c0       0x80 build/hardware_drivers//libhardware_drivers.a(tsl_touchkey.o)
                0x000000000800b2c0                TSL_tkey_Init
 .text.TSL_tkey_Process
                0x000000000800b340       0x6c build/hardware_drivers//libhardware_drivers.a(tsl_touchkey.o)
                0x000000000800b340                TSL_tkey_Process
 .text.TSL_tkey_SetStateCalibration
                0x000000000800b3ac       0x5c build/hardware_drivers//libhardware_drivers.a(tsl_touchkey.o)
                0x000000000800b3ac                TSL_tkey_SetStateCalibration
 .text.TSL_tkey_DebReleaseDetectStateProcess
                0x000000000800b408       0x3c build/hardware_drivers//libhardware_drivers.a(tsl_touchkey.o)
                0x000000000800b408                TSL_tkey_DebReleaseDetectStateProcess
 .text.TSL_tkey_DebReleaseTouchStateProcess
                0x000000000800b444       0x3c build/hardware_drivers//libhardware_drivers.a(tsl_touchkey.o)
                0x000000000800b444                TSL_tkey_DebReleaseTouchStateProcess
 .text.TSL_tkey_ReleaseStateProcess
                0x000000000800b480       0xac build/hardware_drivers//libhardware_drivers.a(tsl_touchkey.o)
                0x000000000800b480                TSL_tkey_ReleaseStateProcess
 .text.TSL_tkey_DebCalibrationStateProcess
                0x000000000800b52c       0x88 build/hardware_drivers//libhardware_drivers.a(tsl_touchkey.o)
                0x000000000800b52c                TSL_tkey_DebCalibrationStateProcess
 .text.TSL_tkey_CalibrationStateProcess
                0x000000000800b5b4       0xcc build/hardware_drivers//libhardware_drivers.a(tsl_touchkey.o)
                0x000000000800b5b4                TSL_tkey_CalibrationStateProcess
 .text.TSL_tkey_DebDetectStateProcess
                0x000000000800b680       0x3c build/hardware_drivers//libhardware_drivers.a(tsl_touchkey.o)
                0x000000000800b680                TSL_tkey_DebDetectStateProcess
 .text.TSL_tkey_DetectStateProcess
                0x000000000800b6bc       0x48 build/hardware_drivers//libhardware_drivers.a(tsl_touchkey.o)
                0x000000000800b6bc                TSL_tkey_DetectStateProcess
 .text.TSL_tkey_TouchStateProcess
                0x000000000800b704       0x48 build/hardware_drivers//libhardware_drivers.a(tsl_touchkey.o)
                0x000000000800b704                TSL_tkey_TouchStateProcess
 .text.TSL_tkey_DebErrorStateProcess
                0x000000000800b74c       0xe8 build/hardware_drivers//libhardware_drivers.a(tsl_touchkey.o)
                0x000000000800b74c                TSL_tkey_DebErrorStateProcess
 .text._ZN11ViaControls6updateEv
                0x000000000800b834      0x148 build/hardware_drivers//libhardware_drivers.a(via_global_signals.o)
                0x000000000800b834                ViaControls::update()
 .text._ZN7ViaSync19calculateLogicAGateEl
                0x000000000800b97c       0x1c build/hardware_drivers//libhardware_drivers.a(sync_aux_outputs.o)
                0x000000000800b97c                ViaSync::calculateLogicAGate(long)
 .text._ZN7ViaSync20calculateLogicADeltaEl
                0x000000000800b998       0x8c build/hardware_drivers//libhardware_drivers.a(sync_aux_outputs.o)
                0x000000000800b998                ViaSync::calculateLogicADelta(long)
 .text._ZN7ViaSync19calculateDac3PhasorEl
                0x000000000800ba24       0xb4 build/hardware_drivers//libhardware_drivers.a(sync_aux_outputs.o)
                0x000000000800ba24                ViaSync::calculateDac3Phasor(long)
 .text._ZN7ViaSync20calculateDac3ContourEl
                0x000000000800bad8       0xc4 build/hardware_drivers//libhardware_drivers.a(sync_aux_outputs.o)
                0x000000000800bad8                ViaSync::calculateDac3Contour(long)
 .text._ZN7ViaSync16calculateSHMode1El
                0x000000000800bb9c       0x24 build/hardware_drivers//libhardware_drivers.a(sync_aux_outputs.o)
                0x000000000800bb9c                ViaSync::calculateSHMode1(long)
 .text._ZN7ViaSync16calculateSHMode2El
                0x000000000800bbc0       0x38 build/hardware_drivers//libhardware_drivers.a(sync_aux_outputs.o)
                0x000000000800bbc0                ViaSync::calculateSHMode2(long)
 .text._ZN7ViaSync16calculateSHMode3El
                0x000000000800bbf8       0x58 build/hardware_drivers//libhardware_drivers.a(sync_aux_outputs.o)
                0x000000000800bbf8                ViaSync::calculateSHMode3(long)
 .text._ZN7ViaSync23handleButton1ModeChangeEl
                0x000000000800bc50       0x58 build/hardware_drivers//libhardware_drivers.a(sync_modes.o)
                0x000000000800bc50                ViaSync::handleButton1ModeChange(long)
 .text._ZN7ViaSync23handleButton2ModeChangeEl
                0x000000000800bca8       0x68 build/hardware_drivers//libhardware_drivers.a(sync_modes.o)
                0x000000000800bca8                ViaSync::handleButton2ModeChange(long)
 .text._ZN7ViaSync23handleButton3ModeChangeEl
                0x000000000800bd10       0x98 build/hardware_drivers//libhardware_drivers.a(sync_modes.o)
                0x000000000800bd10                ViaSync::handleButton3ModeChange(long)
 .text._ZN7ViaSync23handleButton4ModeChangeEl
                0x000000000800bda8       0x84 build/hardware_drivers//libhardware_drivers.a(sync_modes.o)
                0x000000000800bda8                ViaSync::handleButton4ModeChange(long)
 .text._ZN7ViaSync23handleButton5ModeChangeEl
                0x000000000800be2c       0x90 build/hardware_drivers//libhardware_drivers.a(sync_modes.o)
                0x000000000800be2c                ViaSync::handleButton5ModeChange(long)
 .text._ZN7ViaSync23handleButton6ModeChangeEl
                0x000000000800bebc       0x2c build/hardware_drivers//libhardware_drivers.a(sync_modes.o)
                0x000000000800bebc                ViaSync::handleButton6ModeChange(long)
 .text._ZN7ViaSync20handleAux1ModeChangeEl
                0x000000000800bee8       0x3c build/hardware_drivers//libhardware_drivers.a(sync_modes.o)
                0x000000000800bee8                ViaSync::handleAux1ModeChange(long)
 .text._ZN7ViaSync20handleAux2ModeChangeEl
                0x000000000800bf24       0x3c build/hardware_drivers//libhardware_drivers.a(sync_modes.o)
                0x000000000800bf24                ViaSync::handleAux2ModeChange(long)
 .text._ZN7ViaSync20handleAux3ModeChangeEl
                0x000000000800bf60       0x3c build/hardware_drivers//libhardware_drivers.a(sync_modes.o)
                0x000000000800bf60                ViaSync::handleAux3ModeChange(long)
 .text._ZN7ViaSync20handleAux4ModeChangeEl
                0x000000000800bf9c       0x2c build/hardware_drivers//libhardware_drivers.a(sync_modes.o)
                0x000000000800bf9c                ViaSync::handleAux4ModeChange(long)
 .text._ZdlPv   0x000000000800bfc8        0x4 /usr/local/gcc-arm-none-eabi-7-2017-q4-major/bin/../lib/gcc/arm-none-eabi/7.2.1/../../../../arm-none-eabi/lib/thumb/v7e-m/fpv4-sp/hard/libstdc++_nano.a(del_op.o)
                0x000000000800bfc8                operator delete(void*)
 .text.__libc_init_array
                0x000000000800bfcc       0x48 /usr/local/gcc-arm-none-eabi-7-2017-q4-major/bin/../lib/gcc/arm-none-eabi/7.2.1/../../../../arm-none-eabi/lib/thumb/v7e-m/fpv4-sp/hard/libc_nano.a(lib_a-init.o)
                0x000000000800bfcc                __libc_init_array
 .text.malloc   0x000000000800c014       0x10 /usr/local/gcc-arm-none-eabi-7-2017-q4-major/bin/../lib/gcc/arm-none-eabi/7.2.1/../../../../arm-none-eabi/lib/thumb/v7e-m/fpv4-sp/hard/libc_nano.a(lib_a-malloc.o)
                0x000000000800c014                malloc
 .text.free     0x000000000800c024       0x10 /usr/local/gcc-arm-none-eabi-7-2017-q4-major/bin/../lib/gcc/arm-none-eabi/7.2.1/../../../../arm-none-eabi/lib/thumb/v7e-m/fpv4-sp/hard/libc_nano.a(lib_a-malloc.o)
                0x000000000800c024                free
 .text.memcpy   0x000000000800c034       0x16 /usr/local/gcc-arm-none-eabi-7-2017-q4-major/bin/../lib/gcc/arm-none-eabi/7.2.1/../../../../arm-none-eabi/lib/thumb/v7e-m/fpv4-sp/hard/libc_nano.a(lib_a-memcpy-stub.o)
                0x000000000800c034                memcpy
 .text.memset   0x000000000800c04a       0x10 /usr/local/gcc-arm-none-eabi-7-2017-q4-major/bin/../lib/gcc/arm-none-eabi/7.2.1/../../../../arm-none-eabi/lib/thumb/v7e-m/fpv4-sp/hard/libc_nano.a(lib_a-memset.o)
                0x000000000800c04a                memset
 *fill*         0x000000000800c05a        0x2 
 .text._free_r  0x000000000800c05c       0x9c /usr/local/gcc-arm-none-eabi-7-2017-q4-major/bin/../lib/gcc/arm-none-eabi/7.2.1/../../../../arm-none-eabi/lib/thumb/v7e-m/fpv4-sp/hard/libc_nano.a(lib_a-nano-freer.o)
                0x000000000800c05c                _free_r
 .text._malloc_r
                0x000000000800c0f8       0xb4 /usr/local/gcc-arm-none-eabi-7-2017-q4-major/bin/../lib/gcc/arm-none-eabi/7.2.1/../../../../arm-none-eabi/lib/thumb/v7e-m/fpv4-sp/hard/libc_nano.a(lib_a-nano-mallocr.o)
                0x000000000800c0f8                _malloc_r
 .text._sbrk_r  0x000000000800c1ac       0x20 /usr/local/gcc-arm-none-eabi-7-2017-q4-major/bin/../lib/gcc/arm-none-eabi/7.2.1/../../../../arm-none-eabi/lib/thumb/v7e-m/fpv4-sp/hard/libc_nano.a(lib_a-sbrkr.o)
                0x000000000800c1ac                _sbrk_r
 .text.__malloc_lock
                0x000000000800c1cc        0x2 /usr/local/gcc-arm-none-eabi-7-2017-q4-major/bin/../lib/gcc/arm-none-eabi/7.2.1/../../../../arm-none-eabi/lib/thumb/v7e-m/fpv4-sp/hard/libc_nano.a(lib_a-mlock.o)
                0x000000000800c1cc                __malloc_lock
 .text.__malloc_unlock
                0x000000000800c1ce        0x2 /usr/local/gcc-arm-none-eabi-7-2017-q4-major/bin/../lib/gcc/arm-none-eabi/7.2.1/../../../../arm-none-eabi/lib/thumb/v7e-m/fpv4-sp/hard/libc_nano.a(lib_a-mlock.o)
                0x000000000800c1ce                __malloc_unlock
 .text._sbrk    0x000000000800c1d0       0x1c /usr/local/gcc-arm-none-eabi-7-2017-q4-major/bin/../lib/gcc/arm-none-eabi/7.2.1/../../../../arm-none-eabi/lib/thumb/v7e-m/fpv4-sp/hard/libnosys.a(sbrk.o)
                0x000000000800c1d0                _sbrk
 *(.glue_7)
 .glue_7        0x000000000800c1ec        0x0 linker stubs
 *(.glue_7t)
 .glue_7t       0x000000000800c1ec        0x0 linker stubs
 *(.eh_frame)
 .eh_frame      0x000000000800c1ec        0x0 /usr/local/gcc-arm-none-eabi-7-2017-q4-major/bin/../lib/gcc/arm-none-eabi/7.2.1/thumb/v7e-m/fpv4-sp/hard/crtbegin.o
 *(.init)
 .init          0x000000000800c1ec        0x4 /usr/local/gcc-arm-none-eabi-7-2017-q4-major/bin/../lib/gcc/arm-none-eabi/7.2.1/thumb/v7e-m/fpv4-sp/hard/crti.o
                0x000000000800c1ec                _init
 .init          0x000000000800c1f0        0x8 /usr/local/gcc-arm-none-eabi-7-2017-q4-major/bin/../lib/gcc/arm-none-eabi/7.2.1/thumb/v7e-m/fpv4-sp/hard/crtn.o
 *(.fini)
 .fini          0x000000000800c1f8        0x4 /usr/local/gcc-arm-none-eabi-7-2017-q4-major/bin/../lib/gcc/arm-none-eabi/7.2.1/thumb/v7e-m/fpv4-sp/hard/crti.o
                0x000000000800c1f8                _fini
 .fini          0x000000000800c1fc        0x8 /usr/local/gcc-arm-none-eabi-7-2017-q4-major/bin/../lib/gcc/arm-none-eabi/7.2.1/thumb/v7e-m/fpv4-sp/hard/crtn.o
                0x000000000800c204                . = ALIGN (0x4)
                0x000000000800c204                _etext = .

.vfp11_veneer   0x000000000800c204        0x0
 .vfp11_veneer  0x000000000800c204        0x0 linker stubs

.v4_bx          0x000000000800c204        0x0
 .v4_bx         0x000000000800c204        0x0 linker stubs

.iplt           0x000000000800c204        0x0
 .iplt          0x000000000800c204        0x0 /usr/local/gcc-arm-none-eabi-7-2017-q4-major/bin/../lib/gcc/arm-none-eabi/7.2.1/thumb/v7e-m/fpv4-sp/hard/crtbegin.o

.rodata         0x000000000800c204    0x3125c
                0x000000000800c204                . = ALIGN (0x4)
 *(.rodata)
 .rodata        0x000000000800c204      0x128 build/sync/main.o
 .rodata        0x000000000800c32c       0x20 build/sync/stm32f3xx_hal_rcc.o
                0x000000000800c32c                aPLLMULFactorTable
                0x000000000800c33c                aPredivFactorTable
 *(.rodata*)
 .rodata._ZL17phaseModPWMTables
                0x000000000800c34c     0x2184 build/hardware_drivers//libhardware_drivers.a(sync_interrupt_handlers.o)
 .rodata._ZL10ratio112_5
                0x000000000800e4d0        0xc build/hardware_drivers//libhardware_drivers.a(sync_scales.o)
 .rodata._ZL10ratio11_13
                0x000000000800e4dc        0xc build/hardware_drivers//libhardware_drivers.a(sync_scales.o)
 .rodata._ZL10ratio11_14
                0x000000000800e4e8        0xc build/hardware_drivers//libhardware_drivers.a(sync_scales.o)
 .rodata._ZL10ratio11_15
                0x000000000800e4f4        0xc build/hardware_drivers//libhardware_drivers.a(sync_scales.o)
 .rodata._ZL10ratio11_16
                0x000000000800e500        0xc build/hardware_drivers//libhardware_drivers.a(sync_scales.o)
 .rodata._ZL10ratio11_17
                0x000000000800e50c        0xc build/hardware_drivers//libhardware_drivers.a(sync_scales.o)
 .rodata._ZL10ratio11_28
                0x000000000800e518        0xc build/hardware_drivers//libhardware_drivers.a(sync_scales.o)
 .rodata._ZL10ratio11_32
                0x000000000800e524        0xc build/hardware_drivers//libhardware_drivers.a(sync_scales.o)
 .rodata._ZL10ratio11_56
                0x000000000800e530        0xc build/hardware_drivers//libhardware_drivers.a(sync_scales.o)
 .rodata._ZL10ratio11_64
                0x000000000800e53c        0xc build/hardware_drivers//libhardware_drivers.a(sync_scales.o)
 .rodata._ZL10ratio128_3
                0x000000000800e548        0xc build/hardware_drivers//libhardware_drivers.a(sync_scales.o)
 .rodata._ZL10ratio128_5
                0x000000000800e554        0xc build/hardware_drivers//libhardware_drivers.a(sync_scales.o)
 .rodata._ZL10ratio128_9
                0x000000000800e560        0xc build/hardware_drivers//libhardware_drivers.a(sync_scales.o)
 .rodata._ZL10ratio135_4
                0x000000000800e56c        0xc build/hardware_drivers//libhardware_drivers.a(sync_scales.o)
 .rodata._ZL10ratio135_7
                0x000000000800e578        0xc build/hardware_drivers//libhardware_drivers.a(sync_scales.o)
 .rodata._ZL10ratio13_11
                0x000000000800e584        0xc build/hardware_drivers//libhardware_drivers.a(sync_scales.o)
 .rodata._ZL10ratio13_15
                0x000000000800e590        0xc build/hardware_drivers//libhardware_drivers.a(sync_scales.o)
 .rodata._ZL10ratio13_16
                0x000000000800e59c        0xc build/hardware_drivers//libhardware_drivers.a(sync_scales.o)
 .rodata._ZL10ratio13_17
                0x000000000800e5a8        0xc build/hardware_drivers//libhardware_drivers.a(sync_scales.o)
 .rodata._ZL10ratio13_32
                0x000000000800e5b4        0xc build/hardware_drivers//libhardware_drivers.a(sync_scales.o)
 .rodata._ZL10ratio13_64
                0x000000000800e5c0        0xc build/hardware_drivers//libhardware_drivers.a(sync_scales.o)
 .rodata._ZL10ratio144_5
                0x000000000800e5cc        0xc build/hardware_drivers//libhardware_drivers.a(sync_scales.o)
 .rodata._ZL10ratio144_7
                0x000000000800e5d8        0xc build/hardware_drivers//libhardware_drivers.a(sync_scales.o)
 .rodata._ZL10ratio15_11
                0x000000000800e5e4        0xc build/hardware_drivers//libhardware_drivers.a(sync_scales.o)
 .rodata._ZL10ratio15_13
                0x000000000800e5f0        0xc build/hardware_drivers//libhardware_drivers.a(sync_scales.o)
 .rodata._ZL10ratio15_16
                0x000000000800e5fc        0xc build/hardware_drivers//libhardware_drivers.a(sync_scales.o)
 .rodata._ZL10ratio15_17
                0x000000000800e608        0xc build/hardware_drivers//libhardware_drivers.a(sync_scales.o)
 .rodata._ZL10ratio15_32
                0x000000000800e614        0xc build/hardware_drivers//libhardware_drivers.a(sync_scales.o)
 .rodata._ZL10ratio15_64
                0x000000000800e620        0xc build/hardware_drivers//libhardware_drivers.a(sync_scales.o)
 .rodata._ZL10ratio160_7
                0x000000000800e62c        0xc build/hardware_drivers//libhardware_drivers.a(sync_scales.o)
 .rodata._ZL10ratio160_9
                0x000000000800e638        0xc build/hardware_drivers//libhardware_drivers.a(sync_scales.o)
 .rodata._ZL10ratio176_7
                0x000000000800e644        0xc build/hardware_drivers//libhardware_drivers.a(sync_scales.o)
 .rodata._ZL10ratio17_11
                0x000000000800e650        0xc build/hardware_drivers//libhardware_drivers.a(sync_scales.o)
 .rodata._ZL10ratio17_13
                0x000000000800e65c        0xc build/hardware_drivers//libhardware_drivers.a(sync_scales.o)
 .rodata._ZL10ratio17_15
                0x000000000800e668        0xc build/hardware_drivers//libhardware_drivers.a(sync_scales.o)
 .rodata._ZL10ratio17_16
                0x000000000800e674        0xc build/hardware_drivers//libhardware_drivers.a(sync_scales.o)
 .rodata._ZL10ratio17_32
                0x000000000800e680        0xc build/hardware_drivers//libhardware_drivers.a(sync_scales.o)
 .rodata._ZL10ratio17_64
                0x000000000800e68c        0xc build/hardware_drivers//libhardware_drivers.a(sync_scales.o)
 .rodata._ZL10ratio189_5
                0x000000000800e698        0xc build/hardware_drivers//libhardware_drivers.a(sync_scales.o)
 .rodata._ZL10ratio192_5
                0x000000000800e6a4        0xc build/hardware_drivers//libhardware_drivers.a(sync_scales.o)
 .rodata._ZL10ratio192_7
                0x000000000800e6b0        0xc build/hardware_drivers//libhardware_drivers.a(sync_scales.o)
 .rodata._ZL10ratio19_16
                0x000000000800e6bc        0xc build/hardware_drivers//libhardware_drivers.a(sync_scales.o)
 .rodata._ZL10ratio19_32
                0x000000000800e6c8        0xc build/hardware_drivers//libhardware_drivers.a(sync_scales.o)
 .rodata._ZL10ratio19_64
                0x000000000800e6d4        0xc build/hardware_drivers//libhardware_drivers.a(sync_scales.o)
 .rodata._ZL10ratio1_1_4
                0x000000000800e6e0        0xc build/hardware_drivers//libhardware_drivers.a(sync_scales.o)
 .rodata._ZL10ratio1_1_8
                0x000000000800e6ec        0xc build/hardware_drivers//libhardware_drivers.a(sync_scales.o)
 .rodata._ZL10ratio1_2_4
                0x000000000800e6f8        0xc build/hardware_drivers//libhardware_drivers.a(sync_scales.o)
 .rodata._ZL10ratio1_2_8
                0x000000000800e704        0xc build/hardware_drivers//libhardware_drivers.a(sync_scales.o)
 .rodata._ZL10ratio1_3_8
                0x000000000800e710        0xc build/hardware_drivers//libhardware_drivers.a(sync_scales.o)
 .rodata._ZL10ratio1_4_8
                0x000000000800e71c        0xc build/hardware_drivers//libhardware_drivers.a(sync_scales.o)
 .rodata._ZL10ratio21_25
                0x000000000800e728        0xc build/hardware_drivers//libhardware_drivers.a(sync_scales.o)
 .rodata._ZL10ratio225_7
                0x000000000800e734        0xc build/hardware_drivers//libhardware_drivers.a(sync_scales.o)
 .rodata._ZL10ratio243_7
                0x000000000800e740        0xc build/hardware_drivers//libhardware_drivers.a(sync_scales.o)
 .rodata._ZL10ratio256_9
                0x000000000800e74c        0xc build/hardware_drivers//libhardware_drivers.a(sync_scales.o)
 .rodata._ZL10ratio25_18
                0x000000000800e758        0xc build/hardware_drivers//libhardware_drivers.a(sync_scales.o)
 .rodata._ZL10ratio25_21
                0x000000000800e764        0xc build/hardware_drivers//libhardware_drivers.a(sync_scales.o)
 .rodata._ZL10ratio25_27
                0x000000000800e770        0xc build/hardware_drivers//libhardware_drivers.a(sync_scales.o)
 .rodata._ZL10ratio25_49
                0x000000000800e77c        0xc build/hardware_drivers//libhardware_drivers.a(sync_scales.o)
 .rodata._ZL10ratio25_63
                0x000000000800e788        0xc build/hardware_drivers//libhardware_drivers.a(sync_scales.o)
 .rodata._ZL10ratio25_81
                0x000000000800e794        0xc build/hardware_drivers//libhardware_drivers.a(sync_scales.o)
 .rodata._ZL10ratio27_16
                0x000000000800e7a0        0xc build/hardware_drivers//libhardware_drivers.a(sync_scales.o)
 .rodata._ZL10ratio27_25
                0x000000000800e7ac        0xc build/hardware_drivers//libhardware_drivers.a(sync_scales.o)
 .rodata._ZL10ratio27_32
                0x000000000800e7b8        0xc build/hardware_drivers//libhardware_drivers.a(sync_scales.o)
 .rodata._ZL10ratio27_64
                0x000000000800e7c4        0xc build/hardware_drivers//libhardware_drivers.a(sync_scales.o)
 .rodata._ZL10ratio2_1_4
                0x000000000800e7d0        0xc build/hardware_drivers//libhardware_drivers.a(sync_scales.o)
 .rodata._ZL10ratio2_1_8
                0x000000000800e7dc        0xc build/hardware_drivers//libhardware_drivers.a(sync_scales.o)
 .rodata._ZL10ratio2_3_8
                0x000000000800e7e8        0xc build/hardware_drivers//libhardware_drivers.a(sync_scales.o)
 .rodata._ZL10ratio320_9
                0x000000000800e7f4        0xc build/hardware_drivers//libhardware_drivers.a(sync_scales.o)
 .rodata._ZL10ratio36_25
                0x000000000800e800        0xc build/hardware_drivers//libhardware_drivers.a(sync_scales.o)
 .rodata._ZL10ratio3_112
                0x000000000800e80c        0xc build/hardware_drivers//libhardware_drivers.a(sync_scales.o)